AndroidPlatformFactory.RegisterBuildPlatforms: UnrealBuildTool.AndroidPlatformSDK has no valid SDK
IOSPlatformFactory.RegisterBuildPlatforms: UnrealBuildTool.IOSPlatformSDK has no valid SDK
LinuxPlatformFactory.RegisterBuildPlatforms: UnrealBuildTool.LinuxPlatformSDK has no valid SDK
WindowsPlatformFactory.RegisterBuildPlatforms: UnrealBuildTool.WindowsPlatformSDK using manually installed SDK
ProjectFileGenerator.GenerateProjectFiles: Discovering modules, targets and source code for project...
WindowsPlatform.FindVisualStudioInstallations: Found Visual Studio installation: C:\Program Files (x86)\Microsoft Visual Studio\2019\Community (Product=Microsoft.VisualStudio.Product.Community, Version=16.11.36422.26)
WindowsPlatform.FindVisualStudioToolChains: Found Visual Studio toolchain: C:\Program Files (x86)\Microsoft Visual Studio\2019\Community\VC\Tools\MSVC\14.29.30133 (Version=14.29.30159)
WindowsPlatform.FindVisualStudioToolChains: Found Visual Studio toolchain: C:\Program Files (x86)\Microsoft Visual Studio\2019\Community\VC\Tools\MSVC\14.29.30133 (Version=14.29.30133)
WindowsPlatform.EnumerateSdkRootDirs: Found Windows 10 SDK root at C:\Program Files (x86)\Windows Kits\10 (1)
UnrealBuildTool.Main: ERROR: Windows SDK must be installed in order to build this target.
UnrealBuildTool.Main: BuildException: Windows SDK must be installed in order to build this target.
UnrealBuildTool.Main:    場所 UnrealBuildTool.VCEnvironment.Create(WindowsCompiler Compiler, UnrealTargetPlatform Platform, WindowsArchitecture Architecture, String CompilerVersion, String WindowsSdkVersion, String SuppliedSdkDirectoryForVersion) 場所 D:\Build\++UE4\Sync\Engine\Source\Programs\UnrealBuildTool\Platform\Windows\VCEnvironment.cs:行 491
UnrealBuildTool.Main:    場所 UnrealBuildTool.WindowsPlatform.CreateVCEnvironment(TargetRules Target) 場所 D:\Build\++UE4\Sync\Engine\Source\Programs\UnrealBuildTool\Platform\Windows\UEBuildWindows.cs:行 796
UnrealBuildTool.Main:    場所 UnrealBuildTool.WindowsPlatform.ValidateTarget(TargetRules Target) 場所 D:\Build\++UE4\Sync\Engine\Source\Programs\UnrealBuildTool\Platform\Windows\UEBuildWindows.cs:行 878
UnrealBuildTool.Main:    場所 UnrealBuildTool.RulesAssembly.CreateTargetRulesInstance(String TypeName, TargetInfo TargetInfo) 場所 D:\Build\++UE4\Sync\Engine\Source\Programs\UnrealBuildTool\System\RulesAssembly.cs:行 599
UnrealBuildTool.Main:    場所 UnrealBuildTool.RulesAssembly.CreateTargetRules(String TargetName, UnrealTargetPlatform Platform, UnrealTargetConfiguration Configuration, String Architecture, FileReference ProjectFile, CommandLineArguments Arguments) 場所 D:\Build\++UE4\Sync\Engine\Source\Programs\UnrealBuildTool\System\RulesAssembly.cs:行 659
UnrealBuildTool.Main:    場所 UnrealBuildTool.ProjectFileGenerator.AddProjectsForAllTargets(PlatformProjectGeneratorCollection PlatformProjectGenerators, List`1 AllGames, List`1 AllTargetFiles, String[] Arguments, ProjectFile& EngineProject, ProjectFile& EnterpriseProject, List`1& GameProjects, Dictionary`2& ProgramProjects) 場所 D:\Build\++UE4\Sync\Engine\Source\Programs\UnrealBuildTool\ProjectFiles\ProjectFileGenerator.cs:行 2339
UnrealBuildTool.Main:    場所 UnrealBuildTool.ProjectFileGenerator.GenerateProjectFiles(PlatformProjectGeneratorCollection PlatformProjectGenerators, String[] Arguments) 場所 D:\Build\++UE4\Sync\Engine\Source\Programs\UnrealBuildTool\ProjectFiles\ProjectFileGenerator.cs:行 774
UnrealBuildTool.Main:    場所 UnrealBuildTool.GenerateProjectFilesMode.Execute(CommandLineArguments Arguments) 場所 D:\Build\++UE4\Sync\Engine\Source\Programs\UnrealBuildTool\Modes\GenerateProjectFilesMode.cs:行 208
UnrealBuildTool.Main:    場所 UnrealBuildTool.UnrealBuildTool.Main(String[] ArgumentsArray) 場所 D:\Build\++UE4\Sync\Engine\Source\Programs\UnrealBuildTool\UnrealBuildTool.cs:行 557
Timeline.Print: Timeline:
Timeline.Print: 
Timeline.Print: [ 0.000]
Timeline.Print: [ 0.000](+0.037) <unknown>
Timeline.Print: [ 0.037](+0.108) XmlConfig.ReadConfigFiles()
Timeline.Print: [ 0.146](+0.000) SingleInstanceMutex.Acquire()
Timeline.Print: [ 0.146](+0.066) UEBuildPlatform.RegisterPlatforms()
Timeline.Print:   0.146          [ 0.000](+0.032) Initializing InstalledPlatformInfo
Timeline.Print:   0.179          [ 0.033](+0.000) Querying types
Timeline.Print:   0.181          [ 0.035](+0.001) MacPlatformFactory
Timeline.Print:   0.182          [ 0.036](+0.000) TVOSPlatformFactory
Timeline.Print:   0.183          [ 0.036](+0.019) AndroidPlatformFactory
Timeline.Print:   0.202          [ 0.056](+0.000) HoloLensPlatformFactory
Timeline.Print:   0.202          [ 0.056](+0.003) IOSPlatformFactory
Timeline.Print:   0.206          [ 0.060](+0.004) LinuxPlatformFactory
Timeline.Print:   0.211          [ 0.065](+0.000) LuminPlatformFactory
Timeline.Print:   0.211          [ 0.065](+0.000) WindowsPlatformFactory
Timeline.Print: [ 0.212](+0.384) <unknown>
Timeline.Print: [ 0.597](+0.002) Finding engine modules
Timeline.Print: [ 0.600](+0.003) Finding plugin modules
Timeline.Print: [ 0.603](+0.037) <unknown>
Timeline.Print: [ 0.640](+0.000) Finding program modules
Timeline.Print: [ 0.640](+0.000) Finding program targets
Timeline.Print: [ 0.640](+0.061) <unknown>
Timeline.Print: [ 0.702](+0.000) FileMetadataPrefetch.Stop()
Timeline.Print: [ 0.705]
