Log file open, 08/21/26 13:46:12
LogWindows: Failed to load 'aqProf.dll' (GetLastError=126)
LogWindows: File 'aqProf.dll' does not exist
LogWindows: Failed to load 'VtuneApi.dll' (GetLastError=126)
LogWindows: File 'VtuneApi.dll' does not exist
LogWindows: Failed to load 'VtuneApi32e.dll' (GetLastError=126)
LogWindows: File 'VtuneApi32e.dll' does not exist
LogConsoleResponse: Display: Failed to find resolution value strings in scalability ini. Falling back to default.
LogConsoleResponse: Display: Failed to find resolution value strings in scalability ini. Falling back to default.
LogInit: Display: Running engine for game: MyProject3
LogPlatformFile: Not using cached read wrapper
LogTaskGraph: Started task graph with 5 named threads and 71 total threads with 3 sets of task threads.
LogStats: Stats thread started at 0.266903
LogICUInternationalization: ICU TimeZone Detection - Raw Offset: +9:00, Platform Override: ''
LogInit: Display: Loading text-based GConfig....
LogPluginManager: Mounting plugin MeshPainting
LogPluginManager: Mounting plugin XGEController
LogPluginManager: Mounting plugin Paper2D
LogPluginManager: Mounting plugin AISupport
LogPluginManager: Mounting plugin EnvironmentQueryEditor
LogPluginManager: Mounting plugin LightPropagationVolume
LogPluginManager: Mounting plugin LiveLink
LogPluginManager: Mounting plugin CameraShakePreviewer
LogPluginManager: Mounting plugin GameplayCameras
LogPluginManager: Mounting plugin OodleData
LogPluginManager: Mounting plugin OodleNetwork
LogPluginManager: Mounting plugin CLionSourceCodeAccess
LogPluginManager: Mounting plugin GitSourceControl
LogPluginManager: Mounting plugin AnimationSharing
LogPluginManager: Mounting plugin PerforceSourceControl
LogPluginManager: Mounting plugin PixWinPlugin
LogPluginManager: Mounting plugin PlasticSourceControl
LogPluginManager: Mounting plugin PropertyAccessNode
LogPluginManager: Mounting plugin SubversionSourceControl
LogPluginManager: Mounting plugin PluginUtils
LogPluginManager: Mounting plugin CodeLiteSourceCodeAccess
LogPluginManager: Mounting plugin RiderSourceCodeAccess
LogPluginManager: Mounting plugin NullSourceCodeAccess
LogPluginManager: Mounting plugin VisualStudioCodeSourceCodeAccess
LogPluginManager: Mounting plugin VisualStudioSourceCodeAccess
LogPluginManager: Mounting plugin KDevelopSourceCodeAccess
LogPluginManager: Mounting plugin UObjectPlugin
LogPluginManager: Mounting plugin Niagara
LogPluginManager: Mounting plugin TextureFormatOodle
LogPluginManager: Mounting plugin DataValidation
LogPluginManager: Mounting plugin CurveEditorTools
LogPluginManager: Mounting plugin CryptoKeys
LogPluginManager: Mounting plugin AssetManagerEditor
LogPluginManager: Mounting plugin GameplayTagsEditor
LogPluginManager: Mounting plugin GeometryMode
LogPluginManager: Mounting plugin FacialAnimation
LogPluginManager: Mounting plugin MaterialAnalyzer
LogPluginManager: Mounting plugin PluginBrowser
LogPluginManager: Mounting plugin MobileLauncherProfileWizard
LogPluginManager: Mounting plugin XCodeSourceCodeAccess
LogPluginManager: Mounting plugin SpeedTreeImporter
LogPluginManager: Mounting plugin AutomationUtils
LogPluginManager: Mounting plugin BackChannel
LogPluginManager: Mounting plugin AlembicImporter
LogPluginManager: Mounting plugin ChaosEditor
LogPluginManager: Mounting plugin ChaosCloth
LogPluginManager: Mounting plugin ChaosClothEditor
LogPluginManager: Mounting plugin CharacterAI
LogPluginManager: Mounting plugin ChaosNiagara
LogPluginManager: Mounting plugin ChaosSolverPlugin
LogPluginManager: Mounting plugin MacGraphicsSwitching
LogPluginManager: Mounting plugin GeometryCache
LogPluginManager: Mounting plugin GeometryProcessing
LogPluginManager: Mounting plugin GeometryCollectionPlugin
LogPluginManager: Mounting plugin MotoSynth
LogPluginManager: Mounting plugin OpenImageDenoise
LogPluginManager: Mounting plugin PlanarCut
LogPluginManager: Mounting plugin PlatformCrypto
LogPluginManager: Mounting plugin PythonScriptPlugin
LogPluginManager: Mounting plugin ProxyLODPlugin
LogPluginManager: Mounting plugin DatasmithContent
LogPluginManager: Mounting plugin SkeletalReduction
LogPluginManager: Mounting plugin VariantManagerContent
LogPluginManager: Mounting plugin AndroidMedia
LogPluginManager: Mounting plugin AvfMedia
LogPluginManager: Mounting plugin ImgMedia
LogPluginManager: Mounting plugin MediaCompositing
LogPluginManager: Mounting plugin LuminPlatformFeatures
LogPluginManager: Mounting plugin MediaPlayerEditor
LogPluginManager: Mounting plugin MagicLeap
LogPluginManager: Mounting plugin MagicLeapMedia
LogPluginManager: Mounting plugin MagicLeapLightEstimation
LogPluginManager: Mounting plugin MagicLeapPassableWorld
LogPluginManager: Mounting plugin WebMMedia
LogPluginManager: Mounting plugin MLSDK
LogPluginManager: Mounting plugin WmfMedia
LogPluginManager: Mounting plugin UdpMessaging
LogPluginManager: Mounting plugin TcpMessaging
LogPluginManager: Mounting plugin ActorSequence
LogPluginManager: Mounting plugin LevelSequenceEditor
LogPluginManager: Mounting plugin MatineeToLevelSequence
LogPluginManager: Mounting plugin TemplateSequence
LogPluginManager: Mounting plugin LauncherChunkInstaller
LogPluginManager: Mounting plugin OnlineSubsystem
LogPluginManager: Mounting plugin OnlineSubsystemNull
LogPluginManager: Mounting plugin OnlineSubsystemUtils
LogPluginManager: Mounting plugin ActorLayerUtilities
LogPluginManager: Mounting plugin AndroidPermission
LogPluginManager: Mounting plugin AppleImageUtils
LogPluginManager: Mounting plugin AssetTags
LogPluginManager: Mounting plugin ArchVisCharacter
LogPluginManager: Mounting plugin AudioSynesthesia
LogPluginManager: Mounting plugin ChunkDownloader
LogPluginManager: Mounting plugin CustomMeshComponent
LogPluginManager: Mounting plugin AudioCapture
LogPluginManager: Mounting plugin EditableMesh
LogPluginManager: Mounting plugin ExampleDeviceProfileSelector
LogPluginManager: Mounting plugin CableComponent
LogPluginManager: Mounting plugin GooglePAD
LogPluginManager: Mounting plugin AndroidMoviePlayer
LogPluginManager: Mounting plugin AndroidDeviceProfileSelector
LogPluginManager: Mounting plugin AppleMoviePlayer
LogPluginManager: Mounting plugin GoogleCloudMessaging
LogPluginManager: Mounting plugin ScreenshotTools
LogPluginManager: Mounting plugin LocationServicesBPLibrary
LogPluginManager: Mounting plugin MobilePatchingUtils
LogPluginManager: Mounting plugin OpenXR
LogPluginManager: Mounting plugin OpenXRHandTracking
LogPluginManager: Mounting plugin OpenXREyeTracker
LogPluginManager: Mounting plugin PhysXVehicles
LogPluginManager: Mounting plugin IOSDeviceProfileSelector
LogPluginManager: Mounting plugin ProceduralMeshComponent
LogPluginManager: Mounting plugin RuntimePhysXCooking
LogPluginManager: Mounting plugin PropertyAccessEditor
LogPluginManager: Mounting plugin LinuxDeviceProfileSelector
LogPluginManager: Mounting plugin SoundFields
LogPluginManager: Mounting plugin PostSplashScreen
LogPluginManager: Mounting plugin SignificanceManager
LogPluginManager: Mounting plugin Synthesis
LogPluginManager: Mounting plugin WebMMoviePlayer
LogPluginManager: Mounting plugin WindowsMoviePlayer
LogPluginManager: Mounting plugin Takes
LogPluginManager: Mounting plugin ContentBrowserAssetDataSource
LogPluginManager: Mounting plugin ContentBrowserFileDataSource
LogPluginManager: Mounting plugin ContentBrowserClassDataSource
LogPluginManager: Mounting plugin RiderLink
LogPluginManager: Mounting plugin OnlineSubsystemIOS
LogPluginManager: Mounting plugin OnlineSubsystemGooglePlay
LogPluginManager: Mounting plugin OculusVR
LogPluginManager: Mounting plugin SteamVR
PixWinPlugin: PIX capture plugin failed to initialize! Check that the process is launched from PIX.
LogInit: Using libcurl 7.55.1-DEV
LogInit:  - built for x86_64-pc-win32
LogInit:  - supports SSL with OpenSSL/1.1.1
LogInit:  - supports HTTP deflate (compression) using libz 1.2.8
LogInit:  - other features:
LogInit:      CURL_VERSION_SSL
LogInit:      CURL_VERSION_LIBZ
LogInit:      CURL_VERSION_IPV6
LogInit:      CURL_VERSION_ASYNCHDNS
LogInit:      CURL_VERSION_LARGEFILE
LogInit:      CURL_VERSION_IDN
LogInit:  CurlRequestOptions (configurable via config and command line):
LogInit:  - bVerifyPeer = true  - Libcurl will verify peer certificate
LogInit:  - bUseHttpProxy = false  - Libcurl will NOT use HTTP proxy
LogInit:  - bDontReuseConnections = false  - Libcurl will reuse connections
LogInit:  - MaxHostConnections = 16  - Libcurl will limit the number of connections to a host
LogInit:  - LocalHostAddr = Default
LogInit:  - BufferSize = 65536
LogOnline: OSS: Creating online subsystem instance for: NULL
LogInit: WinSock: version 1.1 (2.2), MaxSocks=32767, MaxUdp=65467
LogOnline: OSS: TryLoadSubsystemAndSetDefault: Loaded subsystem for module [NULL]
LogOculusPluginWrapper: OculusPlugin initialized successfully
LogHMD: Failed initializing OVRPlugin 1.59.0
LogInit: Build: ++UE4+Release-4.27-CL-18319896
LogInit: Engine Version: 4.27.2-18319896+++UE4+Release-4.27
LogInit: Compatible Engine Version: 4.27.0-17155196+++UE4+Release-4.27
LogInit: Net CL: 17155196
LogInit: OS: Windows 10 (Release 2009) (), CPU: 13th Gen Intel(R) Core(TM) i7-13700, GPU: NVIDIA GeForce RTX 4070
LogInit: Compiled (64-bit): Nov 30 2021 07:12:08
LogInit: Compiled with Visual C++: 19.24.28315.00
LogInit: Build Configuration: Development
LogInit: Branch Name: ++UE4+Release-4.27
LogInit: Command Line: 
LogInit: Base Directory: C:/Program Files/Epic Games/UE_4.27/Engine/Binaries/Win64/
LogInit: Allocator: TBB
LogInit: Installed Engine Build: 1
LogDevObjectVersion: Number of dev versions registered: 29
LogDevObjectVersion:   Dev-Blueprints (B0D832E4-1F89-4F0D-ACCF-7EB736FD4AA2): 10
LogDevObjectVersion:   Dev-Build (E1C64328-A22C-4D53-A36C-8E866417BD8C): 0
LogDevObjectVersion:   Dev-Core (375EC13C-06E4-48FB-B500-84F0262A717E): 4
LogDevObjectVersion:   Dev-Editor (E4B068ED-F494-42E9-A231-DA0B2E46BB41): 40
LogDevObjectVersion:   Dev-Framework (CFFC743F-43B0-4480-9391-14DF171D2073): 37
LogDevObjectVersion:   Dev-Mobile (B02B49B5-BB20-44E9-A304-32B752E40360): 3
LogDevObjectVersion:   Dev-Networking (A4E4105C-59A1-49B5-A7C5-40C4547EDFEE): 0
LogDevObjectVersion:   Dev-Online (39C831C9-5AE6-47DC-9A44-9C173E1C8E7C): 0
LogDevObjectVersion:   Dev-Physics (78F01B33-EBEA-4F98-B9B4-84EACCB95AA2): 14
LogDevObjectVersion:   Dev-Platform (6631380F-2D4D-43E0-8009-CF276956A95A): 0
LogDevObjectVersion:   Dev-Rendering (12F88B9F-8875-4AFC-A67C-D90C383ABD29): 45
LogDevObjectVersion:   Dev-Sequencer (7B5AE74C-D270-4C10-A958-57980B212A5A): 13
LogDevObjectVersion:   Dev-VR (D7296918-1DD6-4BDD-9DE2-64A83CC13884): 3
LogDevObjectVersion:   Dev-LoadTimes (C2A15278-BFE7-4AFE-6C17-90FF531DF755): 1
LogDevObjectVersion:   Private-Geometry (6EACA3D4-40EC-4CC1-B786-8BED09428FC5): 3
LogDevObjectVersion:   Dev-AnimPhys (29E575DD-E0A3-4627-9D10-D276232CDCEA): 17
LogDevObjectVersion:   Dev-Anim (AF43A65D-7FD3-4947-9873-3E8ED9C1BB05): 15
LogDevObjectVersion:   Dev-ReflectionCapture (6B266CEC-1EC7-4B8F-A30B-E4D90942FC07): 1
LogDevObjectVersion:   Dev-Automation (0DF73D61-A23F-47EA-B727-89E90C41499A): 1
LogDevObjectVersion:   FortniteMain (601D1886-AC64-4F84-AA16-D3DE0DEAC7D6): 47
LogDevObjectVersion:   FortniteRelease (E7086368-6B23-4C58-8439-1B7016265E91): 1
LogDevObjectVersion:   Dev-Enterprise (9DFFBCD6-494F-0158-E221-12823C92A888): 10
LogDevObjectVersion:   Dev-Niagara (F2AED0AC-9AFE-416F-8664-AA7FFA26D6FC): 1
LogDevObjectVersion:   Dev-Destruction (174F1F0B-B4C6-45A5-B13F-2EE8D0FB917D): 10
LogDevObjectVersion:   Dev-Physics-Ext (35F94A83-E258-406C-A318-09F59610247C): 41
LogDevObjectVersion:   Dev-PhysicsMaterial-Chaos (B68FC16E-8B1B-42E2-B453-215C058844FE): 1
LogDevObjectVersion:   Dev-CineCamera (B2E18506-4273-CFC2-A54E-F4BB758BBA07): 1
LogDevObjectVersion:   Dev-VirtualProduction (64F58936-FD1B-42BA-BA96-7289D5D0FA4E): 1
LogDevObjectVersion:   Dev-MediaFramework (6F0ED827-A609-4895-9C91-998D90180EA4): 2
LogInit: Presizing for max 25165824 objects, including 0 objects not considered by GC, pre-allocating 0 bytes for permanent pool.
LogConfig: Applying CVar settings from Section [/Script/Engine.StreamingSettings] File [C:/UEProject/UnrealLearn/MyProject3/Saved/Config/Windows/Engine.ini]
LogConfig: Setting CVar [[s.MinBulkDataSizeForAsyncLoading:131072]]
LogConfig: Setting CVar [[s.AsyncLoadingThreadEnabled:0]]
LogConfig: Setting CVar [[s.EventDrivenLoaderEnabled:1]]
LogConfig: Setting CVar [[s.WarnIfTimeLimitExceeded:0]]
LogConfig: Setting CVar [[s.TimeLimitExceededMultiplier:1.5]]
LogConfig: Setting CVar [[s.TimeLimitExceededMinTime:0.005]]
LogConfig: Setting CVar [[s.UseBackgroundLevelStreaming:1]]
LogConfig: Setting CVar [[s.PriorityAsyncLoadingExtraTime:15.0]]
LogConfig: Setting CVar [[s.LevelStreamingActorsUpdateTimeLimit:5.0]]
LogConfig: Setting CVar [[s.PriorityLevelStreamingActorsUpdateExtraTime:5.0]]
LogConfig: Setting CVar [[s.LevelStreamingComponentsRegistrationGranularity:10]]
LogConfig: Setting CVar [[s.UnregisterComponentsTimeLimit:1.0]]
LogConfig: Setting CVar [[s.LevelStreamingComponentsUnregistrationGranularity:5]]
LogConfig: Setting CVar [[s.FlushStreamingOnExit:1]]
LogInit: Object subsystem initialized
LogConfig: Setting CVar [[con.DebugEarlyDefault:1]]
LogConfig: Setting CVar [[r.setres:1280x720]]
[2026.08.21-04.46.13:395][  0]LogConfig: Setting CVar [[r.VSync:0]]
[2026.08.21-04.46.13:395][  0]LogConfig: Setting CVar [[r.RHICmdBypass:0]]
[2026.08.21-04.46.13:395][  0]LogConfig: Applying CVar settings from Section [/Script/Engine.RendererSettings] File [C:/UEProject/UnrealLearn/MyProject3/Saved/Config/Windows/Engine.ini]
[2026.08.21-04.46.13:395][  0]LogConfig: Setting CVar [[r.GPUCrashDebugging:0]]
[2026.08.21-04.46.13:395][  0]LogConfig: Applying CVar settings from Section [/Script/Engine.RendererOverrideSettings] File [C:/UEProject/UnrealLearn/MyProject3/Saved/Config/Windows/Engine.ini]
[2026.08.21-04.46.13:395][  0]LogConfig: Applying CVar settings from Section [/Script/Engine.StreamingSettings] File [C:/UEProject/UnrealLearn/MyProject3/Saved/Config/Windows/Engine.ini]
[2026.08.21-04.46.13:395][  0]LogConfig: Setting CVar [[s.MinBulkDataSizeForAsyncLoading:131072]]
[2026.08.21-04.46.13:395][  0]LogConfig: Setting CVar [[s.AsyncLoadingThreadEnabled:0]]
[2026.08.21-04.46.13:395][  0]LogConfig: Setting CVar [[s.EventDrivenLoaderEnabled:1]]
[2026.08.21-04.46.13:395][  0]LogConfig: Setting CVar [[s.WarnIfTimeLimitExceeded:0]]
[2026.08.21-04.46.13:395][  0]LogConfig: Setting CVar [[s.TimeLimitExceededMultiplier:1.5]]
[2026.08.21-04.46.13:395][  0]LogConfig: Setting CVar [[s.TimeLimitExceededMinTime:0.005]]
[2026.08.21-04.46.13:395][  0]LogConfig: Setting CVar [[s.UseBackgroundLevelStreaming:1]]
[2026.08.21-04.46.13:395][  0]LogConfig: Setting CVar [[s.PriorityAsyncLoadingExtraTime:15.0]]
[2026.08.21-04.46.13:395][  0]LogConfig: Setting CVar [[s.LevelStreamingActorsUpdateTimeLimit:5.0]]
[2026.08.21-04.46.13:395][  0]LogConfig: Setting CVar [[s.PriorityLevelStreamingActorsUpdateExtraTime:5.0]]
[2026.08.21-04.46.13:395][  0]LogConfig: Setting CVar [[s.LevelStreamingComponentsRegistrationGranularity:10]]
[2026.08.21-04.46.13:395][  0]LogConfig: Setting CVar [[s.UnregisterComponentsTimeLimit:1.0]]
[2026.08.21-04.46.13:395][  0]LogConfig: Setting CVar [[s.LevelStreamingComponentsUnregistrationGranularity:5]]
[2026.08.21-04.46.13:395][  0]LogConfig: Setting CVar [[s.FlushStreamingOnExit:1]]
[2026.08.21-04.46.13:395][  0]LogConfig: Applying CVar settings from Section [/Script/Engine.GarbageCollectionSettings] File [C:/UEProject/UnrealLearn/MyProject3/Saved/Config/Windows/Engine.ini]
[2026.08.21-04.46.13:395][  0]LogConfig: Setting CVar [[gc.MaxObjectsNotConsideredByGC:1]]
[2026.08.21-04.46.13:395][  0]LogConfig: Setting CVar [[gc.SizeOfPermanentObjectPool:0]]
[2026.08.21-04.46.13:395][  0]LogConfig: Setting CVar [[gc.FlushStreamingOnGC:0]]
[2026.08.21-04.46.13:395][  0]LogConfig: Setting CVar [[gc.NumRetriesBeforeForcingGC:10]]
[2026.08.21-04.46.13:395][  0]LogConfig: Setting CVar [[gc.AllowParallelGC:1]]
[2026.08.21-04.46.13:395][  0]LogConfig: Setting CVar [[gc.TimeBetweenPurgingPendingKillObjects:61.1]]
[2026.08.21-04.46.13:395][  0]LogConfig: Setting CVar [[gc.MaxObjectsInEditor:25165824]]
[2026.08.21-04.46.13:395][  0]LogConfig: Setting CVar [[gc.IncrementalBeginDestroyEnabled:1]]
[2026.08.21-04.46.13:395][  0]LogConfig: Setting CVar [[gc.CreateGCClusters:1]]
[2026.08.21-04.46.13:395][  0]LogConfig: Setting CVar [[gc.MinGCClusterSize:5]]
[2026.08.21-04.46.13:395][  0]LogConfig: Setting CVar [[gc.ActorClusteringEnabled:0]]
[2026.08.21-04.46.13:395][  0]LogConfig: Setting CVar [[gc.BlueprintClusteringEnabled:0]]
[2026.08.21-04.46.13:395][  0]LogConfig: Setting CVar [[gc.UseDisregardForGCOnDedicatedServers:0]]
[2026.08.21-04.46.13:395][  0]LogConfig: Setting CVar [[gc.MultithreadedDestructionEnabled:1]]
[2026.08.21-04.46.13:395][  0]LogConfig: Applying CVar settings from Section [/Script/Engine.NetworkSettings] File [C:/UEProject/UnrealLearn/MyProject3/Saved/Config/Windows/Engine.ini]
[2026.08.21-04.46.13:395][  0]LogConfig: Applying CVar settings from Section [/Script/UnrealEd.CookerSettings] File [C:/UEProject/UnrealLearn/MyProject3/Saved/Config/Windows/Engine.ini]
[2026.08.21-04.46.13:456][  0]LogConfig: Applying CVar settings from Section [ViewDistanceQuality@3] File [C:/UEProject/UnrealLearn/MyProject3/Saved/Config/Windows/Scalability.ini]
[2026.08.21-04.46.13:456][  0]LogConfig: Setting CVar [[r.SkeletalMeshLODBias:0]]
[2026.08.21-04.46.13:456][  0]LogConfig: Setting CVar [[r.ViewDistanceScale:1.0]]
[2026.08.21-04.46.13:456][  0]LogConfig: Applying CVar settings from Section [AntiAliasingQuality@3] File [C:/UEProject/UnrealLearn/MyProject3/Saved/Config/Windows/Scalability.ini]
[2026.08.21-04.46.13:456][  0]LogConfig: Setting CVar [[r.PostProcessAAQuality:4]]
[2026.08.21-04.46.13:456][  0]LogConfig: Applying CVar settings from Section [ShadowQuality@3] File [C:/UEProject/UnrealLearn/MyProject3/Saved/Config/Windows/Scalability.ini]
[2026.08.21-04.46.13:456][  0]LogConfig: Setting CVar [[r.LightFunctionQuality:1]]
[2026.08.21-04.46.13:456][  0]LogConfig: Setting CVar [[r.ShadowQuality:5]]
[2026.08.21-04.46.13:456][  0]LogConfig: Setting CVar [[r.Shadow.CSM.MaxCascades:10]]
[2026.08.21-04.46.13:456][  0]LogConfig: Setting CVar [[r.Shadow.MaxResolution:2048]]
[2026.08.21-04.46.13:456][  0]LogConfig: Setting CVar [[r.Shadow.MaxCSMResolution:2048]]
[2026.08.21-04.46.13:456][  0]LogConfig: Setting CVar [[r.Shadow.RadiusThreshold:0.01]]
[2026.08.21-04.46.13:456][  0]LogConfig: Setting CVar [[r.Shadow.DistanceScale:1.0]]
[2026.08.21-04.46.13:456][  0]LogConfig: Setting CVar [[r.Shadow.CSM.TransitionScale:1.0]]
[2026.08.21-04.46.13:456][  0]LogConfig: Setting CVar [[r.Shadow.PreShadowResolutionFactor:1.0]]
[2026.08.21-04.46.13:456][  0]LogConfig: Setting CVar [[r.DistanceFieldShadowing:1]]
[2026.08.21-04.46.13:456][  0]LogConfig: Setting CVar [[r.DistanceFieldAO:1]]
[2026.08.21-04.46.13:456][  0]LogConfig: Setting CVar [[r.AOQuality:2]]
[2026.08.21-04.46.13:456][  0]LogConfig: Setting CVar [[r.VolumetricFog:1]]
[2026.08.21-04.46.13:456][  0]LogConfig: Setting CVar [[r.VolumetricFog.GridPixelSize:8]]
[2026.08.21-04.46.13:456][  0]LogConfig: Setting CVar [[r.VolumetricFog.GridSizeZ:128]]
[2026.08.21-04.46.13:456][  0]LogConfig: Setting CVar [[r.VolumetricFog.HistoryMissSupersampleCount:4]]
[2026.08.21-04.46.13:456][  0]LogConfig: Setting CVar [[r.LightMaxDrawDistanceScale:1]]
[2026.08.21-04.46.13:456][  0]LogConfig: Setting CVar [[r.CapsuleShadows:1]]
[2026.08.21-04.46.13:456][  0]LogConfig: Applying CVar settings from Section [PostProcessQuality@3] File [C:/UEProject/UnrealLearn/MyProject3/Saved/Config/Windows/Scalability.ini]
[2026.08.21-04.46.13:456][  0]LogConfig: Setting CVar [[r.MotionBlurQuality:4]]
[2026.08.21-04.46.13:456][  0]LogConfig: Setting CVar [[r.AmbientOcclusionMipLevelFactor:0.4]]
[2026.08.21-04.46.13:456][  0]LogConfig: Setting CVar [[r.AmbientOcclusionMaxQuality:100]]
[2026.08.21-04.46.13:457][  0]LogConfig: Setting CVar [[r.AmbientOcclusionLevels:-1]]
[2026.08.21-04.46.13:457][  0]LogConfig: Setting CVar [[r.AmbientOcclusionRadiusScale:1.0]]
[2026.08.21-04.46.13:457][  0]LogConfig: Setting CVar [[r.DepthOfFieldQuality:2]]
[2026.08.21-04.46.13:457][  0]LogConfig: Setting CVar [[r.RenderTargetPoolMin:400]]
[2026.08.21-04.46.13:457][  0]LogConfig: Setting CVar [[r.LensFlareQuality:2]]
[2026.08.21-04.46.13:457][  0]LogConfig: Setting CVar [[r.SceneColorFringeQuality:1]]
[2026.08.21-04.46.13:457][  0]LogConfig: Setting CVar [[r.EyeAdaptationQuality:2]]
[2026.08.21-04.46.13:457][  0]LogConfig: Setting CVar [[r.BloomQuality:5]]
[2026.08.21-04.46.13:457][  0]LogConfig: Setting CVar [[r.FastBlurThreshold:100]]
[2026.08.21-04.46.13:457][  0]LogConfig: Setting CVar [[r.Upscale.Quality:3]]
[2026.08.21-04.46.13:457][  0]LogConfig: Setting CVar [[r.Tonemapper.GrainQuantization:1]]
[2026.08.21-04.46.13:457][  0]LogConfig: Setting CVar [[r.LightShaftQuality:1]]
[2026.08.21-04.46.13:457][  0]LogConfig: Setting CVar [[r.Filter.SizeScale:1]]
[2026.08.21-04.46.13:457][  0]LogConfig: Setting CVar [[r.Tonemapper.Quality:5]]
[2026.08.21-04.46.13:457][  0]LogConfig: Setting CVar [[r.DOF.Gather.AccumulatorQuality:1        ; higher gathering accumulator quality]]
[2026.08.21-04.46.13:457][  0]LogConfig: Setting CVar [[r.DOF.Gather.PostfilterMethod:1          ; Median3x3 postfilering method]]
[2026.08.21-04.46.13:457][  0]LogConfig: Setting CVar [[r.DOF.Gather.EnableBokehSettings:0       ; no bokeh simulation when gathering]]
[2026.08.21-04.46.13:457][  0]LogConfig: Setting CVar [[r.DOF.Gather.RingCount:4                 ; medium number of samples when gathering]]
[2026.08.21-04.46.13:457][  0]LogConfig: Setting CVar [[r.DOF.Scatter.ForegroundCompositing:1    ; additive foreground scattering]]
[2026.08.21-04.46.13:457][  0]LogConfig: Setting CVar [[r.DOF.Scatter.BackgroundCompositing:2    ; additive background scattering]]
[2026.08.21-04.46.13:457][  0]LogConfig: Setting CVar [[r.DOF.Scatter.EnableBokehSettings:1      ; bokeh simulation when scattering]]
[2026.08.21-04.46.13:457][  0]LogConfig: Setting CVar [[r.DOF.Scatter.MaxSpriteRatio:0.1         ; only a maximum of 10% of scattered bokeh]]
[2026.08.21-04.46.13:457][  0]LogConfig: Setting CVar [[r.DOF.Recombine.Quality:1                ; cheap slight out of focus]]
[2026.08.21-04.46.13:457][  0]LogConfig: Setting CVar [[r.DOF.Recombine.EnableBokehSettings:0    ; no bokeh simulation on slight out of focus]]
[2026.08.21-04.46.13:457][  0]LogConfig: Setting CVar [[r.DOF.TemporalAAQuality:1                ; more stable temporal accumulation]]
[2026.08.21-04.46.13:457][  0]LogConfig: Setting CVar [[r.DOF.Kernel.MaxForegroundRadius:0.025]]
[2026.08.21-04.46.13:457][  0]LogConfig: Setting CVar [[r.DOF.Kernel.MaxBackgroundRadius:0.025]]
[2026.08.21-04.46.13:457][  0]LogConfig: Applying CVar settings from Section [TextureQuality@3] File [C:/UEProject/UnrealLearn/MyProject3/Saved/Config/Windows/Scalability.ini]
[2026.08.21-04.46.13:457][  0]LogConfig: Setting CVar [[r.Streaming.MipBias:0]]
[2026.08.21-04.46.13:457][  0]LogConfig: Setting CVar [[r.Streaming.AmortizeCPUToGPUCopy:0]]
[2026.08.21-04.46.13:457][  0]LogConfig: Setting CVar [[r.Streaming.MaxNumTexturesToStreamPerFrame:0]]
[2026.08.21-04.46.13:457][  0]LogConfig: Setting CVar [[r.Streaming.Boost:1]]
[2026.08.21-04.46.13:457][  0]LogConfig: Setting CVar [[r.MaxAnisotropy:8]]
[2026.08.21-04.46.13:457][  0]LogConfig: Setting CVar [[r.VT.MaxAnisotropy:8]]
[2026.08.21-04.46.13:457][  0]LogConfig: Setting CVar [[r.Streaming.LimitPoolSizeToVRAM:0]]
[2026.08.21-04.46.13:457][  0]LogConfig: Setting CVar [[r.Streaming.PoolSize:1000]]
[2026.08.21-04.46.13:457][  0]LogConfig: Setting CVar [[r.Streaming.MaxEffectiveScreenSize:0]]
[2026.08.21-04.46.13:457][  0]LogConfig: Applying CVar settings from Section [EffectsQuality@3] File [C:/UEProject/UnrealLearn/MyProject3/Saved/Config/Windows/Scalability.ini]
[2026.08.21-04.46.13:457][  0]LogConfig: Setting CVar [[r.TranslucencyLightingVolumeDim:64]]
[2026.08.21-04.46.13:457][  0]LogConfig: Setting CVar [[r.RefractionQuality:2]]
[2026.08.21-04.46.13:457][  0]LogConfig: Setting CVar [[r.SSR.Quality:3]]
[2026.08.21-04.46.13:457][  0]LogConfig: Setting CVar [[r.SSR.HalfResSceneColor:0]]
[2026.08.21-04.46.13:457][  0]LogConfig: Setting CVar [[r.SceneColorFormat:4]]
[2026.08.21-04.46.13:457][  0]LogConfig: Setting CVar [[r.DetailMode:2]]
[2026.08.21-04.46.13:457][  0]LogConfig: Setting CVar [[r.TranslucencyVolumeBlur:1]]
[2026.08.21-04.46.13:457][  0]LogConfig: Setting CVar [[r.MaterialQualityLevel:1 ; High quality]]
[2026.08.21-04.46.13:457][  0]LogConfig: Setting CVar [[r.AnisotropicMaterials:1]]
[2026.08.21-04.46.13:457][  0]LogConfig: Setting CVar [[r.SSS.Scale:1]]
[2026.08.21-04.46.13:457][  0]LogConfig: Setting CVar [[r.SSS.SampleSet:2]]
[2026.08.21-04.46.13:457][  0]LogConfig: Setting CVar [[r.SSS.Quality:1]]
[2026.08.21-04.46.13:457][  0]LogConfig: Setting CVar [[r.SSS.HalfRes:0]]
[2026.08.21-04.46.13:457][  0]LogConfig: Setting CVar [[r.SSGI.Quality:3]]
[2026.08.21-04.46.13:457][  0]LogConfig: Setting CVar [[r.EmitterSpawnRateScale:1.0]]
[2026.08.21-04.46.13:457][  0]LogConfig: Setting CVar [[r.ParticleLightQuality:2]]
[2026.08.21-04.46.13:457][  0]LogConfig: Setting CVar [[r.SkyAtmosphere.AerialPerspectiveLUT.FastApplyOnOpaque:1 ; Always have FastSkyLUT 1 in this case to avoid wrong sky]]
[2026.08.21-04.46.13:457][  0]LogConfig: Setting CVar [[r.SkyAtmosphere.AerialPerspectiveLUT.SampleCountMaxPerSlice:4]]
[2026.08.21-04.46.13:457][  0]LogConfig: Setting CVar [[r.SkyAtmosphere.AerialPerspectiveLUT.DepthResolution:16.0]]
[2026.08.21-04.46.13:457][  0]LogConfig: Setting CVar [[r.SkyAtmosphere.FastSkyLUT:1]]
[2026.08.21-04.46.13:457][  0]LogConfig: Setting CVar [[r.SkyAtmosphere.FastSkyLUT.SampleCountMin:4.0]]
[2026.08.21-04.46.13:457][  0]LogConfig: Setting CVar [[r.SkyAtmosphere.FastSkyLUT.SampleCountMax:128.0]]
[2026.08.21-04.46.13:457][  0]LogConfig: Setting CVar [[r.SkyAtmosphere.SampleCountMin:4.0]]
[2026.08.21-04.46.13:457][  0]LogConfig: Setting CVar [[r.SkyAtmosphere.SampleCountMax:128.0]]
[2026.08.21-04.46.13:457][  0]LogConfig: Setting CVar [[r.SkyAtmosphere.TransmittanceLUT.UseSmallFormat:0]]
[2026.08.21-04.46.13:457][  0]LogConfig: Setting CVar [[r.SkyAtmosphere.TransmittanceLUT.SampleCount:10.0]]
[2026.08.21-04.46.13:457][  0]LogConfig: Setting CVar [[r.SkyAtmosphere.MultiScatteringLUT.SampleCount:15.0]]
[2026.08.21-04.46.13:457][  0]LogConfig: Setting CVar [[r.SkyLight.RealTimeReflectionCapture:1]]
[2026.08.21-04.46.13:457][  0]LogConfig: Applying CVar settings from Section [FoliageQuality@3] File [C:/UEProject/UnrealLearn/MyProject3/Saved/Config/Windows/Scalability.ini]
[2026.08.21-04.46.13:457][  0]LogConfig: Setting CVar [[foliage.DensityScale:1.0]]
[2026.08.21-04.46.13:457][  0]LogConfig: Setting CVar [[grass.DensityScale:1.0]]
[2026.08.21-04.46.13:457][  0]LogConfig: Applying CVar settings from Section [ShadingQuality@3] File [C:/UEProject/UnrealLearn/MyProject3/Saved/Config/Windows/Scalability.ini]
[2026.08.21-04.46.13:457][  0]LogConfig: Setting CVar [[r.HairStrands.SkyLighting.IntegrationType:2]]
[2026.08.21-04.46.13:457][  0]LogConfig: Setting CVar [[r.HairStrands.SkyAO.SampleCount:4]]
[2026.08.21-04.46.13:457][  0]LogConfig: Setting CVar [[r.HairStrands.Visibility.MSAA.SamplePerPixel:4]]
[2026.08.21-04.46.13:458][  0]LogInit: Selected Device Profile: [Windows]
[2026.08.21-04.46.13:458][  0]LogInit: Applying CVar settings loaded from the selected device profile: [Windows]
[2026.08.21-04.46.13:458][  0]LogHAL: Display: Platform has ~ 14 GB [14665842688 / 17179869184 / 14], which maps to Larger [LargestMinGB=32, LargerMinGB=12, DefaultMinGB=8, SmallerMinGB=6, SmallestMinGB=0)
[2026.08.21-04.46.13:458][  0]LogInit: Going up to parent DeviceProfile []
[2026.08.21-04.46.13:458][  0]LogConfig: Applying CVar settings from Section [ViewDistanceQuality@3] File [C:/UEProject/UnrealLearn/MyProject3/Saved/Config/Windows/Scalability.ini]
[2026.08.21-04.46.13:458][  0]LogConfig: Setting CVar [[r.SkeletalMeshLODBias:0]]
[2026.08.21-04.46.13:458][  0]LogConfig: Setting CVar [[r.ViewDistanceScale:1.0]]
[2026.08.21-04.46.13:458][  0]LogConfig: Applying CVar settings from Section [AntiAliasingQuality@3] File [C:/UEProject/UnrealLearn/MyProject3/Saved/Config/Windows/Scalability.ini]
[2026.08.21-04.46.13:458][  0]LogConfig: Setting CVar [[r.PostProcessAAQuality:4]]
[2026.08.21-04.46.13:458][  0]LogConfig: Applying CVar settings from Section [ShadowQuality@3] File [C:/UEProject/UnrealLearn/MyProject3/Saved/Config/Windows/Scalability.ini]
[2026.08.21-04.46.13:458][  0]LogConfig: Setting CVar [[r.LightFunctionQuality:1]]
[2026.08.21-04.46.13:458][  0]LogConfig: Setting CVar [[r.ShadowQuality:5]]
[2026.08.21-04.46.13:458][  0]LogConfig: Setting CVar [[r.Shadow.CSM.MaxCascades:10]]
[2026.08.21-04.46.13:458][  0]LogConfig: Setting CVar [[r.Shadow.MaxResolution:2048]]
[2026.08.21-04.46.13:458][  0]LogConfig: Setting CVar [[r.Shadow.MaxCSMResolution:2048]]
[2026.08.21-04.46.13:458][  0]LogConfig: Setting CVar [[r.Shadow.RadiusThreshold:0.01]]
[2026.08.21-04.46.13:458][  0]LogConfig: Setting CVar [[r.Shadow.DistanceScale:1.0]]
[2026.08.21-04.46.13:458][  0]LogConfig: Setting CVar [[r.Shadow.CSM.TransitionScale:1.0]]
[2026.08.21-04.46.13:458][  0]LogConfig: Setting CVar [[r.Shadow.PreShadowResolutionFactor:1.0]]
[2026.08.21-04.46.13:458][  0]LogConfig: Setting CVar [[r.DistanceFieldShadowing:1]]
[2026.08.21-04.46.13:458][  0]LogConfig: Setting CVar [[r.DistanceFieldAO:1]]
[2026.08.21-04.46.13:458][  0]LogConfig: Setting CVar [[r.AOQuality:2]]
[2026.08.21-04.46.13:458][  0]LogConfig: Setting CVar [[r.VolumetricFog:1]]
[2026.08.21-04.46.13:458][  0]LogConfig: Setting CVar [[r.VolumetricFog.GridPixelSize:8]]
[2026.08.21-04.46.13:458][  0]LogConfig: Setting CVar [[r.VolumetricFog.GridSizeZ:128]]
[2026.08.21-04.46.13:458][  0]LogConfig: Setting CVar [[r.VolumetricFog.HistoryMissSupersampleCount:4]]
[2026.08.21-04.46.13:458][  0]LogConfig: Setting CVar [[r.LightMaxDrawDistanceScale:1]]
[2026.08.21-04.46.13:458][  0]LogConfig: Setting CVar [[r.CapsuleShadows:1]]
[2026.08.21-04.46.13:458][  0]LogConfig: Applying CVar settings from Section [PostProcessQuality@3] File [C:/UEProject/UnrealLearn/MyProject3/Saved/Config/Windows/Scalability.ini]
[2026.08.21-04.46.13:458][  0]LogConfig: Setting CVar [[r.MotionBlurQuality:4]]
[2026.08.21-04.46.13:458][  0]LogConfig: Setting CVar [[r.AmbientOcclusionMipLevelFactor:0.4]]
[2026.08.21-04.46.13:458][  0]LogConfig: Setting CVar [[r.AmbientOcclusionMaxQuality:100]]
[2026.08.21-04.46.13:458][  0]LogConfig: Setting CVar [[r.AmbientOcclusionLevels:-1]]
[2026.08.21-04.46.13:458][  0]LogConfig: Setting CVar [[r.AmbientOcclusionRadiusScale:1.0]]
[2026.08.21-04.46.13:458][  0]LogConfig: Setting CVar [[r.DepthOfFieldQuality:2]]
[2026.08.21-04.46.13:458][  0]LogConfig: Setting CVar [[r.RenderTargetPoolMin:400]]
[2026.08.21-04.46.13:458][  0]LogConfig: Setting CVar [[r.LensFlareQuality:2]]
[2026.08.21-04.46.13:458][  0]LogConfig: Setting CVar [[r.SceneColorFringeQuality:1]]
[2026.08.21-04.46.13:458][  0]LogConfig: Setting CVar [[r.EyeAdaptationQuality:2]]
[2026.08.21-04.46.13:458][  0]LogConfig: Setting CVar [[r.BloomQuality:5]]
[2026.08.21-04.46.13:458][  0]LogConfig: Setting CVar [[r.FastBlurThreshold:100]]
[2026.08.21-04.46.13:458][  0]LogConfig: Setting CVar [[r.Upscale.Quality:3]]
[2026.08.21-04.46.13:458][  0]LogConfig: Setting CVar [[r.Tonemapper.GrainQuantization:1]]
[2026.08.21-04.46.13:458][  0]LogConfig: Setting CVar [[r.LightShaftQuality:1]]
[2026.08.21-04.46.13:458][  0]LogConfig: Setting CVar [[r.Filter.SizeScale:1]]
[2026.08.21-04.46.13:458][  0]LogConfig: Setting CVar [[r.Tonemapper.Quality:5]]
[2026.08.21-04.46.13:458][  0]LogConfig: Setting CVar [[r.DOF.Gather.AccumulatorQuality:1        ; higher gathering accumulator quality]]
[2026.08.21-04.46.13:458][  0]LogConfig: Setting CVar [[r.DOF.Gather.PostfilterMethod:1          ; Median3x3 postfilering method]]
[2026.08.21-04.46.13:458][  0]LogConfig: Setting CVar [[r.DOF.Gather.EnableBokehSettings:0       ; no bokeh simulation when gathering]]
[2026.08.21-04.46.13:458][  0]LogConfig: Setting CVar [[r.DOF.Gather.RingCount:4                 ; medium number of samples when gathering]]
[2026.08.21-04.46.13:458][  0]LogConfig: Setting CVar [[r.DOF.Scatter.ForegroundCompositing:1    ; additive foreground scattering]]
[2026.08.21-04.46.13:458][  0]LogConfig: Setting CVar [[r.DOF.Scatter.BackgroundCompositing:2    ; additive background scattering]]
[2026.08.21-04.46.13:459][  0]LogConfig: Setting CVar [[r.DOF.Scatter.EnableBokehSettings:1      ; bokeh simulation when scattering]]
[2026.08.21-04.46.13:459][  0]LogConfig: Setting CVar [[r.DOF.Scatter.MaxSpriteRatio:0.1         ; only a maximum of 10% of scattered bokeh]]
[2026.08.21-04.46.13:459][  0]LogConfig: Setting CVar [[r.DOF.Recombine.Quality:1                ; cheap slight out of focus]]
[2026.08.21-04.46.13:459][  0]LogConfig: Setting CVar [[r.DOF.Recombine.EnableBokehSettings:0    ; no bokeh simulation on slight out of focus]]
[2026.08.21-04.46.13:459][  0]LogConfig: Setting CVar [[r.DOF.TemporalAAQuality:1                ; more stable temporal accumulation]]
[2026.08.21-04.46.13:459][  0]LogConfig: Setting CVar [[r.DOF.Kernel.MaxForegroundRadius:0.025]]
[2026.08.21-04.46.13:459][  0]LogConfig: Setting CVar [[r.DOF.Kernel.MaxBackgroundRadius:0.025]]
[2026.08.21-04.46.13:459][  0]LogConfig: Applying CVar settings from Section [TextureQuality@3] File [C:/UEProject/UnrealLearn/MyProject3/Saved/Config/Windows/Scalability.ini]
[2026.08.21-04.46.13:459][  0]LogConfig: Setting CVar [[r.Streaming.MipBias:0]]
[2026.08.21-04.46.13:459][  0]LogConfig: Setting CVar [[r.Streaming.AmortizeCPUToGPUCopy:0]]
[2026.08.21-04.46.13:459][  0]LogConfig: Setting CVar [[r.Streaming.MaxNumTexturesToStreamPerFrame:0]]
[2026.08.21-04.46.13:459][  0]LogConfig: Setting CVar [[r.Streaming.Boost:1]]
[2026.08.21-04.46.13:459][  0]LogConfig: Setting CVar [[r.MaxAnisotropy:8]]
[2026.08.21-04.46.13:459][  0]LogConfig: Setting CVar [[r.VT.MaxAnisotropy:8]]
[2026.08.21-04.46.13:459][  0]LogConfig: Setting CVar [[r.Streaming.LimitPoolSizeToVRAM:0]]
[2026.08.21-04.46.13:459][  0]LogConfig: Setting CVar [[r.Streaming.PoolSize:1000]]
[2026.08.21-04.46.13:459][  0]LogConfig: Setting CVar [[r.Streaming.MaxEffectiveScreenSize:0]]
[2026.08.21-04.46.13:459][  0]LogConfig: Applying CVar settings from Section [EffectsQuality@3] File [C:/UEProject/UnrealLearn/MyProject3/Saved/Config/Windows/Scalability.ini]
[2026.08.21-04.46.13:459][  0]LogConfig: Setting CVar [[r.TranslucencyLightingVolumeDim:64]]
[2026.08.21-04.46.13:459][  0]LogConfig: Setting CVar [[r.RefractionQuality:2]]
[2026.08.21-04.46.13:459][  0]LogConfig: Setting CVar [[r.SSR.Quality:3]]
[2026.08.21-04.46.13:459][  0]LogConfig: Setting CVar [[r.SSR.HalfResSceneColor:0]]
[2026.08.21-04.46.13:459][  0]LogConfig: Setting CVar [[r.SceneColorFormat:4]]
[2026.08.21-04.46.13:459][  0]LogConfig: Setting CVar [[r.DetailMode:2]]
[2026.08.21-04.46.13:459][  0]LogConfig: Setting CVar [[r.TranslucencyVolumeBlur:1]]
[2026.08.21-04.46.13:459][  0]LogConfig: Setting CVar [[r.MaterialQualityLevel:1 ; High quality]]
[2026.08.21-04.46.13:459][  0]LogConfig: Setting CVar [[r.AnisotropicMaterials:1]]
[2026.08.21-04.46.13:459][  0]LogConfig: Setting CVar [[r.SSS.Scale:1]]
[2026.08.21-04.46.13:459][  0]LogConfig: Setting CVar [[r.SSS.SampleSet:2]]
[2026.08.21-04.46.13:459][  0]LogConfig: Setting CVar [[r.SSS.Quality:1]]
[2026.08.21-04.46.13:459][  0]LogConfig: Setting CVar [[r.SSS.HalfRes:0]]
[2026.08.21-04.46.13:459][  0]LogConfig: Setting CVar [[r.SSGI.Quality:3]]
[2026.08.21-04.46.13:459][  0]LogConfig: Setting CVar [[r.EmitterSpawnRateScale:1.0]]
[2026.08.21-04.46.13:459][  0]LogConfig: Setting CVar [[r.ParticleLightQuality:2]]
[2026.08.21-04.46.13:459][  0]LogConfig: Setting CVar [[r.SkyAtmosphere.AerialPerspectiveLUT.FastApplyOnOpaque:1 ; Always have FastSkyLUT 1 in this case to avoid wrong sky]]
[2026.08.21-04.46.13:459][  0]LogConfig: Setting CVar [[r.SkyAtmosphere.AerialPerspectiveLUT.SampleCountMaxPerSlice:4]]
[2026.08.21-04.46.13:459][  0]LogConfig: Setting CVar [[r.SkyAtmosphere.AerialPerspectiveLUT.DepthResolution:16.0]]
[2026.08.21-04.46.13:459][  0]LogConfig: Setting CVar [[r.SkyAtmosphere.FastSkyLUT:1]]
[2026.08.21-04.46.13:459][  0]LogConfig: Setting CVar [[r.SkyAtmosphere.FastSkyLUT.SampleCountMin:4.0]]
[2026.08.21-04.46.13:459][  0]LogConfig: Setting CVar [[r.SkyAtmosphere.FastSkyLUT.SampleCountMax:128.0]]
[2026.08.21-04.46.13:459][  0]LogConfig: Setting CVar [[r.SkyAtmosphere.SampleCountMin:4.0]]
[2026.08.21-04.46.13:459][  0]LogConfig: Setting CVar [[r.SkyAtmosphere.SampleCountMax:128.0]]
[2026.08.21-04.46.13:459][  0]LogConfig: Setting CVar [[r.SkyAtmosphere.TransmittanceLUT.UseSmallFormat:0]]
[2026.08.21-04.46.13:459][  0]LogConfig: Setting CVar [[r.SkyAtmosphere.TransmittanceLUT.SampleCount:10.0]]
[2026.08.21-04.46.13:459][  0]LogConfig: Setting CVar [[r.SkyAtmosphere.MultiScatteringLUT.SampleCount:15.0]]
[2026.08.21-04.46.13:459][  0]LogConfig: Setting CVar [[r.SkyLight.RealTimeReflectionCapture:1]]
[2026.08.21-04.46.13:459][  0]LogConfig: Applying CVar settings from Section [FoliageQuality@3] File [C:/UEProject/UnrealLearn/MyProject3/Saved/Config/Windows/Scalability.ini]
[2026.08.21-04.46.13:459][  0]LogConfig: Setting CVar [[foliage.DensityScale:1.0]]
[2026.08.21-04.46.13:459][  0]LogConfig: Setting CVar [[grass.DensityScale:1.0]]
[2026.08.21-04.46.13:459][  0]LogConfig: Applying CVar settings from Section [ShadingQuality@3] File [C:/UEProject/UnrealLearn/MyProject3/Saved/Config/Windows/Scalability.ini]
[2026.08.21-04.46.13:459][  0]LogConfig: Setting CVar [[r.HairStrands.SkyLighting.IntegrationType:2]]
[2026.08.21-04.46.13:459][  0]LogConfig: Setting CVar [[r.HairStrands.SkyAO.SampleCount:4]]
[2026.08.21-04.46.13:459][  0]LogConfig: Setting CVar [[r.HairStrands.Visibility.MSAA.SamplePerPixel:4]]
[2026.08.21-04.46.13:459][  0]LogConfig: Applying CVar settings from Section [Startup] File [../../../Engine/Config/ConsoleVariables.ini]
[2026.08.21-04.46.13:459][  0]LogConfig: Setting CVar [[net.UseAdaptiveNetUpdateFrequency:0]]
[2026.08.21-04.46.13:459][  0]LogConfig: Setting CVar [[p.chaos.AllowCreatePhysxBodies:1]]
[2026.08.21-04.46.13:459][  0]LogConfig: Setting CVar [[fx.SkipVectorVMBackendOptimizations:1]]
[2026.08.21-04.46.13:459][  0]LogConfig: Applying CVar settings from Section [ConsoleVariables] File [C:/UEProject/UnrealLearn/MyProject3/Saved/Config/Windows/Engine.ini]
[2026.08.21-04.46.13:459][  0]LogConfig: Applying CVar settings from Section [ConsoleVariables] File [C:/UEProject/UnrealLearn/MyProject3/Saved/Config/Windows/Editor.ini]
[2026.08.21-04.46.13:459][  0]LogInit: Computer: MANKA-D-D-6017
[2026.08.21-04.46.13:460][  0]LogInit: User: LiamChen
[2026.08.21-04.46.13:460][  0]LogInit: CPU Page size=4096, Cores=16
[2026.08.21-04.46.13:460][  0]LogInit: High frequency timer resolution =10.000000 MHz
[2026.08.21-04.46.13:460][  0]LogMemory: Memory total: Physical=13.7GB (14GB approx)
[2026.08.21-04.46.13:460][  0]LogMemory: Platform Memory Stats for Windows
[2026.08.21-04.46.13:460][  0]LogMemory: Process Physical Memory: 162.78 MB used, 162.78 MB peak
[2026.08.21-04.46.13:460][  0]LogMemory: Process Virtual Memory: 136.95 MB used, 136.95 MB peak
[2026.08.21-04.46.13:460][  0]LogMemory: Physical Memory: 12339.82 MB used,  1646.62 MB free, 13986.44 MB total
[2026.08.21-04.46.13:460][  0]LogMemory: Virtual Memory: 134213792.00 MB used,  3932.34 MB free, 134217728.00 MB total
[2026.08.21-04.46.13:469][  0]LogWindows: WindowsPlatformFeatures enabled
[2026.08.21-04.46.13:502][  0]LogInit: Physics initialised using underlying interface: PhysX
[2026.08.21-04.46.13:503][  0]LogInit: Overriding language with editor language configuration option (en).
[2026.08.21-04.46.13:503][  0]LogInit: Overriding language with editor locale configuration option (en).
[2026.08.21-04.46.13:806][  0]LogInit: Setting process to per monitor DPI aware
[2026.08.21-04.46.13:916][  0]LogWindowsTextInputMethodSystem: Display: IME system deactivated.
[2026.08.21-04.46.13:944][  0]LogSlate: New Slate User Created.  User Index 0, Is Virtual User: 0
[2026.08.21-04.46.13:944][  0]LogSlate: Slate User Registered.  User Index 0, Is Virtual User: 0
[2026.08.21-04.46.14:215][  0]LogD3D11RHI: Loaded GFSDK_Aftermath_Lib.x64.dll
[2026.08.21-04.46.14:224][  0]LogHMD: Failed to initialize OpenVR with code 110
[2026.08.21-04.46.14:224][  0]LogD3D11RHI: D3D11 min allowed feature level: 11_0
[2026.08.21-04.46.14:224][  0]LogD3D11RHI: D3D11 max allowed feature level: 11_0
[2026.08.21-04.46.14:224][  0]LogD3D11RHI: D3D11 adapters:
[2026.08.21-04.46.14:455][  0]LogD3D11RHI:    0. 'NVIDIA GeForce RTX 4070' (Feature Level 11_0)
[2026.08.21-04.46.14:455][  0]LogD3D11RHI:       12010/0/6993 MB DedicatedVideo/DedicatedSystem/SharedSystem, Outputs:1, VendorId:0x10de
[2026.08.21-04.46.14:502][  0]LogD3D11RHI:    1. 'Intel(R) UHD Graphics 770' (Feature Level 11_0)
[2026.08.21-04.46.14:502][  0]LogD3D11RHI:       2048/0/6993 MB DedicatedVideo/DedicatedSystem/SharedSystem, Outputs:1, VendorId:0x8086
[2026.08.21-04.46.14:507][  0]LogD3D11RHI:    2. 'Microsoft Basic Render Driver' (Feature Level 11_0)
[2026.08.21-04.46.14:507][  0]LogD3D11RHI:       0/0/6993 MB DedicatedVideo/DedicatedSystem/SharedSystem, Outputs:0, VendorId:0x1414
[2026.08.21-04.46.14:507][  0]LogD3D11RHI: Chosen D3D11 Adapter:
[2026.08.21-04.46.14:508][  0]LogD3D11RHI:     Description : NVIDIA GeForce RTX 4070
[2026.08.21-04.46.14:508][  0]LogD3D11RHI:     VendorId    : 10de
[2026.08.21-04.46.14:508][  0]LogD3D11RHI:     DeviceId    : 2786
[2026.08.21-04.46.14:508][  0]LogD3D11RHI:     SubSysId    : 513a1028
[2026.08.21-04.46.14:508][  0]LogD3D11RHI:     Revision    : 00a1
[2026.08.21-04.46.14:508][  0]LogD3D11RHI:     DedicatedVideoMemory : 12593397760 bytes
[2026.08.21-04.46.14:508][  0]LogD3D11RHI:     DedicatedSystemMemory : 0 bytes
[2026.08.21-04.46.14:508][  0]LogD3D11RHI:     SharedSystemMemory : 7332921344 bytes
[2026.08.21-04.46.14:508][  0]LogD3D11RHI:     AdapterLuid : 0 58053
[2026.08.21-04.46.14:517][  0]LogD3D11RHI: Creating new Direct3DDevice
[2026.08.21-04.46.14:517][  0]LogD3D11RHI:     GPU DeviceId: 0x2786 (for the marketing name, search the web for "GPU Device Id")
[2026.08.21-04.46.14:517][  0]LogWindows: EnumDisplayDevices:
[2026.08.21-04.46.14:517][  0]LogWindows:    0. 'NVIDIA GeForce RTX 4070' (P:1 D:1)
[2026.08.21-04.46.14:518][  0]LogWindows:    1. 'NVIDIA GeForce RTX 4070' (P:0 D:0)
[2026.08.21-04.46.14:518][  0]LogWindows:    2. 'NVIDIA GeForce RTX 4070' (P:0 D:0)
[2026.08.21-04.46.14:518][  0]LogWindows:    3. 'NVIDIA GeForce RTX 4070' (P:0 D:0)
[2026.08.21-04.46.14:518][  0]LogWindows:    4. 'Intel(R) UHD Graphics 770' (P:0 D:1)
[2026.08.21-04.46.14:518][  0]LogWindows:    5. 'Intel(R) UHD Graphics 770' (P:0 D:0)
[2026.08.21-04.46.14:518][  0]LogWindows:    6. 'Intel(R) UHD Graphics 770' (P:0 D:0)
[2026.08.21-04.46.14:519][  0]LogWindows:    7. 'Intel(R) UHD Graphics 770' (P:0 D:0)
[2026.08.21-04.46.14:519][  0]LogWindows: DebugString: PrimaryIsNotTheChoosenAdapter PrimaryIsNotTheChoosenAdapter PrimaryIsNotTheChoosenAdapter PrimaryIsNotTheChoosenAdapter FoundDriverCount:4 
[2026.08.21-04.46.14:519][  0]LogD3D11RHI:     Adapter Name: NVIDIA GeForce RTX 4070
[2026.08.21-04.46.14:519][  0]LogD3D11RHI:   Driver Version: 595.95 (internal:32.0.15.9595, unified:595.95)
[2026.08.21-04.46.14:519][  0]LogD3D11RHI:      Driver Date: 3-15-2026
[2026.08.21-04.46.14:519][  0]LogRHI: Texture pool is 8407 MB (70% of 12010 MB)
[2026.08.21-04.46.14:519][  0]LogD3D11RHI: Creating D3DDevice using adapter:
[2026.08.21-04.46.14:519][  0]LogD3D11RHI:     Description : NVIDIA GeForce RTX 4070
[2026.08.21-04.46.14:519][  0]LogD3D11RHI:     VendorId    : 10de
[2026.08.21-04.46.14:519][  0]LogD3D11RHI:     DeviceId    : 2786
[2026.08.21-04.46.14:519][  0]LogD3D11RHI:     SubSysId    : 513a1028
[2026.08.21-04.46.14:519][  0]LogD3D11RHI:     Revision    : 00a1
[2026.08.21-04.46.14:519][  0]LogD3D11RHI:     DedicatedVideoMemory : 12593397760 bytes
[2026.08.21-04.46.14:519][  0]LogD3D11RHI:     DedicatedSystemMemory : 0 bytes
[2026.08.21-04.46.14:519][  0]LogD3D11RHI:     SharedSystemMemory : 7332921344 bytes
[2026.08.21-04.46.14:519][  0]LogD3D11RHI:     AdapterLuid : 0 58053
[2026.08.21-04.46.14:681][  0]LogD3D11RHI: RHI has support for 64 bit atomics
[2026.08.21-04.46.14:682][  0]LogD3D11RHI: Async texture creation enabled
[2026.08.21-04.46.14:682][  0]LogD3D11RHI: Array index from any shader is supported
[2026.08.21-04.46.14:683][  0]LogD3D11RHI: HDR output is supported on display 0 (NvId: 0x80061083).
[2026.08.21-04.46.14:704][  0]LogD3D11RHI: GPU Timing Frequency: 1000.000000 (Debug: 2 2)
[2026.08.21-04.46.14:743][  0]LogRHI: GeForceNow SDK initialized: 1
[2026.08.21-04.46.15:212][  0]LogTargetPlatformManager: Display: Loaded TargetPlatform 'AllDesktop'
[2026.08.21-04.46.15:240][  0]LogTargetPlatformManager: Display: Loaded TargetPlatform 'Android'
[2026.08.21-04.46.15:240][  0]LogTargetPlatformManager: Display: Loaded TargetPlatform 'Android_ASTC'
[2026.08.21-04.46.15:240][  0]LogTargetPlatformManager: Display: Loaded TargetPlatform 'Android_DXT'
[2026.08.21-04.46.15:240][  0]LogTargetPlatformManager: Display: Loaded TargetPlatform 'Android_ETC2'
[2026.08.21-04.46.15:240][  0]LogTargetPlatformManager: Display: Loaded TargetPlatform 'AndroidClient'
[2026.08.21-04.46.15:240][  0]LogTargetPlatformManager: Display: Loaded TargetPlatform 'Android_ASTCClient'
[2026.08.21-04.46.15:240][  0]LogTargetPlatformManager: Display: Loaded TargetPlatform 'Android_DXTClient'
[2026.08.21-04.46.15:240][  0]LogTargetPlatformManager: Display: Loaded TargetPlatform 'Android_ETC2Client'
[2026.08.21-04.46.15:240][  0]LogTargetPlatformManager: Display: Loaded TargetPlatform 'Android_Multi'
[2026.08.21-04.46.15:240][  0]LogTargetPlatformManager: Display: Loaded TargetPlatform 'Android_MultiClient'
[2026.08.21-04.46.15:266][  0]LogTargetPlatformManager: Display: Loaded TargetPlatform 'IOSClient'
[2026.08.21-04.46.15:266][  0]LogTargetPlatformManager: Display: Loaded TargetPlatform 'IOS'
[2026.08.21-04.46.15:281][  0]LogTargetPlatformManager: Display: Loaded TargetPlatform 'Linux'
[2026.08.21-04.46.15:287][  0]LogTargetPlatformManager: Display: Loaded TargetPlatform 'LinuxNoEditor'
[2026.08.21-04.46.15:295][  0]LogTargetPlatformManager: Display: Loaded TargetPlatform 'LinuxClient'
[2026.08.21-04.46.15:302][  0]LogTargetPlatformManager: Display: Loaded TargetPlatform 'LinuxServer'
[2026.08.21-04.46.15:313][  0]LogTargetPlatformManager: Display: Loaded TargetPlatform 'LinuxAArch64NoEditor'
[2026.08.21-04.46.15:319][  0]LogTargetPlatformManager: Display: Loaded TargetPlatform 'LinuxAArch64Client'
[2026.08.21-04.46.15:326][  0]LogTargetPlatformManager: Display: Loaded TargetPlatform 'LinuxAArch64Server'
[2026.08.21-04.46.15:362][  0]LogTargetPlatformManager: Display: Loaded TargetPlatform 'Lumin'
[2026.08.21-04.46.15:362][  0]LogTargetPlatformManager: Display: Loaded TargetPlatform 'LuminClient'
[2026.08.21-04.46.15:376][  0]LogTargetPlatformManager: Display: Loaded TargetPlatform 'MacNoEditor'
[2026.08.21-04.46.15:385][  0]LogTargetPlatformManager: Display: Loaded TargetPlatform 'Mac'
[2026.08.21-04.46.15:394][  0]LogTargetPlatformManager: Display: Loaded TargetPlatform 'MacClient'
[2026.08.21-04.46.15:401][  0]LogTargetPlatformManager: Display: Loaded TargetPlatform 'MacServer'
[2026.08.21-04.46.15:414][  0]LogTargetPlatformManager: Display: Loaded TargetPlatform 'TVOSClient'
[2026.08.21-04.46.15:414][  0]LogTargetPlatformManager: Display: Loaded TargetPlatform 'TVOS'
[2026.08.21-04.46.15:429][  0]LogTargetPlatformManager: Display: Loaded TargetPlatform 'WindowsNoEditor'
[2026.08.21-04.46.15:438][  0]LogTargetPlatformManager: Display: Loaded TargetPlatform 'Windows'
[2026.08.21-04.46.15:446][  0]LogTargetPlatformManager: Display: Loaded TargetPlatform 'WindowsClient'
[2026.08.21-04.46.15:456][  0]LogTargetPlatformManager: Display: Loaded TargetPlatform 'WindowsServer'
[2026.08.21-04.46.15:456][  0]LogTargetPlatformManager: Display: Building Assets For Windows
[2026.08.21-04.46.15:469][  0]LogAudioDebug: Display: Lib vorbis DLL was dynamically loaded.
[2026.08.21-04.46.15:533][  0]LogTextureFormatOodle: Display: Oodle Texture 2.9.0 init RDO Off
[2026.08.21-04.46.15:607][  0]LogRendererCore: Ray tracing is disabled. Reason: r.RayTracing=0.
[2026.08.21-04.46.15:607][  0]LogShaderCompilers: Guid format shader working directory is -2 characters bigger than the processId version (../../../../../../UEProject/UnrealLearn/MyProject3/Intermediate/Shaders/WorkingDirectory/17272/).
[2026.08.21-04.46.15:607][  0]LogShaderCompilers: Cleaned the shader compiler working directory 'C:/Users/LiamChen/AppData/Local/Temp/UnrealShaderWorkingDir/927AA6BA440C48E0E4D0848269A18A90/'.
[2026.08.21-04.46.15:607][  0]LogXGEController: Cannot use XGE Controller as Incredibuild is not installed on this machine.
[2026.08.21-04.46.15:607][  0]LogShaderCompilers: Cannot use XGE Shader Compiler as Incredibuild is not installed on this machine.
[2026.08.21-04.46.15:607][  0]LogShaderCompilers: Display: Using Local Shader Compiler.
[2026.08.21-04.46.16:556][  0]LogDerivedDataCache: Display: Max Cache Size: 512 MB
[2026.08.21-04.46.16:679][  0]LogDerivedDataCache: Loaded boot cache 0.12s 94MB C:/Users/LiamChen/AppData/Local/UnrealEngine/4.27/DerivedDataCache/Boot.ddc.
[2026.08.21-04.46.16:679][  0]LogDerivedDataCache: Display: Loaded Boot cache: C:/Users/LiamChen/AppData/Local/UnrealEngine/4.27/DerivedDataCache/Boot.ddc
[2026.08.21-04.46.16:679][  0]LogDerivedDataCache: FDerivedDataBackendGraph:  Pak pak cache file ../../../../../../UEProject/UnrealLearn/MyProject3/DerivedDataCache/DDC.ddp not found, will not use a pak cache.
[2026.08.21-04.46.16:679][  0]LogDerivedDataCache: Unable to find inner node Pak for hierarchical cache Hierarchy.
[2026.08.21-04.46.16:679][  0]LogDerivedDataCache: FDerivedDataBackendGraph:  CompressedPak pak cache file ../../../../../../UEProject/UnrealLearn/MyProject3/DerivedDataCache/Compressed.ddp not found, will not use a pak cache.
[2026.08.21-04.46.16:679][  0]LogDerivedDataCache: Unable to find inner node CompressedPak for hierarchical cache Hierarchy.
[2026.08.21-04.46.16:697][  0]LogDerivedDataCache: Display: Pak cache opened for reading ../../../Engine/DerivedDataCache/Compressed.ddp.
[2026.08.21-04.46.16:698][  0]LogDerivedDataCache: FDerivedDataBackendGraph:  EnterprisePak pak cache file ../../../Enterprise/DerivedDataCache/Compressed.ddp not found, will not use a pak cache.
[2026.08.21-04.46.16:698][  0]LogDerivedDataCache: Unable to find inner node EnterprisePak for hierarchical cache Hierarchy.
[2026.08.21-04.46.16:714][  0]LogDerivedDataCache: Speed tests for C:/Users/LiamChen/AppData/Local/UnrealEngine/Common/DerivedDataCache took 0.02 seconds
[2026.08.21-04.46.16:714][  0]LogDerivedDataCache: Display: Performance to C:/Users/LiamChen/AppData/Local/UnrealEngine/Common/DerivedDataCache: Latency=0.09ms. RandomReadSpeed=178.18MBs, RandomWriteSpeed=98.90MBs. Assigned SpeedClass 'Local'
[2026.08.21-04.46.16:716][  0]LogDerivedDataCache: Using Local data cache path C:/Users/LiamChen/AppData/Local/UnrealEngine/Common/DerivedDataCache: Writable
[2026.08.21-04.46.16:716][  0]LogDerivedDataCache: Shared data cache path not found in *engine.ini, will not use an Shared cache.
[2026.08.21-04.46.16:716][  0]LogDerivedDataCache: Unable to find inner node Shared for hierarchical cache Hierarchy.
[2026.08.21-04.46.16:772][  0]LogSlate: Using FreeType 2.10.0
[2026.08.21-04.46.16:773][  0]LogSlate: SlateFontServices - WITH_FREETYPE: 1, WITH_HARFBUZZ: 1
[2026.08.21-04.46.16:811][  0]LogAssetRegistry: FAssetRegistry took 0.0041 seconds to start up
[2026.08.21-04.46.17:107][  0]LogInit: Selected Device Profile: [Windows]
[2026.08.21-04.46.17:107][  0]LogInit: Active device profile: [000001D5BD1F5400][000001D5B65464C0 49] Windows
[2026.08.21-04.46.17:107][  0]LogInit: Profiles: [000001D5BD1F5400][000001D5B65464C0 49] Windows, [000001D5BD187F00][000001D5B65B4600 49] WindowsNoEditor, [000001D5BD19F500][000001D5BADCC740 49] WindowsServer, [000001D5BD186F00][000001D5B65B8880 49] WindowsClient, [000001D5BD19CA00][000001D5B94E89C0 49] IOS, [000001D5BD186200][000001D5B94F0B40 49] iPadAir, [000001D5BD19E000][000001D5BABA6CC0 49] iPadAir2, [000001D5BD150600][000001D5BABAEF80 49] IPadPro, [000001D5BD150700][000001D5BABAAFC0 49] iPadAir3, [000001D5BD185300][000001D5BABB3140 49] iPadAir4, [000001D5BD151400][000001D5BABB72C0 49] iPadMini2, [000001D5BD187300][000001D5BBED1440 49] iPadMini3, [000001D5BD151F00][000001D5BBED55C0 49] iPadMini4, [000001D5BD185B00][000001D5BBED9740 49] iPadMini5, [000001D5BD13FE00][000001D5BBEE1A00 49] iPhone6, [000001D5BD13FF00][000001D5BBEDDA40 49] iPodTouch6, [000001D5BD19E600][000001D5BBEE8180 49] iPhone7, [000001D5BD19F600][000001D5BBEE41C0 49] iPodTouch7, [000001D5BD153900][000001D5BBEEC340 49] iPhone5S, [000001D5BD19FF00][000001D5BAD164C0 49] iPhone6Plus, [000001D5BD152400][000001D5BAD1A640 49] iPhone6S, [000001D5BD13C100][000001D5B94EC780 49] iPhone6SPlus, [000001D5BD19DD00][000001D5BAD1E8C0 49] iPhone7Plus, [000001D5BD13FA00][000001D5BAD22A00 49] iPhoneSE, [000001D5BD19E900][000001D5BAD26B40 49] iPhone8, [000001D5BD152F00][000001D5BAD2ECC0 49] iPhone8Plus, [000001D5BD13DC00][000001D5BAD32E40 49] iPhoneX, [000001D5BD153A00][000001D5BAD36FC0 49] iPhoneXS, [000001D5BD13DB00][000001D5BAD3B140 49] iPhoneXSMax, [000001D5BD19D400][000001D5BAD3F2C0 49] iPhoneXR, [000001D5BD13D400][000001D5BAD43440 49] iPhone11, [000001D5BD19E800][000001D5BAD475C0 49] iPhone11Pro, [000001D5BD13E900][000001D5BAD4B740 49] iPhone11ProMax, [000001D5BD19EE00][000001D5B688B8C0 49] iPhoneSE2, [000001D5BD13F600][000001D5B688FA40 49] iPhone12Mini, [000001D5BD19FC00][000001D5B6893BC0 49] iPhone12, [000001D5BD13CE00][000001D5B68961C0 49] iPhone12Pro, [000001D5BD19C600][000001D5B689A340 49] iPhone12ProMax, [000001D5BD13E800][000001D5B689E4C0 49] iPadPro105, [000001D5BD19E200][000001D5B68A2640 49] iPadPro129, [000001D5BD13D700][000001D5B68A67C0 49] iPadPro97, [000001D5BD19D900][000001D5B68AA940 49] iPadPro2_129, [000001D5BD13DE00][000001D5BAD2AA80 49] iPad5, [000001D5BD19C200][000001D5B68AEBC0 49] iPad6, [000001D5BD13C900][000001D5B68B2D00 49] iPad7, [000001D5BD19CE00][000001D5B68BAE80 49] iPad8, [000001D5BD13D800][000001D5B68BF000 49] iPadPro11, [000001D5BD19F700][000001D5B68C3180 49] iPadPro2_11, [000001D5BD13F100][000001D5BC173300 49] iPadPro3_129, [000001D5BD19E100][000001D5BC177480 49] iPadPro4_129, [000001D5BD13C500][000001D5BC17B600 49] AppleTV, [000001D5BD19CD00][000001D5BC17F780 49] AppleTV4K, [000001D5BD13CA00][000001D5BC183900 49] TVOS, [000001D5BD19F400][000001D5BC187A80 49] Mac, [000001D5BD13C600][000001D5BC18BC00 49] MacClient, [000001D5BD19DB00][000001D5BC18E200 49] MacNoEditor, [000001D5BD13FC00][000001D5BC192380 49] MacServer, [000001D5BD19F000][000001D5BC196500 49] Linux, [000001D5BD13E100][000001D5BC19A680 49] LinuxAArch64, [000001D5BD19E400][000001D5BC19E800 49] LinuxNoEditor, [000001D5BD13C200][000001D5BC1A2980 49] LinuxAArch64NoEditor, [000001D5BD19F300][000001D5BC1A6B00 49] LinuxClient, [000001D5BD13D900][000001D5B68B6C40 49] LinuxAArch64Client, [000001D5BD19FE00][000001D5BC1AAD80 49] LinuxServer, [000001D5BD13EF00][000001D5BC1AEEC0 49] LinuxAArch64Server, [000001D5BD19F800][000001D5BC1B7040 49] Android, [000001D5BD13DA00][000001D5BC1BB1C0 49] Android_Low, [000001D5BD19D800][000001D5BC1BF340 49] Android_Mid, [000001D5BD13CB00][000001D5BC1C34C0 49] Android_High, [000001D5BD19CF00][000001D5BC1C7640 49] Android_Default, [000001D5BD13E300][000001D5BC1CB7C0 49] Android_Adreno4xx, [000001D5BD19F100][000001D5BC1CF940 49] Android_Adreno5xx_Low, [000001D5BD13C700][000001D5BC1D3AC0 49] Android_Adreno5xx, [000001D5BD19E500][000001D5BC1D60C0 49] Android_Adreno6xx, [000001D5BD13F300][000001D5BC1DA240 49] Android_Adreno6xx_Vulkan, [000001D5BD1F6D00][000001D5BC1DE3C0 49] Android_Mali_T6xx, [000001D5BD152E00][000001D5BC1E2540 49] Android_Mali_T7xx, [000001D5BD1F5200][000001D5BC1E66C0 49] Android_Mali_T8xx, [000001D5BD150F00][000001D5BC1EA840 49] Android_Mali_G71, [000001D5BD1F4C00][000001D5BC1EE9C0 49] Android_Mali_G72, [000001D5BD150800][000001D5BC1F2B40 49] Android_Mali_G72_Vulkan, [000001D5BD1F5900][000001D5BC1F6CC0 49] Android_Mali_G76, [000001D5BD152B00][000001D5BC1B2E00 49] Android_Mali_G76_Vulkan, [000001D5BD1F6C00][000001D5BC1FAF40 49] Android_Mali_G77, [000001D5BD153E00][000001D5BC1FF080 49] Android_Mali_G77_Vulkan, [000001D5BD1F4D00][000001D5BC2031C0 49] Android_Mali_G78, [000001D5BD151C00][000001D5BC20B340 49] Android_Mali_G78_Vulkan, [000001D5BD1F6E00][000001D5BC20F4C0 49] Android_Mali_G710, [000001D5BD153B00][000001D5BC213640 49] Android_Mali_G710_Vulkan, [000001D5BD1F7100][000001D5BC2177C0 49] Android_Vulkan_SM5, [000001D5BD152900][000001D5BC21B940 49] Android_PowerVR_G6xxx, [000001D5BD1F6400][000001D5BC21FAC0 49] Android_PowerVR_GT7xxx, [000001D5BD150200][000001D5BC2220C0 49] Android_PowerVR_GE8xxx, [000001D5BD1F4400][000001D5BC226240 49] Android_PowerVR_GM9xxx, [000001D5BD150300][000001D5BC22A3C0 49] Android_PowerVR_GM9xxx_Vulkan, [000001D5BD1F6F00][000001D5BD240540 49] Android_TegraK1, [000001D5BD151000][000001D5BD2446C0 49] Android_Unknown_Vulkan, [000001D5BD13DD00][000001D5BD248840 49] Lumin, [000001D5BD150C00][000001D5BD24C9C0 49] Lumin_Desktop, [000001D5BD13D000][000001D5BD250B40 49] HoloLens, 
[2026.08.21-04.46.17:245][  0]LogMeshReduction: Using QuadricMeshReduction for automatic static mesh reduction
[2026.08.21-04.46.17:245][  0]LogMeshReduction: Using SimplygonMeshReduction for automatic skeletal mesh reduction
[2026.08.21-04.46.17:245][  0]LogMeshReduction: Using ProxyLODMeshReduction for automatic mesh merging
[2026.08.21-04.46.17:245][  0]LogMeshReduction: No distributed automatic mesh merging module available
[2026.08.21-04.46.17:245][  0]LogMeshMerging: No distributed automatic mesh merging module available
[2026.08.21-04.46.17:264][  0]LogNetVersion: MyProject3 1.0.0, NetCL: 17155196, EngineNetVer: 17, GameNetVer: 0 (Checksum: 3986482189)
[2026.08.21-04.46.17:749][  0]LogTexture: Default maximum texture size for cubemaps generated from long-lat sources has been changed from 512 to unlimited. In order to preserve old behaiour for '/Engine/MapTemplates/Sky/DaylightAmbientCubemap.DaylightAmbientCubemap', its maximum texture size has been explicitly set to 512.
[2026.08.21-04.46.17:823][  0]LogHMD: PokeAHoleMaterial loaded successfully
[2026.08.21-04.46.17:829][  0]LogUObjectArray: 17178 objects as part of root set at end of initial load.
[2026.08.21-04.46.17:829][  0]LogUObjectAllocator: 4302048 out of 0 bytes used by permanent object pool.
[2026.08.21-04.46.17:829][  0]LogUObjectArray: CloseDisregardForGC: 0/0 objects in disregard for GC pool
[2026.08.21-04.46.18:065][  0]LogNiagaraDebuggerClient: Niagara Debugger Client Initialized | Session: 63E9A5AB4A37AE713401C791496A5504 | Instance: BB325BD44229874809149CA9C3044217 (MANKA-D-D-6017-17272).
[2026.08.21-04.46.18:299][  0]LogPython: Using Python 3.7.7
[2026.08.21-04.46.18:890][  0]LogUdpMessaging: Initializing bridge on interface 0.0.0.0:0 to multicast group 230.0.0.1:6666.
[2026.08.21-04.46.18:900][  0]LogTcpMessaging: Initializing TcpMessaging bridge
[2026.08.21-04.46.19:124][  0]SourceControl: Source control is disabled
[2026.08.21-04.46.19:124][  0]SourceControl: Source control is disabled
[2026.08.21-04.46.19:135][  0]SourceControl: Source control is disabled
[2026.08.21-04.46.19:138][  0]SourceControl: Source control is disabled
[2026.08.21-04.46.19:142][  0]SourceControl: Source control is disabled
[2026.08.21-04.46.19:158][  0]LogUProjectInfo: Found projects:
[2026.08.21-04.46.19:396][  0]LogOpenImageDenoise: OIDN starting up
[2026.08.21-04.46.19:465][  0]LogAndroidPermission: UAndroidPermissionCallbackProxy::GetInstance
[2026.08.21-04.46.19:499][  0]LogAudioCaptureCore: Display: No Audio Capture implementations found. Audio input will be silent.
[2026.08.21-04.46.19:500][  0]LogAudioCaptureCore: Display: No Audio Capture implementations found. Audio input will be silent.
[2026.08.21-04.46.19:627][  0]LogCollectionManager: Loaded 0 collections in 0.001349 seconds
[2026.08.21-04.46.19:661][  0]LogFileCache: Scanning file cache for directory 'C:/UEProject/UnrealLearn/MyProject3/Saved/Collections/' took 0.00s
[2026.08.21-04.46.19:661][  0]LogFileCache: Scanning file cache for directory 'C:/UEProject/UnrealLearn/MyProject3/Content/Developers/LiamChen/Collections/' took 0.00s
[2026.08.21-04.46.19:661][  0]LogFileCache: Scanning file cache for directory 'C:/UEProject/UnrealLearn/MyProject3/Content/Collections/' took 0.00s
[2026.08.21-04.46.19:661][  0]LogOcInput: OculusInput pre-init called
[2026.08.21-04.46.19:929][  0]LogEngine: Initializing Engine...
[2026.08.21-04.46.19:932][  0]LogHMD: Failed to enumerate extensions. Please check that you have a valid OpenXR runtime installed.
[2026.08.21-04.46.19:932][  0]LogHMD: Failed to initialize OpenVR with code 110
[2026.08.21-04.46.19:932][  0]LogMagicLeap: Warning: VR disabled because ZI is not enabled.  To enable, in the editor, Edit -> Project Settings -> Plugins -> Magic Leap Plugin -> Enable Zero Iteration
[2026.08.21-04.46.19:933][  0]LogStats: UGameplayTagsManager::InitializeManager -  0.000 s
[2026.08.21-04.46.20:069][  0]LogInit: Initializing FReadOnlyCVARCache
[2026.08.21-04.46.20:078][  0]LogAIModule: Creating AISystem for world Untitled
[2026.08.21-04.46.20:078][  0]LogAudio: Display: Initializing Audio Device Manager...
[2026.08.21-04.46.20:084][  0]LogAudio: Display: Loading Default Audio Settings Objects...
[2026.08.21-04.46.20:084][  0]LogAudio: Display: No default SoundConcurrencyObject specified (or failed to load).
[2026.08.21-04.46.20:085][  0]LogAudio: Display: Audio Device Manager Initialized
[2026.08.21-04.46.20:085][  0]LogAudio: Display: Creating Audio Device:                 Id: 1, Scope: Shared, Realtime: True
[2026.08.21-04.46.20:085][  0]LogAudioMixer: Display: Audio Mixer Platform Settings:
[2026.08.21-04.46.20:085][  0]LogAudioMixer: Display: 	Sample Rate:						  48000
[2026.08.21-04.46.20:085][  0]LogAudioMixer: Display: 	Callback Buffer Frame Size Requested: 1024
[2026.08.21-04.46.20:085][  0]LogAudioMixer: Display: 	Callback Buffer Frame Size To Use:	  1024
[2026.08.21-04.46.20:085][  0]LogAudioMixer: Display: 	Number of buffers to queue:			  2
[2026.08.21-04.46.20:085][  0]LogAudioMixer: Display: 	Max Channels (voices):				  32
[2026.08.21-04.46.20:085][  0]LogAudioMixer: Display: 	Number of Async Source Workers:		  0
[2026.08.21-04.46.20:085][  0]LogAudio: Display: AudioDevice MaxSources: 32
[2026.08.21-04.46.20:085][  0]LogAudio: Display: Audio Spatialization Plugin: None (built-in).
[2026.08.21-04.46.20:085][  0]LogAudio: Display: Audio Reverb Plugin: None (built-in).
[2026.08.21-04.46.20:085][  0]LogAudio: Display: Audio Occlusion Plugin: None (built-in).
[2026.08.21-04.46.20:085][  0]LogAudioMixer: Display: Initializing audio mixer.
[2026.08.21-04.46.20:093][  0]LogAudioMixer: Display: 0: FrontLeft
[2026.08.21-04.46.20:093][  0]LogAudioMixer: Display: 1: FrontRight
[2026.08.21-04.46.20:107][  0]LogAudioMixer: Display: Using Audio Device G274F (HD Audio Driver for Display Audio)
[2026.08.21-04.46.20:110][  0]LogAudioMixer: Display: Initializing Sound Submixes...
[2026.08.21-04.46.20:112][  0]LogAudioMixer: Display: Creating Master Submix 'MasterSubmixDefault'
[2026.08.21-04.46.20:112][  0]LogAudioMixer: Display: Creating Master Submix 'MasterReverbSubmixDefault'
[2026.08.21-04.46.20:114][  0]LogAudioMixer: Display: Creating Master Submix 'MasterEQSubmixDefault'
[2026.08.21-04.46.20:114][  0]LogAudioMixer: FMixerPlatformXAudio2::StartAudioStream() called
[2026.08.21-04.46.20:114][  0]LogAudioMixer: Display: Output buffers initialized: Frames=1024, Channels=2, Samples=2048
[2026.08.21-04.46.20:115][  0]LogAudioMixer: Display: Starting AudioMixerPlatformInterface::RunInternal()
[2026.08.21-04.46.20:115][  0]LogAudioMixer: Display: FMixerPlatformXAudio2::SubmitBuffer() called for the first time
[2026.08.21-04.46.20:115][  0]LogInit: FAudioDevice initialized.
[2026.08.21-04.46.20:115][  0]LogAudio: Display: Audio Device (ID: 1) registered with world 'Untitled'.
[2026.08.21-04.46.20:116][  0]LogNetVersion: Set ProjectVersion to 1.0.0.0. Version Checksum will be recalculated on next use.
[2026.08.21-04.46.20:169][  0]LogDerivedDataCache: Saved boot cache 0.05s 94MB C:/Users/LiamChen/AppData/Local/UnrealEngine/4.27/DerivedDataCache/Boot.ddc.
[2026.08.21-04.46.20:170][  0]LogInit: Texture streaming: Enabled
[2026.08.21-04.46.20:186][  0]LogAnalytics: Display: [UEEditor.Rocket.Release] APIServer = https://datarouter.ol.epicgames.com/. AppVersion = 4.27.2-18319896+++UE4+Release-4.27
[2026.08.21-04.46.20:191][  0]LogEngineSessionManager: EngineSessionManager initialized
[2026.08.21-04.46.20:191][  0]LogEngineSessionManager: EngineSessionManager sent abnormal shutdown report. Type=Crashed, SessionId={7CB42AB4-4C98-E1AD-23B1-C48080CF25BD}
[2026.08.21-04.46.20:191][  0]LogEditorSessionSummary: Verbose: Initializing EditorSessionSummaryWriter for editor session tracking
[2026.08.21-04.46.20:193][  0]LogEditorSessionSummary: EditorSessionSummaryWriter initialized
[2026.08.21-04.46.20:224][  0]LogInit: Transaction tracking system initialized
[2026.08.21-04.46.20:255][  0]BlueprintLog: New page: Editor Load
[2026.08.21-04.46.20:327][  0]LocalizationService: Localization service is disabled
[2026.08.21-04.46.20:355][  0]TimingProfiler: Initialize
[2026.08.21-04.46.20:355][  0]TimingProfiler: OnSessionChanged
[2026.08.21-04.46.20:355][  0]LoadingProfiler: Initialize
[2026.08.21-04.46.20:355][  0]LoadingProfiler: OnSessionChanged
[2026.08.21-04.46.20:355][  0]NetworkingProfiler: Initialize
[2026.08.21-04.46.20:355][  0]NetworkingProfiler: OnSessionChanged
[2026.08.21-04.46.20:355][  0]MemoryProfiler: Initialize
[2026.08.21-04.46.20:355][  0]MemoryProfiler: OnSessionChanged
[2026.08.21-04.46.20:494][  0]LogCook: Display: CookSettings for Memory: MemoryMaxUsedVirtual 0MiB, MemoryMaxUsedPhysical 16384MiB, MemoryMinFreeVirtual 0MiB, MemoryMinFreePhysical 1024MiB
[2026.08.21-04.46.20:494][  0]LogCook: Display: Mobile HDR setting 1
[2026.08.21-04.46.20:717][  0]LogFileCache: Scanning file cache for directory 'C:/UEProject/UnrealLearn/MyProject3/Content/' took 0.00s
[2026.08.21-04.46.20:881][  0]LogInit: Display: Engine is initialized. Leaving FEngineLoop::Init()
[2026.08.21-04.46.20:884][  0]SourceControl: Source control is disabled
[2026.08.21-04.46.20:884][  0]LogUnrealEdMisc: Loading editor; pre map load, took 8.942
[2026.08.21-04.46.20:884][  0]Cmd: MAP LOAD FILE="../../../../../../UEProject/UnrealLearn/MyProject3/Content/ThirdPersonBP/Maps/ThirdPersonExampleMap.umap" TEMPLATE=0 SHOWPROGRESS=1 FEATURELEVEL=3
[2026.08.21-04.46.20:885][  0]LightingResults: New page: Lighting Build
[2026.08.21-04.46.20:886][  0]LogWorld: UWorld::CleanupWorld for Untitled, bSessionEnded=true, bCleanupResources=true
[2026.08.21-04.46.20:886][  0]LogSlate: InvalidateAllWidgets triggered.  All widgets were invalidated
[2026.08.21-04.46.20:887][  0]MapCheck: New page: Map Check
[2026.08.21-04.46.20:887][  0]LightingResults: New page: Lighting Build
[2026.08.21-04.46.20:900][  0]LogAudio: Display: Audio Device unregistered from world 'None'.
[2026.08.21-04.46.20:903][  0]LogUObjectHash: Compacting FUObjectHashTables data took   0.58ms
[2026.08.21-04.46.21:129][  0]LogAudio: Display: Audio Device (ID: 1) registered with world 'ThirdPersonExampleMap'.
[2026.08.21-04.46.21:130][  0]LogAIModule: Creating AISystem for world ThirdPersonExampleMap
[2026.08.21-04.46.21:135][  0]LogEditorServer: Finished looking for orphan Actors (0.000 secs)
[2026.08.21-04.46.21:141][  0]LogUObjectHash: Compacting FUObjectHashTables data took   0.61ms
[2026.08.21-04.46.21:143][  0]Cmd: MAP CHECKDEP NOCLEARLOG
[2026.08.21-04.46.21:144][  0]MapCheck: Map check complete: 0 Error(s), 0 Warning(s), took 0.122ms to complete.
[2026.08.21-04.46.21:144][  0]LogFileHelpers: Loading map 'ThirdPersonExampleMap' took 0.259
[2026.08.21-04.46.21:145][  0]LogUnrealEdMisc: Total Editor Startup Time, took 9.203
[2026.08.21-04.46.21:246][  0]LogSlate: Updating window title bar state: overlay mode, drag disabled, window buttons hidden, title bar hidden
[2026.08.21-04.46.21:251][  0]LogSlate: Updating window title bar state: overlay mode, drag disabled, window buttons hidden, title bar hidden
[2026.08.21-04.46.21:256][  0]LogSlate: Updating window title bar state: overlay mode, drag disabled, window buttons hidden, title bar hidden
[2026.08.21-04.46.21:263][  0]LogSlate: Updating window title bar state: overlay mode, drag disabled, window buttons hidden, title bar hidden
[2026.08.21-04.46.21:281][  0]LogNativeClassHierarchy: Verbose: Native class hierarchy populated in 0.0124 seconds. Added 3822 classes and 928 folders.
[2026.08.21-04.46.21:284][  0]LogNativeClassHierarchy: Verbose: Native class hierarchy updated for 'WidgetCarousel' in 0.0002 seconds. Added 0 classes and 0 folders.
[2026.08.21-04.46.21:286][  0]LogPakFile: PakFile PrimaryIndexSize=187
[2026.08.21-04.46.21:286][  0]LogPakFile: PakFile PathHashIndexSize=101
[2026.08.21-04.46.21:286][  0]LogPakFile: PakFile FullDirectoryIndexSize=148
[2026.08.21-04.46.21:286][  0]LogShaderLibrary: Display: ShaderCodeLibraryPakFileMountedCallback: PakFile 'C:/Program Files/Epic Games/UE_4.27/FeaturePacks/FP_FirstPerson.upack' (chunk index -1, root 'root:/') mounted
[2026.08.21-04.46.21:286][  0]LogShaderLibrary: Display: ShaderCodeLibraryPakFileMountedCallback: pending pak file info (ChunkID:-1 Root:root:/ File:C:/Program Files/Epic Games/UE_4.27/FeaturePacks/FP_FirstPerson.upack)
[2026.08.21-04.46.21:286][  0]LogPakFile: OnPakFileMounted2Time == 0.000066
[2026.08.21-04.46.21:287][  0]LogPakFile: PakFile PrimaryIndexSize=189
[2026.08.21-04.46.21:287][  0]LogPakFile: PakFile PathHashIndexSize=101
[2026.08.21-04.46.21:287][  0]LogPakFile: PakFile FullDirectoryIndexSize=152
[2026.08.21-04.46.21:287][  0]LogShaderLibrary: Display: ShaderCodeLibraryPakFileMountedCallback: PakFile 'C:/Program Files/Epic Games/UE_4.27/FeaturePacks/FP_FirstPersonBP.upack' (chunk index -1, root 'root:/') mounted
[2026.08.21-04.46.21:287][  0]LogShaderLibrary: Display: ShaderCodeLibraryPakFileMountedCallback: pending pak file info (ChunkID:-1 Root:root:/ File:C:/Program Files/Epic Games/UE_4.27/FeaturePacks/FP_FirstPersonBP.upack)
[2026.08.21-04.46.21:287][  0]LogPakFile: OnPakFileMounted2Time == 0.000046
[2026.08.21-04.46.21:290][  0]LogPakFile: PakFile PrimaryIndexSize=191
[2026.08.21-04.46.21:290][  0]LogPakFile: PakFile PathHashIndexSize=101
[2026.08.21-04.46.21:290][  0]LogPakFile: PakFile FullDirectoryIndexSize=160
[2026.08.21-04.46.21:290][  0]LogShaderLibrary: Display: ShaderCodeLibraryPakFileMountedCallback: PakFile 'C:/Program Files/Epic Games/UE_4.27/FeaturePacks/MobileStarterContent.upack' (chunk index -1, root 'root:/') mounted
[2026.08.21-04.46.21:290][  0]LogShaderLibrary: Display: ShaderCodeLibraryPakFileMountedCallback: pending pak file info (ChunkID:-1 Root:root:/ File:C:/Program Files/Epic Games/UE_4.27/FeaturePacks/MobileStarterContent.upack)
[2026.08.21-04.46.21:290][  0]LogPakFile: OnPakFileMounted2Time == 0.000039
[2026.08.21-04.46.21:291][  0]LogPakFile: PakFile PrimaryIndexSize=185
[2026.08.21-04.46.21:291][  0]LogPakFile: PakFile PathHashIndexSize=101
[2026.08.21-04.46.21:291][  0]LogPakFile: PakFile FullDirectoryIndexSize=148
[2026.08.21-04.46.21:291][  0]LogShaderLibrary: Display: ShaderCodeLibraryPakFileMountedCallback: PakFile 'C:/Program Files/Epic Games/UE_4.27/FeaturePacks/StarterContent.upack' (chunk index -1, root 'root:/') mounted
[2026.08.21-04.46.21:291][  0]LogShaderLibrary: Display: ShaderCodeLibraryPakFileMountedCallback: pending pak file info (ChunkID:-1 Root:root:/ File:C:/Program Files/Epic Games/UE_4.27/FeaturePacks/StarterContent.upack)
[2026.08.21-04.46.21:291][  0]LogPakFile: OnPakFileMounted2Time == 0.000037
[2026.08.21-04.46.21:292][  0]LogPakFile: PakFile PrimaryIndexSize=190
[2026.08.21-04.46.21:292][  0]LogPakFile: PakFile PathHashIndexSize=101
[2026.08.21-04.46.21:292][  0]LogPakFile: PakFile FullDirectoryIndexSize=154
[2026.08.21-04.46.21:292][  0]LogShaderLibrary: Display: ShaderCodeLibraryPakFileMountedCallback: PakFile 'C:/Program Files/Epic Games/UE_4.27/FeaturePacks/TP_2DSideScroller.upack' (chunk index -1, root 'root:/') mounted
[2026.08.21-04.46.21:292][  0]LogShaderLibrary: Display: ShaderCodeLibraryPakFileMountedCallback: pending pak file info (ChunkID:-1 Root:root:/ File:C:/Program Files/Epic Games/UE_4.27/FeaturePacks/TP_2DSideScroller.upack)
[2026.08.21-04.46.21:292][  0]LogPakFile: OnPakFileMounted2Time == 0.000032
[2026.08.21-04.46.21:293][  0]LogPakFile: PakFile PrimaryIndexSize=192
[2026.08.21-04.46.21:293][  0]LogPakFile: PakFile PathHashIndexSize=101
[2026.08.21-04.46.21:293][  0]LogPakFile: PakFile FullDirectoryIndexSize=158
[2026.08.21-04.46.21:293][  0]LogShaderLibrary: Display: ShaderCodeLibraryPakFileMountedCallback: PakFile 'C:/Program Files/Epic Games/UE_4.27/FeaturePacks/TP_2DSideScrollerBP.upack' (chunk index -1, root 'root:/') mounted
[2026.08.21-04.46.21:293][  0]LogShaderLibrary: Display: ShaderCodeLibraryPakFileMountedCallback: pending pak file info (ChunkID:-1 Root:root:/ File:C:/Program Files/Epic Games/UE_4.27/FeaturePacks/TP_2DSideScrollerBP.upack)
[2026.08.21-04.46.21:293][  0]LogPakFile: OnPakFileMounted2Time == 0.000032
[2026.08.21-04.46.21:294][  0]LogPakFile: PakFile PrimaryIndexSize=182
[2026.08.21-04.46.21:294][  0]LogPakFile: PakFile PathHashIndexSize=101
[2026.08.21-04.46.21:294][  0]LogPakFile: PakFile FullDirectoryIndexSize=138
[2026.08.21-04.46.21:294][  0]LogShaderLibrary: Display: ShaderCodeLibraryPakFileMountedCallback: PakFile 'C:/Program Files/Epic Games/UE_4.27/FeaturePacks/TP_Flying.upack' (chunk index -1, root 'root:/') mounted
[2026.08.21-04.46.21:294][  0]LogShaderLibrary: Display: ShaderCodeLibraryPakFileMountedCallback: pending pak file info (ChunkID:-1 Root:root:/ File:C:/Program Files/Epic Games/UE_4.27/FeaturePacks/TP_Flying.upack)
[2026.08.21-04.46.21:294][  0]LogPakFile: OnPakFileMounted2Time == 0.000034
[2026.08.21-04.46.21:295][  0]LogPakFile: PakFile PrimaryIndexSize=184
[2026.08.21-04.46.21:295][  0]LogPakFile: PakFile PathHashIndexSize=101
[2026.08.21-04.46.21:295][  0]LogPakFile: PakFile FullDirectoryIndexSize=142
[2026.08.21-04.46.21:295][  0]LogShaderLibrary: Display: ShaderCodeLibraryPakFileMountedCallback: PakFile 'C:/Program Files/Epic Games/UE_4.27/FeaturePacks/TP_FlyingBP.upack' (chunk index -1, root 'root:/') mounted
[2026.08.21-04.46.21:295][  0]LogShaderLibrary: Display: ShaderCodeLibraryPakFileMountedCallback: pending pak file info (ChunkID:-1 Root:root:/ File:C:/Program Files/Epic Games/UE_4.27/FeaturePacks/TP_FlyingBP.upack)
[2026.08.21-04.46.21:295][  0]LogPakFile: OnPakFileMounted2Time == 0.000040
[2026.08.21-04.46.21:296][  0]LogPakFile: PakFile PrimaryIndexSize=188
[2026.08.21-04.46.21:296][  0]LogPakFile: PakFile PathHashIndexSize=101
[2026.08.21-04.46.21:296][  0]LogPakFile: PakFile FullDirectoryIndexSize=150
[2026.08.21-04.46.21:296][  0]LogShaderLibrary: Display: ShaderCodeLibraryPakFileMountedCallback: PakFile 'C:/Program Files/Epic Games/UE_4.27/FeaturePacks/TP_HandheldARBP.upack' (chunk index -1, root 'root:/') mounted
[2026.08.21-04.46.21:296][  0]LogShaderLibrary: Display: ShaderCodeLibraryPakFileMountedCallback: pending pak file info (ChunkID:-1 Root:root:/ File:C:/Program Files/Epic Games/UE_4.27/FeaturePacks/TP_HandheldARBP.upack)
[2026.08.21-04.46.21:296][  0]LogPakFile: OnPakFileMounted2Time == 0.000034
[2026.08.21-04.46.21:297][  0]LogPakFile: PakFile PrimaryIndexSize=182
[2026.08.21-04.46.21:297][  0]LogPakFile: PakFile PathHashIndexSize=101
[2026.08.21-04.46.21:297][  0]LogPakFile: PakFile FullDirectoryIndexSize=138
[2026.08.21-04.46.21:297][  0]LogShaderLibrary: Display: ShaderCodeLibraryPakFileMountedCallback: PakFile 'C:/Program Files/Epic Games/UE_4.27/FeaturePacks/TP_Puzzle.upack' (chunk index -1, root 'root:/') mounted
[2026.08.21-04.46.21:297][  0]LogShaderLibrary: Display: ShaderCodeLibraryPakFileMountedCallback: pending pak file info (ChunkID:-1 Root:root:/ File:C:/Program Files/Epic Games/UE_4.27/FeaturePacks/TP_Puzzle.upack)
[2026.08.21-04.46.21:297][  0]LogPakFile: OnPakFileMounted2Time == 0.000031
[2026.08.21-04.46.21:298][  0]LogPakFile: PakFile PrimaryIndexSize=184
[2026.08.21-04.46.21:298][  0]LogPakFile: PakFile PathHashIndexSize=101
[2026.08.21-04.46.21:298][  0]LogPakFile: PakFile FullDirectoryIndexSize=142
[2026.08.21-04.46.21:298][  0]LogShaderLibrary: Display: ShaderCodeLibraryPakFileMountedCallback: PakFile 'C:/Program Files/Epic Games/UE_4.27/FeaturePacks/TP_PuzzleBP.upack' (chunk index -1, root 'root:/') mounted
[2026.08.21-04.46.21:298][  0]LogShaderLibrary: Display: ShaderCodeLibraryPakFileMountedCallback: pending pak file info (ChunkID:-1 Root:root:/ File:C:/Program Files/Epic Games/UE_4.27/FeaturePacks/TP_PuzzleBP.upack)
[2026.08.21-04.46.21:298][  0]LogPakFile: OnPakFileMounted2Time == 0.000056
[2026.08.21-04.46.21:299][  0]LogPakFile: PakFile PrimaryIndexSize=183
[2026.08.21-04.46.21:299][  0]LogPakFile: PakFile PathHashIndexSize=101
[2026.08.21-04.46.21:300][  0]LogPakFile: PakFile FullDirectoryIndexSize=140
[2026.08.21-04.46.21:300][  0]LogShaderLibrary: Display: ShaderCodeLibraryPakFileMountedCallback: PakFile 'C:/Program Files/Epic Games/UE_4.27/FeaturePacks/TP_Rolling.upack' (chunk index -1, root 'root:/') mounted
[2026.08.21-04.46.21:300][  0]LogShaderLibrary: Display: ShaderCodeLibraryPakFileMountedCallback: pending pak file info (ChunkID:-1 Root:root:/ File:C:/Program Files/Epic Games/UE_4.27/FeaturePacks/TP_Rolling.upack)
[2026.08.21-04.46.21:300][  0]LogPakFile: OnPakFileMounted2Time == 0.000037
[2026.08.21-04.46.21:300][  0]LogPakFile: PakFile PrimaryIndexSize=185
[2026.08.21-04.46.21:300][  0]LogPakFile: PakFile PathHashIndexSize=101
[2026.08.21-04.46.21:300][  0]LogPakFile: PakFile FullDirectoryIndexSize=144
[2026.08.21-04.46.21:301][  0]LogShaderLibrary: Display: ShaderCodeLibraryPakFileMountedCallback: PakFile 'C:/Program Files/Epic Games/UE_4.27/FeaturePacks/TP_RollingBP.upack' (chunk index -1, root 'root:/') mounted
[2026.08.21-04.46.21:301][  0]LogShaderLibrary: Display: ShaderCodeLibraryPakFileMountedCallback: pending pak file info (ChunkID:-1 Root:root:/ File:C:/Program Files/Epic Games/UE_4.27/FeaturePacks/TP_RollingBP.upack)
[2026.08.21-04.46.21:301][  0]LogPakFile: OnPakFileMounted2Time == 0.000035
[2026.08.21-04.46.21:302][  0]LogPakFile: PakFile PrimaryIndexSize=188
[2026.08.21-04.46.21:302][  0]LogPakFile: PakFile PathHashIndexSize=101
[2026.08.21-04.46.21:302][  0]LogPakFile: PakFile FullDirectoryIndexSize=150
[2026.08.21-04.46.21:302][  0]LogShaderLibrary: Display: ShaderCodeLibraryPakFileMountedCallback: PakFile 'C:/Program Files/Epic Games/UE_4.27/FeaturePacks/TP_SideScroller.upack' (chunk index -1, root 'root:/') mounted
[2026.08.21-04.46.21:302][  0]LogShaderLibrary: Display: ShaderCodeLibraryPakFileMountedCallback: pending pak file info (ChunkID:-1 Root:root:/ File:C:/Program Files/Epic Games/UE_4.27/FeaturePacks/TP_SideScroller.upack)
[2026.08.21-04.46.21:302][  0]LogPakFile: OnPakFileMounted2Time == 0.000039
[2026.08.21-04.46.21:303][  0]LogPakFile: PakFile PrimaryIndexSize=190
[2026.08.21-04.46.21:303][  0]LogPakFile: PakFile PathHashIndexSize=101
[2026.08.21-04.46.21:303][  0]LogPakFile: PakFile FullDirectoryIndexSize=154
[2026.08.21-04.46.21:303][  0]LogShaderLibrary: Display: ShaderCodeLibraryPakFileMountedCallback: PakFile 'C:/Program Files/Epic Games/UE_4.27/FeaturePacks/TP_SideScrollerBP.upack' (chunk index -1, root 'root:/') mounted
[2026.08.21-04.46.21:303][  0]LogShaderLibrary: Display: ShaderCodeLibraryPakFileMountedCallback: pending pak file info (ChunkID:-1 Root:root:/ File:C:/Program Files/Epic Games/UE_4.27/FeaturePacks/TP_SideScrollerBP.upack)
[2026.08.21-04.46.21:303][  0]LogPakFile: OnPakFileMounted2Time == 0.000034
[2026.08.21-04.46.21:304][  0]LogPakFile: PakFile PrimaryIndexSize=187
[2026.08.21-04.46.21:304][  0]LogPakFile: PakFile PathHashIndexSize=101
[2026.08.21-04.46.21:304][  0]LogPakFile: PakFile FullDirectoryIndexSize=148
[2026.08.21-04.46.21:304][  0]LogShaderLibrary: Display: ShaderCodeLibraryPakFileMountedCallback: PakFile 'C:/Program Files/Epic Games/UE_4.27/FeaturePacks/TP_ThirdPerson.upack' (chunk index -1, root 'root:/') mounted
[2026.08.21-04.46.21:304][  0]LogShaderLibrary: Display: ShaderCodeLibraryPakFileMountedCallback: pending pak file info (ChunkID:-1 Root:root:/ File:C:/Program Files/Epic Games/UE_4.27/FeaturePacks/TP_ThirdPerson.upack)
[2026.08.21-04.46.21:304][  0]LogPakFile: OnPakFileMounted2Time == 0.000032
[2026.08.21-04.46.21:305][  0]LogPakFile: PakFile PrimaryIndexSize=189
[2026.08.21-04.46.21:305][  0]LogPakFile: PakFile PathHashIndexSize=101
[2026.08.21-04.46.21:305][  0]LogPakFile: PakFile FullDirectoryIndexSize=152
[2026.08.21-04.46.21:305][  0]LogShaderLibrary: Display: ShaderCodeLibraryPakFileMountedCallback: PakFile 'C:/Program Files/Epic Games/UE_4.27/FeaturePacks/TP_ThirdPersonBP.upack' (chunk index -1, root 'root:/') mounted
[2026.08.21-04.46.21:305][  0]LogShaderLibrary: Display: ShaderCodeLibraryPakFileMountedCallback: pending pak file info (ChunkID:-1 Root:root:/ File:C:/Program Files/Epic Games/UE_4.27/FeaturePacks/TP_ThirdPersonBP.upack)
[2026.08.21-04.46.21:305][  0]LogPakFile: OnPakFileMounted2Time == 0.000032
[2026.08.21-04.46.21:306][  0]LogPakFile: PakFile PrimaryIndexSize=183
[2026.08.21-04.46.21:306][  0]LogPakFile: PakFile PathHashIndexSize=101
[2026.08.21-04.46.21:306][  0]LogPakFile: PakFile FullDirectoryIndexSize=140
[2026.08.21-04.46.21:306][  0]LogShaderLibrary: Display: ShaderCodeLibraryPakFileMountedCallback: PakFile 'C:/Program Files/Epic Games/UE_4.27/FeaturePacks/TP_TopDown.upack' (chunk index -1, root 'root:/') mounted
[2026.08.21-04.46.21:306][  0]LogShaderLibrary: Display: ShaderCodeLibraryPakFileMountedCallback: pending pak file info (ChunkID:-1 Root:root:/ File:C:/Program Files/Epic Games/UE_4.27/FeaturePacks/TP_TopDown.upack)
[2026.08.21-04.46.21:306][  0]LogPakFile: OnPakFileMounted2Time == 0.000047
[2026.08.21-04.46.21:307][  0]LogPakFile: PakFile PrimaryIndexSize=185
[2026.08.21-04.46.21:307][  0]LogPakFile: PakFile PathHashIndexSize=101
[2026.08.21-04.46.21:307][  0]LogPakFile: PakFile FullDirectoryIndexSize=144
[2026.08.21-04.46.21:307][  0]LogShaderLibrary: Display: ShaderCodeLibraryPakFileMountedCallback: PakFile 'C:/Program Files/Epic Games/UE_4.27/FeaturePacks/TP_TopDownBP.upack' (chunk index -1, root 'root:/') mounted
[2026.08.21-04.46.21:307][  0]LogShaderLibrary: Display: ShaderCodeLibraryPakFileMountedCallback: pending pak file info (ChunkID:-1 Root:root:/ File:C:/Program Files/Epic Games/UE_4.27/FeaturePacks/TP_TopDownBP.upack)
[2026.08.21-04.46.21:307][  0]LogPakFile: OnPakFileMounted2Time == 0.000036
[2026.08.21-04.46.21:308][  0]LogPakFile: PakFile PrimaryIndexSize=185
[2026.08.21-04.46.21:308][  0]LogPakFile: PakFile PathHashIndexSize=101
[2026.08.21-04.46.21:308][  0]LogPakFile: PakFile FullDirectoryIndexSize=144
[2026.08.21-04.46.21:308][  0]LogShaderLibrary: Display: ShaderCodeLibraryPakFileMountedCallback: PakFile 'C:/Program Files/Epic Games/UE_4.27/FeaturePacks/TP_TwinStick.upack' (chunk index -1, root 'root:/') mounted
[2026.08.21-04.46.21:308][  0]LogShaderLibrary: Display: ShaderCodeLibraryPakFileMountedCallback: pending pak file info (ChunkID:-1 Root:root:/ File:C:/Program Files/Epic Games/UE_4.27/FeaturePacks/TP_TwinStick.upack)
[2026.08.21-04.46.21:308][  0]LogPakFile: OnPakFileMounted2Time == 0.000031
[2026.08.21-04.46.21:310][  0]LogPakFile: PakFile PrimaryIndexSize=187
[2026.08.21-04.46.21:310][  0]LogPakFile: PakFile PathHashIndexSize=101
[2026.08.21-04.46.21:310][  0]LogPakFile: PakFile FullDirectoryIndexSize=148
[2026.08.21-04.46.21:310][  0]LogShaderLibrary: Display: ShaderCodeLibraryPakFileMountedCallback: PakFile 'C:/Program Files/Epic Games/UE_4.27/FeaturePacks/TP_TwinStickBP.upack' (chunk index -1, root 'root:/') mounted
[2026.08.21-04.46.21:310][  0]LogShaderLibrary: Display: ShaderCodeLibraryPakFileMountedCallback: pending pak file info (ChunkID:-1 Root:root:/ File:C:/Program Files/Epic Games/UE_4.27/FeaturePacks/TP_TwinStickBP.upack)
[2026.08.21-04.46.21:310][  0]LogPakFile: OnPakFileMounted2Time == 0.000037
[2026.08.21-04.46.21:311][  0]LogPakFile: PakFile PrimaryIndexSize=183
[2026.08.21-04.46.21:311][  0]LogPakFile: PakFile PathHashIndexSize=101
[2026.08.21-04.46.21:311][  0]LogPakFile: PakFile FullDirectoryIndexSize=140
[2026.08.21-04.46.21:311][  0]LogShaderLibrary: Display: ShaderCodeLibraryPakFileMountedCallback: PakFile 'C:/Program Files/Epic Games/UE_4.27/FeaturePacks/TP_Vehicle.upack' (chunk index -1, root 'root:/') mounted
[2026.08.21-04.46.21:311][  0]LogShaderLibrary: Display: ShaderCodeLibraryPakFileMountedCallback: pending pak file info (ChunkID:-1 Root:root:/ File:C:/Program Files/Epic Games/UE_4.27/FeaturePacks/TP_Vehicle.upack)
[2026.08.21-04.46.21:311][  0]LogPakFile: OnPakFileMounted2Time == 0.000031
[2026.08.21-04.46.21:312][  0]LogPakFile: PakFile PrimaryIndexSize=186
[2026.08.21-04.46.21:312][  0]LogPakFile: PakFile PathHashIndexSize=101
[2026.08.21-04.46.21:312][  0]LogPakFile: PakFile FullDirectoryIndexSize=146
[2026.08.21-04.46.21:312][  0]LogShaderLibrary: Display: ShaderCodeLibraryPakFileMountedCallback: PakFile 'C:/Program Files/Epic Games/UE_4.27/FeaturePacks/TP_VehicleAdv.upack' (chunk index -1, root 'root:/') mounted
[2026.08.21-04.46.21:312][  0]LogShaderLibrary: Display: ShaderCodeLibraryPakFileMountedCallback: pending pak file info (ChunkID:-1 Root:root:/ File:C:/Program Files/Epic Games/UE_4.27/FeaturePacks/TP_VehicleAdv.upack)
[2026.08.21-04.46.21:312][  0]LogPakFile: OnPakFileMounted2Time == 0.000036
[2026.08.21-04.46.21:313][  0]LogPakFile: PakFile PrimaryIndexSize=188
[2026.08.21-04.46.21:313][  0]LogPakFile: PakFile PathHashIndexSize=101
[2026.08.21-04.46.21:313][  0]LogPakFile: PakFile FullDirectoryIndexSize=150
[2026.08.21-04.46.21:313][  0]LogShaderLibrary: Display: ShaderCodeLibraryPakFileMountedCallback: PakFile 'C:/Program Files/Epic Games/UE_4.27/FeaturePacks/TP_VehicleAdvBP.upack' (chunk index -1, root 'root:/') mounted
[2026.08.21-04.46.21:313][  0]LogShaderLibrary: Display: ShaderCodeLibraryPakFileMountedCallback: pending pak file info (ChunkID:-1 Root:root:/ File:C:/Program Files/Epic Games/UE_4.27/FeaturePacks/TP_VehicleAdvBP.upack)
[2026.08.21-04.46.21:313][  0]LogPakFile: OnPakFileMounted2Time == 0.000041
[2026.08.21-04.46.21:314][  0]LogPakFile: PakFile PrimaryIndexSize=185
[2026.08.21-04.46.21:314][  0]LogPakFile: PakFile PathHashIndexSize=101
[2026.08.21-04.46.21:314][  0]LogPakFile: PakFile FullDirectoryIndexSize=144
[2026.08.21-04.46.21:314][  0]LogShaderLibrary: Display: ShaderCodeLibraryPakFileMountedCallback: PakFile 'C:/Program Files/Epic Games/UE_4.27/FeaturePacks/TP_VehicleBP.upack' (chunk index -1, root 'root:/') mounted
[2026.08.21-04.46.21:314][  0]LogShaderLibrary: Display: ShaderCodeLibraryPakFileMountedCallback: pending pak file info (ChunkID:-1 Root:root:/ File:C:/Program Files/Epic Games/UE_4.27/FeaturePacks/TP_VehicleBP.upack)
[2026.08.21-04.46.21:314][  0]LogPakFile: OnPakFileMounted2Time == 0.000036
[2026.08.21-04.46.21:315][  0]LogPakFile: PakFile PrimaryIndexSize=192
[2026.08.21-04.46.21:315][  0]LogPakFile: PakFile PathHashIndexSize=101
[2026.08.21-04.46.21:315][  0]LogPakFile: PakFile FullDirectoryIndexSize=158
[2026.08.21-04.46.21:315][  0]LogShaderLibrary: Display: ShaderCodeLibraryPakFileMountedCallback: PakFile 'C:/Program Files/Epic Games/UE_4.27/FeaturePacks/TP_VirtualRealityBP.upack' (chunk index -1, root 'root:/') mounted
[2026.08.21-04.46.21:315][  0]LogShaderLibrary: Display: ShaderCodeLibraryPakFileMountedCallback: pending pak file info (ChunkID:-1 Root:root:/ File:C:/Program Files/Epic Games/UE_4.27/FeaturePacks/TP_VirtualRealityBP.upack)
[2026.08.21-04.46.21:315][  0]LogPakFile: OnPakFileMounted2Time == 0.000034
[2026.08.21-04.46.21:381][  0]LogNativeClassHierarchy: Verbose: Native class hierarchy updated for 'AddContentDialog' in 0.0002 seconds. Added 0 classes and 0 folders.
[2026.08.21-04.46.21:386][  0]LogNativeClassHierarchy: Verbose: Native class hierarchy updated for 'SceneOutliner' in 0.0002 seconds. Added 2 classes and 0 folders.
[2026.08.21-04.46.21:469][  0]LogSlate: Took 0.000145 seconds to synchronously load lazily loaded font '../../../Engine/Content/Slate/Fonts/Roboto-Regular.ttf' (155K)
[2026.08.21-04.46.21:470][  0]LogSlate: Took 0.000403 seconds to synchronously load lazily loaded font '../../../Engine/Content/Editor/Slate/Fonts/FontAwesome.ttf' (139K)
[2026.08.21-04.46.21:472][  0]LogSlate: Took 0.000358 seconds to synchronously load lazily loaded font '../../../Engine/Content/Slate/Fonts/Roboto-Bold.ttf' (160K)
[2026.08.21-04.46.21:546][  0]LogRenderer: Reallocating scene render targets to support 1208x568 Format 10 NumSamples 1 (Frame:1).
[2026.08.21-04.46.21:652][  0]LogNativeClassHierarchy: Verbose: Native class hierarchy updated for 'HierarchicalLODOutliner' in 0.0005 seconds. Added 0 classes and 0 folders.
[2026.08.21-04.46.21:653][  0]LogInput: Warning: Action Jump uses invalid key OculusGo_Left_Trigger_Click.
[2026.08.21-04.46.21:653][  0]LogInput: Warning: Action ResetVR uses invalid key OculusGo_Left_Trackpad_Click.
[2026.08.21-04.46.21:653][  0]LogInput: Warning: Use -RemoveInvalidKeys to remove instances of these keys from the action mapping.
[2026.08.21-04.46.21:653][  0]LogLoad: (Engine Initialization) Total time: 9.71 seconds
[2026.08.21-04.46.21:653][  0]LogLoad: (Engine Initialization) Total Blueprint compile time: 0.00 seconds
[2026.08.21-04.46.21:694][  0]LogAssetRegistry: Asset discovery search completed in 4.8851 seconds
[2026.08.21-04.46.21:700][  0]LogCollectionManager: Fixed up redirectors for 0 collections in 0.000004 seconds (updated 0 objects)
[2026.08.21-04.46.21:701][  0]LogContentStreaming: Texture pool size now 1000 MB
[2026.08.21-04.46.22:344][  2]LogSlate: Took 0.000859 seconds to synchronously load lazily loaded font '../../../Engine/Content/Slate/Fonts/Roboto-Light.ttf' (167K)
[2026.08.21-04.56.37:148][943]LogUObjectHash: Compacting FUObjectHashTables data took   0.93ms
[2026.08.21-04.56.37:160][943]LogSlate: Took 0.001619 seconds to synchronously load lazily loaded font '../../../Engine/Content/Slate/Fonts/Roboto-Light.ttf' (167K)
[2026.08.21-04.56.37:213][943]LogAssetEditorSubsystem: Opening Asset editor for World /Game/Geometry/NewMap.NewMap
[2026.08.21-04.56.37:213][943]Cmd: MAP LOAD FILE="../../../../../../UEProject/UnrealLearn/MyProject3/Content/Geometry/NewMap.umap" TEMPLATE=0 SHOWPROGRESS=1 FEATURELEVEL=3
[2026.08.21-04.56.37:214][943]LightingResults: New page: Lighting Build
[2026.08.21-04.56.37:214][943]LoadErrors: New page: Loading map: NewMap.umap
[2026.08.21-04.56.37:252][943]LogWorld: UWorld::CleanupWorld for ThirdPersonExampleMap, bSessionEnded=true, bCleanupResources=true
[2026.08.21-04.56.37:254][943]LogSlate: InvalidateAllWidgets triggered.  All widgets were invalidated
[2026.08.21-04.56.37:255][943]MapCheck: New page: Map Check
[2026.08.21-04.56.37:255][943]LightingResults: New page: Lighting Build
[2026.08.21-04.56.37:259][943]LogAudio: Display: Audio Device unregistered from world 'None'.
[2026.08.21-04.56.37:266][943]LogUObjectHash: Compacting FUObjectHashTables data took   0.79ms
[2026.08.21-04.56.37:267][943]LogAudio: Display: Audio Device (ID: 1) registered with world 'NewMap'.
[2026.08.21-04.56.37:322][943]LogEditorServer: Finished looking for orphan Actors (0.000 secs)
[2026.08.21-04.56.37:322][943]LogAIModule: Creating AISystem for world NewMap
[2026.08.21-04.56.37:330][943]LogUObjectHash: Compacting FUObjectHashTables data took   0.59ms
[2026.08.21-04.56.37:333][943]Cmd: MAP CHECKDEP NOCLEARLOG
[2026.08.21-04.56.37:334][943]MapCheck: Map check complete: 0 Error(s), 0 Warning(s), took 0.177ms to complete.
[2026.08.21-04.56.37:334][943]LogFileHelpers: Loading map 'NewMap' took 0.121
[2026.08.21-04.56.40:821][351]LogEditorViewport: Clicking on Actor (LMB): StaticMeshActor (Cube)
[2026.08.21-04.56.42:454][533]Cmd: DUPLICATE
[2026.08.21-04.56.42:455][533]Cmd: ACTOR DUPLICATE
[2026.08.21-04.56.43:371][621]LogD3D11RHI: Error: SwapChain->ResizeBuffers(0, SizeX, SizeY, RenderTargetFormat, SwapChainFlags) failed 
 at D:/Build/++UE4/Sync/Engine/Source/Runtime/Windows/D3D11RHI/Private/D3D11Viewport.cpp:298 
 with error DXGI_ERROR_DEVICE_REMOVED, 
 (Size=8x8 Fullscreen=0 Format=DXGI_FORMAT_R10G10B10A2_UNORM(0x00000018)) -> (Size=41x63 Fullscreen=0 Format=DXGI_FORMAT_R10G10B10A2_UNORM(0x00000018))
[2026.08.21-04.56.43:371][621]LogD3D11RHI: [Aftermath] GDynamicRHI=000001D595C73740, GDX11NVAfterMathEnabled=0, Result=0xFFFFFFFF, bDeviceActive=0
[2026.08.21-04.56.43:371][621]LogOutputDevice: Warning: 

Script Stack (0 frames):

[2026.08.21-04.56.43:371][621]LogWindows: Windows GetLastError: 操作成功完成。 (0)
[2026.08.21-04.56.44:748][621]LogWindows: FPlatformMisc::RequestExit(0)
[2026.08.21-04.56.44:748][621]LogWindows: FPlatformMisc::RequestExitWithStatus(0, 0)
[2026.08.21-04.56.44:748][621]LogCore: Engine exit requested (reason: Win RequestExit)
[2026.08.21-04.56.44:749][621]LogWindows: FPlatformMisc::RequestExit(1)
[2026.08.21-04.56.44:749][621]LogWindows: FPlatformMisc::RequestExitWithStatus(1, 3)
[2026.08.21-04.56.44:749][621]LogCore: Engine exit requested (reason: Win RequestExit; note: exit was already requested)
[2026.08.21-04.56.44:750][621]Log file closed, 08/21/26 13:56:44
