Log file open, 08/21/26 13:26:04
LogWindows: Failed to load 'aqProf.dll' (GetLastError=126)
LogWindows: File 'aqProf.dll' does not exist
LogWindows: Failed to load 'VtuneApi.dll' (GetLastError=126)
LogWindows: File 'VtuneApi.dll' does not exist
LogWindows: Failed to load 'VtuneApi32e.dll' (GetLastError=126)
LogWindows: File 'VtuneApi32e.dll' does not exist
LogConsoleResponse: Display: Failed to find resolution value strings in scalability ini. Falling back to default.
LogConsoleResponse: Display: Failed to find resolution value strings in scalability ini. Falling back to default.
LogInit: Display: Running engine for game: MyProject3
LogPlatformFile: Not using cached read wrapper
LogTaskGraph: Started task graph with 5 named threads and 71 total threads with 3 sets of task threads.
LogStats: Stats thread started at 0.241984
LogICUInternationalization: ICU TimeZone Detection - Raw Offset: +9:00, Platform Override: ''
LogInit: Display: Loading text-based GConfig....
LogPluginManager: Mounting plugin MeshPainting
LogPluginManager: Mounting plugin XGEController
LogPluginManager: Mounting plugin AISupport
LogPluginManager: Mounting plugin EnvironmentQueryEditor
LogPluginManager: Mounting plugin Paper2D
LogPluginManager: Mounting plugin LiveLink
LogPluginManager: Mounting plugin GameplayCameras
LogPluginManager: Mounting plugin CLionSourceCodeAccess
LogPluginManager: Mounting plugin NullSourceCodeAccess
LogPluginManager: Mounting plugin PerforceSourceControl
LogPluginManager: Mounting plugin AnimationSharing
LogPluginManager: Mounting plugin PixWinPlugin
LogPluginManager: Mounting plugin CameraShakePreviewer
LogPluginManager: Mounting plugin OodleData
LogPluginManager: Mounting plugin PlasticSourceControl
LogPluginManager: Mounting plugin PropertyAccessNode
LogPluginManager: Mounting plugin RiderSourceCodeAccess
LogPluginManager: Mounting plugin SubversionSourceControl
LogPluginManager: Mounting plugin KDevelopSourceCodeAccess
LogPluginManager: Mounting plugin GitSourceControl
LogPluginManager: Mounting plugin VisualStudioCodeSourceCodeAccess
LogPluginManager: Mounting plugin OodleNetwork
LogPluginManager: Mounting plugin UObjectPlugin
LogPluginManager: Mounting plugin XCodeSourceCodeAccess
LogPluginManager: Mounting plugin PluginUtils
LogPluginManager: Mounting plugin VisualStudioSourceCodeAccess
LogPluginManager: Mounting plugin DatasmithContent
LogPluginManager: Mounting plugin Niagara
LogPluginManager: Mounting plugin AssetManagerEditor
LogPluginManager: Mounting plugin LuminPlatformFeatures
LogPluginManager: Mounting plugin CodeLiteSourceCodeAccess
LogPluginManager: Mounting plugin ActorSequence
LogPluginManager: Mounting plugin TextureFormatOodle
LogPluginManager: Mounting plugin AlembicImporter
LogPluginManager: Mounting plugin MagicLeap
LogPluginManager: Mounting plugin LauncherChunkInstaller
LogPluginManager: Mounting plugin MatineeToLevelSequence
LogPluginManager: Mounting plugin BackChannel
LogPluginManager: Mounting plugin ActorLayerUtilities
LogPluginManager: Mounting plugin TcpMessaging
LogPluginManager: Mounting plugin ChaosCloth
LogPluginManager: Mounting plugin AndroidMedia
LogPluginManager: Mounting plugin ChaosClothEditor
LogPluginManager: Mounting plugin AvfMedia
LogPluginManager: Mounting plugin ChaosEditor
LogPluginManager: Mounting plugin OnlineSubsystem
LogPluginManager: Mounting plugin ChaosSolverPlugin
LogPluginManager: Mounting plugin LevelSequenceEditor
LogPluginManager: Mounting plugin CharacterAI
LogPluginManager: Mounting plugin UdpMessaging
LogPluginManager: Mounting plugin AutomationUtils
LogPluginManager: Mounting plugin ImgMedia
LogPluginManager: Mounting plugin ChaosNiagara
LogPluginManager: Mounting plugin MediaCompositing
LogPluginManager: Mounting plugin AndroidPermission
LogPluginManager: Mounting plugin AndroidMoviePlayer
LogPluginManager: Mounting plugin VariantManagerContent
LogPluginManager: Mounting plugin AndroidDeviceProfileSelector
LogPluginManager: Mounting plugin AppleMoviePlayer
LogPluginManager: Mounting plugin AppleImageUtils
LogPluginManager: Mounting plugin ScreenshotTools
LogPluginManager: Mounting plugin ArchVisCharacter
LogPluginManager: Mounting plugin MagicLeapMedia
LogPluginManager: Mounting plugin MagicLeapLightEstimation
LogPluginManager: Mounting plugin WebMMedia
LogPluginManager: Mounting plugin GeometryCache
LogPluginManager: Mounting plugin TemplateSequence
LogPluginManager: Mounting plugin GeometryCollectionPlugin
LogPluginManager: Mounting plugin LightPropagationVolume
LogPluginManager: Mounting plugin MediaPlayerEditor
LogPluginManager: Mounting plugin OnlineSubsystemNull
LogPluginManager: Mounting plugin OnlineSubsystemUtils
LogPluginManager: Mounting plugin MLSDK
LogPluginManager: Mounting plugin MagicLeapPassableWorld
LogPluginManager: Mounting plugin AudioCapture
LogPluginManager: Mounting plugin WmfMedia
LogPluginManager: Mounting plugin CustomMeshComponent
LogPluginManager: Mounting plugin AudioSynesthesia
LogPluginManager: Mounting plugin EditableMesh
LogPluginManager: Mounting plugin ChunkDownloader
LogPluginManager: Mounting plugin ExampleDeviceProfileSelector
LogPluginManager: Mounting plugin AssetTags
LogPluginManager: Mounting plugin GoogleCloudMessaging
LogPluginManager: Mounting plugin GeometryProcessing
LogPluginManager: Mounting plugin GooglePAD
LogPluginManager: Mounting plugin Takes
LogPluginManager: Mounting plugin CurveEditorTools
LogPluginManager: Mounting plugin FacialAnimation
LogPluginManager: Mounting plugin CableComponent
LogPluginManager: Mounting plugin GameplayTagsEditor
LogPluginManager: Mounting plugin OpenImageDenoise
LogPluginManager: Mounting plugin CryptoKeys
LogPluginManager: Mounting plugin MotoSynth
LogPluginManager: Mounting plugin PlatformCrypto
LogPluginManager: Mounting plugin PlanarCut
LogPluginManager: Mounting plugin GeometryMode
LogPluginManager: Mounting plugin MaterialAnalyzer
LogPluginManager: Mounting plugin MobileLauncherProfileWizard
LogPluginManager: Mounting plugin PluginBrowser
LogPluginManager: Mounting plugin DataValidation
LogPluginManager: Mounting plugin MacGraphicsSwitching
LogPluginManager: Mounting plugin SkeletalReduction
LogPluginManager: Mounting plugin IOSDeviceProfileSelector
LogPluginManager: Mounting plugin LinuxDeviceProfileSelector
LogPluginManager: Mounting plugin ProxyLODPlugin
LogPluginManager: Mounting plugin SpeedTreeImporter
LogPluginManager: Mounting plugin MobilePatchingUtils
LogPluginManager: Mounting plugin PythonScriptPlugin
LogPluginManager: Mounting plugin OpenXR
LogPluginManager: Mounting plugin OpenXREyeTracker
LogPluginManager: Mounting plugin OpenXRHandTracking
LogPluginManager: Mounting plugin LocationServicesBPLibrary
LogPluginManager: Mounting plugin PhysXVehicles
LogPluginManager: Mounting plugin ProceduralMeshComponent
LogPluginManager: Mounting plugin SignificanceManager
LogPluginManager: Mounting plugin RuntimePhysXCooking
LogPluginManager: Mounting plugin SoundFields
LogPluginManager: Mounting plugin Synthesis
LogPluginManager: Mounting plugin PostSplashScreen
LogPluginManager: Mounting plugin WebMMoviePlayer
LogPluginManager: Mounting plugin WindowsMoviePlayer
LogPluginManager: Mounting plugin PropertyAccessEditor
LogPluginManager: Mounting plugin RiderLink
LogPluginManager: Mounting plugin OnlineSubsystemGooglePlay
LogPluginManager: Mounting plugin OnlineSubsystemIOS
LogPluginManager: Mounting plugin ContentBrowserAssetDataSource
LogPluginManager: Mounting plugin ContentBrowserFileDataSource
LogPluginManager: Mounting plugin ContentBrowserClassDataSource
LogPluginManager: Mounting plugin OculusVR
LogPluginManager: Mounting plugin SteamVR
PixWinPlugin: PIX capture plugin failed to initialize! Check that the process is launched from PIX.
LogInit: Using libcurl 7.55.1-DEV
LogInit:  - built for x86_64-pc-win32
LogInit:  - supports SSL with OpenSSL/1.1.1
LogInit:  - supports HTTP deflate (compression) using libz 1.2.8
LogInit:  - other features:
LogInit:      CURL_VERSION_SSL
LogInit:      CURL_VERSION_LIBZ
LogInit:      CURL_VERSION_IPV6
LogInit:      CURL_VERSION_ASYNCHDNS
LogInit:      CURL_VERSION_LARGEFILE
LogInit:      CURL_VERSION_IDN
LogInit:  CurlRequestOptions (configurable via config and command line):
LogInit:  - bVerifyPeer = true  - Libcurl will verify peer certificate
LogInit:  - bUseHttpProxy = false  - Libcurl will NOT use HTTP proxy
LogInit:  - bDontReuseConnections = false  - Libcurl will reuse connections
LogInit:  - MaxHostConnections = 16  - Libcurl will limit the number of connections to a host
LogInit:  - LocalHostAddr = Default
LogInit:  - BufferSize = 65536
LogOnline: OSS: Creating online subsystem instance for: NULL
LogInit: WinSock: version 1.1 (2.2), MaxSocks=32767, MaxUdp=65467
LogOnline: OSS: TryLoadSubsystemAndSetDefault: Loaded subsystem for module [NULL]
LogOculusPluginWrapper: OculusPlugin initialized successfully
LogHMD: Failed initializing OVRPlugin 1.59.0
LogInit: Build: ++UE4+Release-4.27-CL-18319896
LogInit: Engine Version: 4.27.2-18319896+++UE4+Release-4.27
LogInit: Compatible Engine Version: 4.27.0-17155196+++UE4+Release-4.27
LogInit: Net CL: 17155196
LogInit: OS: Windows 10 (Release 2009) (), CPU: 13th Gen Intel(R) Core(TM) i7-13700, GPU: NVIDIA GeForce RTX 4070
LogInit: Compiled (64-bit): Nov 30 2021 07:12:08
LogInit: Compiled with Visual C++: 19.24.28315.00
LogInit: Build Configuration: Development
LogInit: Branch Name: ++UE4+Release-4.27
LogInit: Command Line: 
LogInit: Base Directory: C:/Program Files/Epic Games/UE_4.27/Engine/Binaries/Win64/
LogInit: Allocator: TBB
LogInit: Installed Engine Build: 1
LogDevObjectVersion: Number of dev versions registered: 29
LogDevObjectVersion:   Dev-Blueprints (B0D832E4-1F89-4F0D-ACCF-7EB736FD4AA2): 10
LogDevObjectVersion:   Dev-Build (E1C64328-A22C-4D53-A36C-8E866417BD8C): 0
LogDevObjectVersion:   Dev-Core (375EC13C-06E4-48FB-B500-84F0262A717E): 4
LogDevObjectVersion:   Dev-Editor (E4B068ED-F494-42E9-A231-DA0B2E46BB41): 40
LogDevObjectVersion:   Dev-Framework (CFFC743F-43B0-4480-9391-14DF171D2073): 37
LogDevObjectVersion:   Dev-Mobile (B02B49B5-BB20-44E9-A304-32B752E40360): 3
LogDevObjectVersion:   Dev-Networking (A4E4105C-59A1-49B5-A7C5-40C4547EDFEE): 0
LogDevObjectVersion:   Dev-Online (39C831C9-5AE6-47DC-9A44-9C173E1C8E7C): 0
LogDevObjectVersion:   Dev-Physics (78F01B33-EBEA-4F98-B9B4-84EACCB95AA2): 14
LogDevObjectVersion:   Dev-Platform (6631380F-2D4D-43E0-8009-CF276956A95A): 0
LogDevObjectVersion:   Dev-Rendering (12F88B9F-8875-4AFC-A67C-D90C383ABD29): 45
LogDevObjectVersion:   Dev-Sequencer (7B5AE74C-D270-4C10-A958-57980B212A5A): 13
LogDevObjectVersion:   Dev-VR (D7296918-1DD6-4BDD-9DE2-64A83CC13884): 3
LogDevObjectVersion:   Dev-LoadTimes (C2A15278-BFE7-4AFE-6C17-90FF531DF755): 1
LogDevObjectVersion:   Private-Geometry (6EACA3D4-40EC-4CC1-B786-8BED09428FC5): 3
LogDevObjectVersion:   Dev-AnimPhys (29E575DD-E0A3-4627-9D10-D276232CDCEA): 17
LogDevObjectVersion:   Dev-Anim (AF43A65D-7FD3-4947-9873-3E8ED9C1BB05): 15
LogDevObjectVersion:   Dev-ReflectionCapture (6B266CEC-1EC7-4B8F-A30B-E4D90942FC07): 1
LogDevObjectVersion:   Dev-Automation (0DF73D61-A23F-47EA-B727-89E90C41499A): 1
LogDevObjectVersion:   FortniteMain (601D1886-AC64-4F84-AA16-D3DE0DEAC7D6): 47
LogDevObjectVersion:   FortniteRelease (E7086368-6B23-4C58-8439-1B7016265E91): 1
LogDevObjectVersion:   Dev-Enterprise (9DFFBCD6-494F-0158-E221-12823C92A888): 10
LogDevObjectVersion:   Dev-Niagara (F2AED0AC-9AFE-416F-8664-AA7FFA26D6FC): 1
LogDevObjectVersion:   Dev-Destruction (174F1F0B-B4C6-45A5-B13F-2EE8D0FB917D): 10
LogDevObjectVersion:   Dev-Physics-Ext (35F94A83-E258-406C-A318-09F59610247C): 41
LogDevObjectVersion:   Dev-PhysicsMaterial-Chaos (B68FC16E-8B1B-42E2-B453-215C058844FE): 1
LogDevObjectVersion:   Dev-CineCamera (B2E18506-4273-CFC2-A54E-F4BB758BBA07): 1
LogDevObjectVersion:   Dev-VirtualProduction (64F58936-FD1B-42BA-BA96-7289D5D0FA4E): 1
LogDevObjectVersion:   Dev-MediaFramework (6F0ED827-A609-4895-9C91-998D90180EA4): 2
LogInit: Presizing for max 25165824 objects, including 0 objects not considered by GC, pre-allocating 0 bytes for permanent pool.
LogConfig: Applying CVar settings from Section [/Script/Engine.StreamingSettings] File [C:/UEProject/UnrealLearn/MyProject3/Saved/Config/Windows/Engine.ini]
LogConfig: Setting CVar [[s.MinBulkDataSizeForAsyncLoading:131072]]
LogConfig: Setting CVar [[s.AsyncLoadingThreadEnabled:0]]
LogConfig: Setting CVar [[s.EventDrivenLoaderEnabled:1]]
LogConfig: Setting CVar [[s.WarnIfTimeLimitExceeded:0]]
LogConfig: Setting CVar [[s.TimeLimitExceededMultiplier:1.5]]
LogConfig: Setting CVar [[s.TimeLimitExceededMinTime:0.005]]
LogConfig: Setting CVar [[s.UseBackgroundLevelStreaming:1]]
LogConfig: Setting CVar [[s.PriorityAsyncLoadingExtraTime:15.0]]
LogConfig: Setting CVar [[s.LevelStreamingActorsUpdateTimeLimit:5.0]]
LogConfig: Setting CVar [[s.PriorityLevelStreamingActorsUpdateExtraTime:5.0]]
LogConfig: Setting CVar [[s.LevelStreamingComponentsRegistrationGranularity:10]]
LogConfig: Setting CVar [[s.UnregisterComponentsTimeLimit:1.0]]
LogConfig: Setting CVar [[s.LevelStreamingComponentsUnregistrationGranularity:5]]
LogConfig: Setting CVar [[s.FlushStreamingOnExit:1]]
LogInit: Object subsystem initialized
LogConfig: Setting CVar [[con.DebugEarlyDefault:1]]
LogConfig: Setting CVar [[r.setres:1280x720]]
[2026.08.21-04.26.04:827][  0]LogConfig: Setting CVar [[r.VSync:0]]
[2026.08.21-04.26.04:827][  0]LogConfig: Setting CVar [[r.RHICmdBypass:0]]
[2026.08.21-04.26.04:827][  0]LogConfig: Applying CVar settings from Section [/Script/Engine.RendererSettings] File [C:/UEProject/UnrealLearn/MyProject3/Saved/Config/Windows/Engine.ini]
[2026.08.21-04.26.04:827][  0]LogConfig: Setting CVar [[r.GPUCrashDebugging:0]]
[2026.08.21-04.26.04:827][  0]LogConfig: Applying CVar settings from Section [/Script/Engine.RendererOverrideSettings] File [C:/UEProject/UnrealLearn/MyProject3/Saved/Config/Windows/Engine.ini]
[2026.08.21-04.26.04:827][  0]LogConfig: Applying CVar settings from Section [/Script/Engine.StreamingSettings] File [C:/UEProject/UnrealLearn/MyProject3/Saved/Config/Windows/Engine.ini]
[2026.08.21-04.26.04:827][  0]LogConfig: Setting CVar [[s.MinBulkDataSizeForAsyncLoading:131072]]
[2026.08.21-04.26.04:827][  0]LogConfig: Setting CVar [[s.AsyncLoadingThreadEnabled:0]]
[2026.08.21-04.26.04:827][  0]LogConfig: Setting CVar [[s.EventDrivenLoaderEnabled:1]]
[2026.08.21-04.26.04:827][  0]LogConfig: Setting CVar [[s.WarnIfTimeLimitExceeded:0]]
[2026.08.21-04.26.04:827][  0]LogConfig: Setting CVar [[s.TimeLimitExceededMultiplier:1.5]]
[2026.08.21-04.26.04:827][  0]LogConfig: Setting CVar [[s.TimeLimitExceededMinTime:0.005]]
[2026.08.21-04.26.04:827][  0]LogConfig: Setting CVar [[s.UseBackgroundLevelStreaming:1]]
[2026.08.21-04.26.04:827][  0]LogConfig: Setting CVar [[s.PriorityAsyncLoadingExtraTime:15.0]]
[2026.08.21-04.26.04:827][  0]LogConfig: Setting CVar [[s.LevelStreamingActorsUpdateTimeLimit:5.0]]
[2026.08.21-04.26.04:827][  0]LogConfig: Setting CVar [[s.PriorityLevelStreamingActorsUpdateExtraTime:5.0]]
[2026.08.21-04.26.04:827][  0]LogConfig: Setting CVar [[s.LevelStreamingComponentsRegistrationGranularity:10]]
[2026.08.21-04.26.04:827][  0]LogConfig: Setting CVar [[s.UnregisterComponentsTimeLimit:1.0]]
[2026.08.21-04.26.04:827][  0]LogConfig: Setting CVar [[s.LevelStreamingComponentsUnregistrationGranularity:5]]
[2026.08.21-04.26.04:827][  0]LogConfig: Setting CVar [[s.FlushStreamingOnExit:1]]
[2026.08.21-04.26.04:827][  0]LogConfig: Applying CVar settings from Section [/Script/Engine.GarbageCollectionSettings] File [C:/UEProject/UnrealLearn/MyProject3/Saved/Config/Windows/Engine.ini]
[2026.08.21-04.26.04:827][  0]LogConfig: Setting CVar [[gc.MaxObjectsNotConsideredByGC:1]]
[2026.08.21-04.26.04:827][  0]LogConfig: Setting CVar [[gc.SizeOfPermanentObjectPool:0]]
[2026.08.21-04.26.04:827][  0]LogConfig: Setting CVar [[gc.FlushStreamingOnGC:0]]
[2026.08.21-04.26.04:827][  0]LogConfig: Setting CVar [[gc.NumRetriesBeforeForcingGC:10]]
[2026.08.21-04.26.04:827][  0]LogConfig: Setting CVar [[gc.AllowParallelGC:1]]
[2026.08.21-04.26.04:827][  0]LogConfig: Setting CVar [[gc.TimeBetweenPurgingPendingKillObjects:61.1]]
[2026.08.21-04.26.04:827][  0]LogConfig: Setting CVar [[gc.MaxObjectsInEditor:25165824]]
[2026.08.21-04.26.04:827][  0]LogConfig: Setting CVar [[gc.IncrementalBeginDestroyEnabled:1]]
[2026.08.21-04.26.04:827][  0]LogConfig: Setting CVar [[gc.CreateGCClusters:1]]
[2026.08.21-04.26.04:827][  0]LogConfig: Setting CVar [[gc.MinGCClusterSize:5]]
[2026.08.21-04.26.04:827][  0]LogConfig: Setting CVar [[gc.ActorClusteringEnabled:0]]
[2026.08.21-04.26.04:827][  0]LogConfig: Setting CVar [[gc.BlueprintClusteringEnabled:0]]
[2026.08.21-04.26.04:827][  0]LogConfig: Setting CVar [[gc.UseDisregardForGCOnDedicatedServers:0]]
[2026.08.21-04.26.04:827][  0]LogConfig: Setting CVar [[gc.MultithreadedDestructionEnabled:1]]
[2026.08.21-04.26.04:827][  0]LogConfig: Applying CVar settings from Section [/Script/Engine.NetworkSettings] File [C:/UEProject/UnrealLearn/MyProject3/Saved/Config/Windows/Engine.ini]
[2026.08.21-04.26.04:827][  0]LogConfig: Applying CVar settings from Section [/Script/UnrealEd.CookerSettings] File [C:/UEProject/UnrealLearn/MyProject3/Saved/Config/Windows/Engine.ini]
[2026.08.21-04.26.04:870][  0]LogConfig: Applying CVar settings from Section [ViewDistanceQuality@3] File [C:/UEProject/UnrealLearn/MyProject3/Saved/Config/Windows/Scalability.ini]
[2026.08.21-04.26.04:870][  0]LogConfig: Setting CVar [[r.SkeletalMeshLODBias:0]]
[2026.08.21-04.26.04:870][  0]LogConfig: Setting CVar [[r.ViewDistanceScale:1.0]]
[2026.08.21-04.26.04:870][  0]LogConfig: Applying CVar settings from Section [AntiAliasingQuality@3] File [C:/UEProject/UnrealLearn/MyProject3/Saved/Config/Windows/Scalability.ini]
[2026.08.21-04.26.04:870][  0]LogConfig: Setting CVar [[r.PostProcessAAQuality:4]]
[2026.08.21-04.26.04:870][  0]LogConfig: Applying CVar settings from Section [ShadowQuality@3] File [C:/UEProject/UnrealLearn/MyProject3/Saved/Config/Windows/Scalability.ini]
[2026.08.21-04.26.04:870][  0]LogConfig: Setting CVar [[r.LightFunctionQuality:1]]
[2026.08.21-04.26.04:870][  0]LogConfig: Setting CVar [[r.ShadowQuality:5]]
[2026.08.21-04.26.04:870][  0]LogConfig: Setting CVar [[r.Shadow.CSM.MaxCascades:10]]
[2026.08.21-04.26.04:870][  0]LogConfig: Setting CVar [[r.Shadow.MaxResolution:2048]]
[2026.08.21-04.26.04:870][  0]LogConfig: Setting CVar [[r.Shadow.MaxCSMResolution:2048]]
[2026.08.21-04.26.04:870][  0]LogConfig: Setting CVar [[r.Shadow.RadiusThreshold:0.01]]
[2026.08.21-04.26.04:870][  0]LogConfig: Setting CVar [[r.Shadow.DistanceScale:1.0]]
[2026.08.21-04.26.04:870][  0]LogConfig: Setting CVar [[r.Shadow.CSM.TransitionScale:1.0]]
[2026.08.21-04.26.04:870][  0]LogConfig: Setting CVar [[r.Shadow.PreShadowResolutionFactor:1.0]]
[2026.08.21-04.26.04:870][  0]LogConfig: Setting CVar [[r.DistanceFieldShadowing:1]]
[2026.08.21-04.26.04:870][  0]LogConfig: Setting CVar [[r.DistanceFieldAO:1]]
[2026.08.21-04.26.04:870][  0]LogConfig: Setting CVar [[r.AOQuality:2]]
[2026.08.21-04.26.04:870][  0]LogConfig: Setting CVar [[r.VolumetricFog:1]]
[2026.08.21-04.26.04:870][  0]LogConfig: Setting CVar [[r.VolumetricFog.GridPixelSize:8]]
[2026.08.21-04.26.04:870][  0]LogConfig: Setting CVar [[r.VolumetricFog.GridSizeZ:128]]
[2026.08.21-04.26.04:870][  0]LogConfig: Setting CVar [[r.VolumetricFog.HistoryMissSupersampleCount:4]]
[2026.08.21-04.26.04:870][  0]LogConfig: Setting CVar [[r.LightMaxDrawDistanceScale:1]]
[2026.08.21-04.26.04:870][  0]LogConfig: Setting CVar [[r.CapsuleShadows:1]]
[2026.08.21-04.26.04:870][  0]LogConfig: Applying CVar settings from Section [PostProcessQuality@3] File [C:/UEProject/UnrealLearn/MyProject3/Saved/Config/Windows/Scalability.ini]
[2026.08.21-04.26.04:870][  0]LogConfig: Setting CVar [[r.MotionBlurQuality:4]]
[2026.08.21-04.26.04:870][  0]LogConfig: Setting CVar [[r.AmbientOcclusionMipLevelFactor:0.4]]
[2026.08.21-04.26.04:870][  0]LogConfig: Setting CVar [[r.AmbientOcclusionMaxQuality:100]]
[2026.08.21-04.26.04:870][  0]LogConfig: Setting CVar [[r.AmbientOcclusionLevels:-1]]
[2026.08.21-04.26.04:870][  0]LogConfig: Setting CVar [[r.AmbientOcclusionRadiusScale:1.0]]
[2026.08.21-04.26.04:870][  0]LogConfig: Setting CVar [[r.DepthOfFieldQuality:2]]
[2026.08.21-04.26.04:870][  0]LogConfig: Setting CVar [[r.RenderTargetPoolMin:400]]
[2026.08.21-04.26.04:870][  0]LogConfig: Setting CVar [[r.LensFlareQuality:2]]
[2026.08.21-04.26.04:870][  0]LogConfig: Setting CVar [[r.SceneColorFringeQuality:1]]
[2026.08.21-04.26.04:870][  0]LogConfig: Setting CVar [[r.EyeAdaptationQuality:2]]
[2026.08.21-04.26.04:870][  0]LogConfig: Setting CVar [[r.BloomQuality:5]]
[2026.08.21-04.26.04:870][  0]LogConfig: Setting CVar [[r.FastBlurThreshold:100]]
[2026.08.21-04.26.04:870][  0]LogConfig: Setting CVar [[r.Upscale.Quality:3]]
[2026.08.21-04.26.04:870][  0]LogConfig: Setting CVar [[r.Tonemapper.GrainQuantization:1]]
[2026.08.21-04.26.04:870][  0]LogConfig: Setting CVar [[r.LightShaftQuality:1]]
[2026.08.21-04.26.04:870][  0]LogConfig: Setting CVar [[r.Filter.SizeScale:1]]
[2026.08.21-04.26.04:870][  0]LogConfig: Setting CVar [[r.Tonemapper.Quality:5]]
[2026.08.21-04.26.04:870][  0]LogConfig: Setting CVar [[r.DOF.Gather.AccumulatorQuality:1        ; higher gathering accumulator quality]]
[2026.08.21-04.26.04:870][  0]LogConfig: Setting CVar [[r.DOF.Gather.PostfilterMethod:1          ; Median3x3 postfilering method]]
[2026.08.21-04.26.04:870][  0]LogConfig: Setting CVar [[r.DOF.Gather.EnableBokehSettings:0       ; no bokeh simulation when gathering]]
[2026.08.21-04.26.04:870][  0]LogConfig: Setting CVar [[r.DOF.Gather.RingCount:4                 ; medium number of samples when gathering]]
[2026.08.21-04.26.04:870][  0]LogConfig: Setting CVar [[r.DOF.Scatter.ForegroundCompositing:1    ; additive foreground scattering]]
[2026.08.21-04.26.04:870][  0]LogConfig: Setting CVar [[r.DOF.Scatter.BackgroundCompositing:2    ; additive background scattering]]
[2026.08.21-04.26.04:870][  0]LogConfig: Setting CVar [[r.DOF.Scatter.EnableBokehSettings:1      ; bokeh simulation when scattering]]
[2026.08.21-04.26.04:870][  0]LogConfig: Setting CVar [[r.DOF.Scatter.MaxSpriteRatio:0.1         ; only a maximum of 10% of scattered bokeh]]
[2026.08.21-04.26.04:870][  0]LogConfig: Setting CVar [[r.DOF.Recombine.Quality:1                ; cheap slight out of focus]]
[2026.08.21-04.26.04:870][  0]LogConfig: Setting CVar [[r.DOF.Recombine.EnableBokehSettings:0    ; no bokeh simulation on slight out of focus]]
[2026.08.21-04.26.04:870][  0]LogConfig: Setting CVar [[r.DOF.TemporalAAQuality:1                ; more stable temporal accumulation]]
[2026.08.21-04.26.04:870][  0]LogConfig: Setting CVar [[r.DOF.Kernel.MaxForegroundRadius:0.025]]
[2026.08.21-04.26.04:870][  0]LogConfig: Setting CVar [[r.DOF.Kernel.MaxBackgroundRadius:0.025]]
[2026.08.21-04.26.04:870][  0]LogConfig: Applying CVar settings from Section [TextureQuality@3] File [C:/UEProject/UnrealLearn/MyProject3/Saved/Config/Windows/Scalability.ini]
[2026.08.21-04.26.04:870][  0]LogConfig: Setting CVar [[r.Streaming.MipBias:0]]
[2026.08.21-04.26.04:870][  0]LogConfig: Setting CVar [[r.Streaming.AmortizeCPUToGPUCopy:0]]
[2026.08.21-04.26.04:870][  0]LogConfig: Setting CVar [[r.Streaming.MaxNumTexturesToStreamPerFrame:0]]
[2026.08.21-04.26.04:870][  0]LogConfig: Setting CVar [[r.Streaming.Boost:1]]
[2026.08.21-04.26.04:870][  0]LogConfig: Setting CVar [[r.MaxAnisotropy:8]]
[2026.08.21-04.26.04:870][  0]LogConfig: Setting CVar [[r.VT.MaxAnisotropy:8]]
[2026.08.21-04.26.04:870][  0]LogConfig: Setting CVar [[r.Streaming.LimitPoolSizeToVRAM:0]]
[2026.08.21-04.26.04:870][  0]LogConfig: Setting CVar [[r.Streaming.PoolSize:1000]]
[2026.08.21-04.26.04:870][  0]LogConfig: Setting CVar [[r.Streaming.MaxEffectiveScreenSize:0]]
[2026.08.21-04.26.04:870][  0]LogConfig: Applying CVar settings from Section [EffectsQuality@3] File [C:/UEProject/UnrealLearn/MyProject3/Saved/Config/Windows/Scalability.ini]
[2026.08.21-04.26.04:870][  0]LogConfig: Setting CVar [[r.TranslucencyLightingVolumeDim:64]]
[2026.08.21-04.26.04:870][  0]LogConfig: Setting CVar [[r.RefractionQuality:2]]
[2026.08.21-04.26.04:870][  0]LogConfig: Setting CVar [[r.SSR.Quality:3]]
[2026.08.21-04.26.04:870][  0]LogConfig: Setting CVar [[r.SSR.HalfResSceneColor:0]]
[2026.08.21-04.26.04:870][  0]LogConfig: Setting CVar [[r.SceneColorFormat:4]]
[2026.08.21-04.26.04:870][  0]LogConfig: Setting CVar [[r.DetailMode:2]]
[2026.08.21-04.26.04:870][  0]LogConfig: Setting CVar [[r.TranslucencyVolumeBlur:1]]
[2026.08.21-04.26.04:870][  0]LogConfig: Setting CVar [[r.MaterialQualityLevel:1 ; High quality]]
[2026.08.21-04.26.04:870][  0]LogConfig: Setting CVar [[r.AnisotropicMaterials:1]]
[2026.08.21-04.26.04:870][  0]LogConfig: Setting CVar [[r.SSS.Scale:1]]
[2026.08.21-04.26.04:870][  0]LogConfig: Setting CVar [[r.SSS.SampleSet:2]]
[2026.08.21-04.26.04:870][  0]LogConfig: Setting CVar [[r.SSS.Quality:1]]
[2026.08.21-04.26.04:870][  0]LogConfig: Setting CVar [[r.SSS.HalfRes:0]]
[2026.08.21-04.26.04:870][  0]LogConfig: Setting CVar [[r.SSGI.Quality:3]]
[2026.08.21-04.26.04:870][  0]LogConfig: Setting CVar [[r.EmitterSpawnRateScale:1.0]]
[2026.08.21-04.26.04:870][  0]LogConfig: Setting CVar [[r.ParticleLightQuality:2]]
[2026.08.21-04.26.04:870][  0]LogConfig: Setting CVar [[r.SkyAtmosphere.AerialPerspectiveLUT.FastApplyOnOpaque:1 ; Always have FastSkyLUT 1 in this case to avoid wrong sky]]
[2026.08.21-04.26.04:870][  0]LogConfig: Setting CVar [[r.SkyAtmosphere.AerialPerspectiveLUT.SampleCountMaxPerSlice:4]]
[2026.08.21-04.26.04:870][  0]LogConfig: Setting CVar [[r.SkyAtmosphere.AerialPerspectiveLUT.DepthResolution:16.0]]
[2026.08.21-04.26.04:870][  0]LogConfig: Setting CVar [[r.SkyAtmosphere.FastSkyLUT:1]]
[2026.08.21-04.26.04:870][  0]LogConfig: Setting CVar [[r.SkyAtmosphere.FastSkyLUT.SampleCountMin:4.0]]
[2026.08.21-04.26.04:870][  0]LogConfig: Setting CVar [[r.SkyAtmosphere.FastSkyLUT.SampleCountMax:128.0]]
[2026.08.21-04.26.04:870][  0]LogConfig: Setting CVar [[r.SkyAtmosphere.SampleCountMin:4.0]]
[2026.08.21-04.26.04:870][  0]LogConfig: Setting CVar [[r.SkyAtmosphere.SampleCountMax:128.0]]
[2026.08.21-04.26.04:870][  0]LogConfig: Setting CVar [[r.SkyAtmosphere.TransmittanceLUT.UseSmallFormat:0]]
[2026.08.21-04.26.04:870][  0]LogConfig: Setting CVar [[r.SkyAtmosphere.TransmittanceLUT.SampleCount:10.0]]
[2026.08.21-04.26.04:870][  0]LogConfig: Setting CVar [[r.SkyAtmosphere.MultiScatteringLUT.SampleCount:15.0]]
[2026.08.21-04.26.04:870][  0]LogConfig: Setting CVar [[r.SkyLight.RealTimeReflectionCapture:1]]
[2026.08.21-04.26.04:870][  0]LogConfig: Applying CVar settings from Section [FoliageQuality@3] File [C:/UEProject/UnrealLearn/MyProject3/Saved/Config/Windows/Scalability.ini]
[2026.08.21-04.26.04:870][  0]LogConfig: Setting CVar [[foliage.DensityScale:1.0]]
[2026.08.21-04.26.04:870][  0]LogConfig: Setting CVar [[grass.DensityScale:1.0]]
[2026.08.21-04.26.04:870][  0]LogConfig: Applying CVar settings from Section [ShadingQuality@3] File [C:/UEProject/UnrealLearn/MyProject3/Saved/Config/Windows/Scalability.ini]
[2026.08.21-04.26.04:870][  0]LogConfig: Setting CVar [[r.HairStrands.SkyLighting.IntegrationType:2]]
[2026.08.21-04.26.04:870][  0]LogConfig: Setting CVar [[r.HairStrands.SkyAO.SampleCount:4]]
[2026.08.21-04.26.04:870][  0]LogConfig: Setting CVar [[r.HairStrands.Visibility.MSAA.SamplePerPixel:4]]
[2026.08.21-04.26.04:871][  0]LogInit: Selected Device Profile: [Windows]
[2026.08.21-04.26.04:871][  0]LogInit: Applying CVar settings loaded from the selected device profile: [Windows]
[2026.08.21-04.26.04:871][  0]LogHAL: Display: Platform has ~ 14 GB [14665842688 / 17179869184 / 14], which maps to Larger [LargestMinGB=32, LargerMinGB=12, DefaultMinGB=8, SmallerMinGB=6, SmallestMinGB=0)
[2026.08.21-04.26.04:871][  0]LogInit: Going up to parent DeviceProfile []
[2026.08.21-04.26.04:871][  0]LogConfig: Applying CVar settings from Section [ViewDistanceQuality@3] File [C:/UEProject/UnrealLearn/MyProject3/Saved/Config/Windows/Scalability.ini]
[2026.08.21-04.26.04:871][  0]LogConfig: Setting CVar [[r.SkeletalMeshLODBias:0]]
[2026.08.21-04.26.04:871][  0]LogConfig: Setting CVar [[r.ViewDistanceScale:1.0]]
[2026.08.21-04.26.04:871][  0]LogConfig: Applying CVar settings from Section [AntiAliasingQuality@3] File [C:/UEProject/UnrealLearn/MyProject3/Saved/Config/Windows/Scalability.ini]
[2026.08.21-04.26.04:871][  0]LogConfig: Setting CVar [[r.PostProcessAAQuality:4]]
[2026.08.21-04.26.04:871][  0]LogConfig: Applying CVar settings from Section [ShadowQuality@3] File [C:/UEProject/UnrealLearn/MyProject3/Saved/Config/Windows/Scalability.ini]
[2026.08.21-04.26.04:871][  0]LogConfig: Setting CVar [[r.LightFunctionQuality:1]]
[2026.08.21-04.26.04:871][  0]LogConfig: Setting CVar [[r.ShadowQuality:5]]
[2026.08.21-04.26.04:871][  0]LogConfig: Setting CVar [[r.Shadow.CSM.MaxCascades:10]]
[2026.08.21-04.26.04:871][  0]LogConfig: Setting CVar [[r.Shadow.MaxResolution:2048]]
[2026.08.21-04.26.04:871][  0]LogConfig: Setting CVar [[r.Shadow.MaxCSMResolution:2048]]
[2026.08.21-04.26.04:871][  0]LogConfig: Setting CVar [[r.Shadow.RadiusThreshold:0.01]]
[2026.08.21-04.26.04:871][  0]LogConfig: Setting CVar [[r.Shadow.DistanceScale:1.0]]
[2026.08.21-04.26.04:871][  0]LogConfig: Setting CVar [[r.Shadow.CSM.TransitionScale:1.0]]
[2026.08.21-04.26.04:871][  0]LogConfig: Setting CVar [[r.Shadow.PreShadowResolutionFactor:1.0]]
[2026.08.21-04.26.04:871][  0]LogConfig: Setting CVar [[r.DistanceFieldShadowing:1]]
[2026.08.21-04.26.04:871][  0]LogConfig: Setting CVar [[r.DistanceFieldAO:1]]
[2026.08.21-04.26.04:871][  0]LogConfig: Setting CVar [[r.AOQuality:2]]
[2026.08.21-04.26.04:871][  0]LogConfig: Setting CVar [[r.VolumetricFog:1]]
[2026.08.21-04.26.04:871][  0]LogConfig: Setting CVar [[r.VolumetricFog.GridPixelSize:8]]
[2026.08.21-04.26.04:871][  0]LogConfig: Setting CVar [[r.VolumetricFog.GridSizeZ:128]]
[2026.08.21-04.26.04:871][  0]LogConfig: Setting CVar [[r.VolumetricFog.HistoryMissSupersampleCount:4]]
[2026.08.21-04.26.04:871][  0]LogConfig: Setting CVar [[r.LightMaxDrawDistanceScale:1]]
[2026.08.21-04.26.04:871][  0]LogConfig: Setting CVar [[r.CapsuleShadows:1]]
[2026.08.21-04.26.04:871][  0]LogConfig: Applying CVar settings from Section [PostProcessQuality@3] File [C:/UEProject/UnrealLearn/MyProject3/Saved/Config/Windows/Scalability.ini]
[2026.08.21-04.26.04:871][  0]LogConfig: Setting CVar [[r.MotionBlurQuality:4]]
[2026.08.21-04.26.04:871][  0]LogConfig: Setting CVar [[r.AmbientOcclusionMipLevelFactor:0.4]]
[2026.08.21-04.26.04:871][  0]LogConfig: Setting CVar [[r.AmbientOcclusionMaxQuality:100]]
[2026.08.21-04.26.04:871][  0]LogConfig: Setting CVar [[r.AmbientOcclusionLevels:-1]]
[2026.08.21-04.26.04:871][  0]LogConfig: Setting CVar [[r.AmbientOcclusionRadiusScale:1.0]]
[2026.08.21-04.26.04:871][  0]LogConfig: Setting CVar [[r.DepthOfFieldQuality:2]]
[2026.08.21-04.26.04:871][  0]LogConfig: Setting CVar [[r.RenderTargetPoolMin:400]]
[2026.08.21-04.26.04:871][  0]LogConfig: Setting CVar [[r.LensFlareQuality:2]]
[2026.08.21-04.26.04:871][  0]LogConfig: Setting CVar [[r.SceneColorFringeQuality:1]]
[2026.08.21-04.26.04:871][  0]LogConfig: Setting CVar [[r.EyeAdaptationQuality:2]]
[2026.08.21-04.26.04:871][  0]LogConfig: Setting CVar [[r.BloomQuality:5]]
[2026.08.21-04.26.04:871][  0]LogConfig: Setting CVar [[r.FastBlurThreshold:100]]
[2026.08.21-04.26.04:871][  0]LogConfig: Setting CVar [[r.Upscale.Quality:3]]
[2026.08.21-04.26.04:871][  0]LogConfig: Setting CVar [[r.Tonemapper.GrainQuantization:1]]
[2026.08.21-04.26.04:871][  0]LogConfig: Setting CVar [[r.LightShaftQuality:1]]
[2026.08.21-04.26.04:871][  0]LogConfig: Setting CVar [[r.Filter.SizeScale:1]]
[2026.08.21-04.26.04:871][  0]LogConfig: Setting CVar [[r.Tonemapper.Quality:5]]
[2026.08.21-04.26.04:871][  0]LogConfig: Setting CVar [[r.DOF.Gather.AccumulatorQuality:1        ; higher gathering accumulator quality]]
[2026.08.21-04.26.04:871][  0]LogConfig: Setting CVar [[r.DOF.Gather.PostfilterMethod:1          ; Median3x3 postfilering method]]
[2026.08.21-04.26.04:871][  0]LogConfig: Setting CVar [[r.DOF.Gather.EnableBokehSettings:0       ; no bokeh simulation when gathering]]
[2026.08.21-04.26.04:871][  0]LogConfig: Setting CVar [[r.DOF.Gather.RingCount:4                 ; medium number of samples when gathering]]
[2026.08.21-04.26.04:871][  0]LogConfig: Setting CVar [[r.DOF.Scatter.ForegroundCompositing:1    ; additive foreground scattering]]
[2026.08.21-04.26.04:871][  0]LogConfig: Setting CVar [[r.DOF.Scatter.BackgroundCompositing:2    ; additive background scattering]]
[2026.08.21-04.26.04:871][  0]LogConfig: Setting CVar [[r.DOF.Scatter.EnableBokehSettings:1      ; bokeh simulation when scattering]]
[2026.08.21-04.26.04:871][  0]LogConfig: Setting CVar [[r.DOF.Scatter.MaxSpriteRatio:0.1         ; only a maximum of 10% of scattered bokeh]]
[2026.08.21-04.26.04:871][  0]LogConfig: Setting CVar [[r.DOF.Recombine.Quality:1                ; cheap slight out of focus]]
[2026.08.21-04.26.04:871][  0]LogConfig: Setting CVar [[r.DOF.Recombine.EnableBokehSettings:0    ; no bokeh simulation on slight out of focus]]
[2026.08.21-04.26.04:871][  0]LogConfig: Setting CVar [[r.DOF.TemporalAAQuality:1                ; more stable temporal accumulation]]
[2026.08.21-04.26.04:871][  0]LogConfig: Setting CVar [[r.DOF.Kernel.MaxForegroundRadius:0.025]]
[2026.08.21-04.26.04:871][  0]LogConfig: Setting CVar [[r.DOF.Kernel.MaxBackgroundRadius:0.025]]
[2026.08.21-04.26.04:871][  0]LogConfig: Applying CVar settings from Section [TextureQuality@3] File [C:/UEProject/UnrealLearn/MyProject3/Saved/Config/Windows/Scalability.ini]
[2026.08.21-04.26.04:871][  0]LogConfig: Setting CVar [[r.Streaming.MipBias:0]]
[2026.08.21-04.26.04:871][  0]LogConfig: Setting CVar [[r.Streaming.AmortizeCPUToGPUCopy:0]]
[2026.08.21-04.26.04:871][  0]LogConfig: Setting CVar [[r.Streaming.MaxNumTexturesToStreamPerFrame:0]]
[2026.08.21-04.26.04:871][  0]LogConfig: Setting CVar [[r.Streaming.Boost:1]]
[2026.08.21-04.26.04:871][  0]LogConfig: Setting CVar [[r.MaxAnisotropy:8]]
[2026.08.21-04.26.04:871][  0]LogConfig: Setting CVar [[r.VT.MaxAnisotropy:8]]
[2026.08.21-04.26.04:871][  0]LogConfig: Setting CVar [[r.Streaming.LimitPoolSizeToVRAM:0]]
[2026.08.21-04.26.04:871][  0]LogConfig: Setting CVar [[r.Streaming.PoolSize:1000]]
[2026.08.21-04.26.04:871][  0]LogConfig: Setting CVar [[r.Streaming.MaxEffectiveScreenSize:0]]
[2026.08.21-04.26.04:871][  0]LogConfig: Applying CVar settings from Section [EffectsQuality@3] File [C:/UEProject/UnrealLearn/MyProject3/Saved/Config/Windows/Scalability.ini]
[2026.08.21-04.26.04:871][  0]LogConfig: Setting CVar [[r.TranslucencyLightingVolumeDim:64]]
[2026.08.21-04.26.04:871][  0]LogConfig: Setting CVar [[r.RefractionQuality:2]]
[2026.08.21-04.26.04:871][  0]LogConfig: Setting CVar [[r.SSR.Quality:3]]
[2026.08.21-04.26.04:871][  0]LogConfig: Setting CVar [[r.SSR.HalfResSceneColor:0]]
[2026.08.21-04.26.04:871][  0]LogConfig: Setting CVar [[r.SceneColorFormat:4]]
[2026.08.21-04.26.04:871][  0]LogConfig: Setting CVar [[r.DetailMode:2]]
[2026.08.21-04.26.04:871][  0]LogConfig: Setting CVar [[r.TranslucencyVolumeBlur:1]]
[2026.08.21-04.26.04:871][  0]LogConfig: Setting CVar [[r.MaterialQualityLevel:1 ; High quality]]
[2026.08.21-04.26.04:871][  0]LogConfig: Setting CVar [[r.AnisotropicMaterials:1]]
[2026.08.21-04.26.04:871][  0]LogConfig: Setting CVar [[r.SSS.Scale:1]]
[2026.08.21-04.26.04:871][  0]LogConfig: Setting CVar [[r.SSS.SampleSet:2]]
[2026.08.21-04.26.04:871][  0]LogConfig: Setting CVar [[r.SSS.Quality:1]]
[2026.08.21-04.26.04:871][  0]LogConfig: Setting CVar [[r.SSS.HalfRes:0]]
[2026.08.21-04.26.04:871][  0]LogConfig: Setting CVar [[r.SSGI.Quality:3]]
[2026.08.21-04.26.04:871][  0]LogConfig: Setting CVar [[r.EmitterSpawnRateScale:1.0]]
[2026.08.21-04.26.04:871][  0]LogConfig: Setting CVar [[r.ParticleLightQuality:2]]
[2026.08.21-04.26.04:871][  0]LogConfig: Setting CVar [[r.SkyAtmosphere.AerialPerspectiveLUT.FastApplyOnOpaque:1 ; Always have FastSkyLUT 1 in this case to avoid wrong sky]]
[2026.08.21-04.26.04:871][  0]LogConfig: Setting CVar [[r.SkyAtmosphere.AerialPerspectiveLUT.SampleCountMaxPerSlice:4]]
[2026.08.21-04.26.04:871][  0]LogConfig: Setting CVar [[r.SkyAtmosphere.AerialPerspectiveLUT.DepthResolution:16.0]]
[2026.08.21-04.26.04:871][  0]LogConfig: Setting CVar [[r.SkyAtmosphere.FastSkyLUT:1]]
[2026.08.21-04.26.04:871][  0]LogConfig: Setting CVar [[r.SkyAtmosphere.FastSkyLUT.SampleCountMin:4.0]]
[2026.08.21-04.26.04:871][  0]LogConfig: Setting CVar [[r.SkyAtmosphere.FastSkyLUT.SampleCountMax:128.0]]
[2026.08.21-04.26.04:871][  0]LogConfig: Setting CVar [[r.SkyAtmosphere.SampleCountMin:4.0]]
[2026.08.21-04.26.04:871][  0]LogConfig: Setting CVar [[r.SkyAtmosphere.SampleCountMax:128.0]]
[2026.08.21-04.26.04:871][  0]LogConfig: Setting CVar [[r.SkyAtmosphere.TransmittanceLUT.UseSmallFormat:0]]
[2026.08.21-04.26.04:871][  0]LogConfig: Setting CVar [[r.SkyAtmosphere.TransmittanceLUT.SampleCount:10.0]]
[2026.08.21-04.26.04:871][  0]LogConfig: Setting CVar [[r.SkyAtmosphere.MultiScatteringLUT.SampleCount:15.0]]
[2026.08.21-04.26.04:871][  0]LogConfig: Setting CVar [[r.SkyLight.RealTimeReflectionCapture:1]]
[2026.08.21-04.26.04:871][  0]LogConfig: Applying CVar settings from Section [FoliageQuality@3] File [C:/UEProject/UnrealLearn/MyProject3/Saved/Config/Windows/Scalability.ini]
[2026.08.21-04.26.04:871][  0]LogConfig: Setting CVar [[foliage.DensityScale:1.0]]
[2026.08.21-04.26.04:871][  0]LogConfig: Setting CVar [[grass.DensityScale:1.0]]
[2026.08.21-04.26.04:871][  0]LogConfig: Applying CVar settings from Section [ShadingQuality@3] File [C:/UEProject/UnrealLearn/MyProject3/Saved/Config/Windows/Scalability.ini]
[2026.08.21-04.26.04:871][  0]LogConfig: Setting CVar [[r.HairStrands.SkyLighting.IntegrationType:2]]
[2026.08.21-04.26.04:871][  0]LogConfig: Setting CVar [[r.HairStrands.SkyAO.SampleCount:4]]
[2026.08.21-04.26.04:871][  0]LogConfig: Setting CVar [[r.HairStrands.Visibility.MSAA.SamplePerPixel:4]]
[2026.08.21-04.26.04:871][  0]LogConfig: Applying CVar settings from Section [Startup] File [../../../Engine/Config/ConsoleVariables.ini]
[2026.08.21-04.26.04:871][  0]LogConfig: Setting CVar [[net.UseAdaptiveNetUpdateFrequency:0]]
[2026.08.21-04.26.04:871][  0]LogConfig: Setting CVar [[p.chaos.AllowCreatePhysxBodies:1]]
[2026.08.21-04.26.04:871][  0]LogConfig: Setting CVar [[fx.SkipVectorVMBackendOptimizations:1]]
[2026.08.21-04.26.04:872][  0]LogConfig: Applying CVar settings from Section [ConsoleVariables] File [C:/UEProject/UnrealLearn/MyProject3/Saved/Config/Windows/Engine.ini]
[2026.08.21-04.26.04:872][  0]LogConfig: Applying CVar settings from Section [ConsoleVariables] File [C:/UEProject/UnrealLearn/MyProject3/Saved/Config/Windows/Editor.ini]
[2026.08.21-04.26.04:872][  0]LogInit: Computer: MANKA-D-D-6017
[2026.08.21-04.26.04:872][  0]LogInit: User: LiamChen
[2026.08.21-04.26.04:872][  0]LogInit: CPU Page size=4096, Cores=16
[2026.08.21-04.26.04:872][  0]LogInit: High frequency timer resolution =10.000000 MHz
[2026.08.21-04.26.04:872][  0]LogMemory: Memory total: Physical=13.7GB (14GB approx)
[2026.08.21-04.26.04:872][  0]LogMemory: Platform Memory Stats for Windows
[2026.08.21-04.26.04:872][  0]LogMemory: Process Physical Memory: 159.76 MB used, 159.76 MB peak
[2026.08.21-04.26.04:872][  0]LogMemory: Process Virtual Memory: 136.85 MB used, 136.85 MB peak
[2026.08.21-04.26.04:872][  0]LogMemory: Physical Memory: 12143.51 MB used,  1842.93 MB free, 13986.44 MB total
[2026.08.21-04.26.04:872][  0]LogMemory: Virtual Memory: 134215136.00 MB used,  2591.17 MB free, 134217728.00 MB total
[2026.08.21-04.26.04:879][  0]LogWindows: WindowsPlatformFeatures enabled
[2026.08.21-04.26.04:914][  0]LogInit: Physics initialised using underlying interface: PhysX
[2026.08.21-04.26.04:915][  0]LogInit: Overriding language with editor language configuration option (en).
[2026.08.21-04.26.04:916][  0]LogInit: Overriding language with editor locale configuration option (en).
[2026.08.21-04.26.05:167][  0]LogInit: Setting process to per monitor DPI aware
[2026.08.21-04.26.05:294][  0]LogWindowsTextInputMethodSystem: Display: IME system deactivated.
[2026.08.21-04.26.05:310][  0]LogSlate: New Slate User Created.  User Index 0, Is Virtual User: 0
[2026.08.21-04.26.05:310][  0]LogSlate: Slate User Registered.  User Index 0, Is Virtual User: 0
[2026.08.21-04.26.05:538][  0]LogD3D11RHI: Loaded GFSDK_Aftermath_Lib.x64.dll
[2026.08.21-04.26.05:548][  0]LogHMD: Failed to initialize OpenVR with code 110
[2026.08.21-04.26.05:548][  0]LogD3D11RHI: D3D11 min allowed feature level: 11_0
[2026.08.21-04.26.05:548][  0]LogD3D11RHI: D3D11 max allowed feature level: 11_0
[2026.08.21-04.26.05:548][  0]LogD3D11RHI: D3D11 adapters:
[2026.08.21-04.26.05:763][  0]LogD3D11RHI:    0. 'NVIDIA GeForce RTX 4070' (Feature Level 11_0)
[2026.08.21-04.26.05:763][  0]LogD3D11RHI:       12010/0/6993 MB DedicatedVideo/DedicatedSystem/SharedSystem, Outputs:1, VendorId:0x10de
[2026.08.21-04.26.05:819][  0]LogD3D11RHI:    1. 'Intel(R) UHD Graphics 770' (Feature Level 11_0)
[2026.08.21-04.26.05:819][  0]LogD3D11RHI:       2048/0/6993 MB DedicatedVideo/DedicatedSystem/SharedSystem, Outputs:1, VendorId:0x8086
[2026.08.21-04.26.05:825][  0]LogD3D11RHI:    2. 'Microsoft Basic Render Driver' (Feature Level 11_0)
[2026.08.21-04.26.05:825][  0]LogD3D11RHI:       0/0/6993 MB DedicatedVideo/DedicatedSystem/SharedSystem, Outputs:0, VendorId:0x1414
[2026.08.21-04.26.05:825][  0]LogD3D11RHI: Chosen D3D11 Adapter:
[2026.08.21-04.26.05:825][  0]LogD3D11RHI:     Description : NVIDIA GeForce RTX 4070
[2026.08.21-04.26.05:825][  0]LogD3D11RHI:     VendorId    : 10de
[2026.08.21-04.26.05:825][  0]LogD3D11RHI:     DeviceId    : 2786
[2026.08.21-04.26.05:825][  0]LogD3D11RHI:     SubSysId    : 513a1028
[2026.08.21-04.26.05:825][  0]LogD3D11RHI:     Revision    : 00a1
[2026.08.21-04.26.05:825][  0]LogD3D11RHI:     DedicatedVideoMemory : 12593397760 bytes
[2026.08.21-04.26.05:825][  0]LogD3D11RHI:     DedicatedSystemMemory : 0 bytes
[2026.08.21-04.26.05:825][  0]LogD3D11RHI:     SharedSystemMemory : 7332921344 bytes
[2026.08.21-04.26.05:825][  0]LogD3D11RHI:     AdapterLuid : 0 58053
[2026.08.21-04.26.05:836][  0]LogD3D11RHI: Creating new Direct3DDevice
[2026.08.21-04.26.05:836][  0]LogD3D11RHI:     GPU DeviceId: 0x2786 (for the marketing name, search the web for "GPU Device Id")
[2026.08.21-04.26.05:836][  0]LogWindows: EnumDisplayDevices:
[2026.08.21-04.26.05:836][  0]LogWindows:    0. 'NVIDIA GeForce RTX 4070' (P:1 D:1)
[2026.08.21-04.26.05:836][  0]LogWindows:    1. 'NVIDIA GeForce RTX 4070' (P:0 D:0)
[2026.08.21-04.26.05:836][  0]LogWindows:    2. 'NVIDIA GeForce RTX 4070' (P:0 D:0)
[2026.08.21-04.26.05:837][  0]LogWindows:    3. 'NVIDIA GeForce RTX 4070' (P:0 D:0)
[2026.08.21-04.26.05:837][  0]LogWindows:    4. 'Intel(R) UHD Graphics 770' (P:0 D:1)
[2026.08.21-04.26.05:837][  0]LogWindows:    5. 'Intel(R) UHD Graphics 770' (P:0 D:0)
[2026.08.21-04.26.05:837][  0]LogWindows:    6. 'Intel(R) UHD Graphics 770' (P:0 D:0)
[2026.08.21-04.26.05:837][  0]LogWindows:    7. 'Intel(R) UHD Graphics 770' (P:0 D:0)
[2026.08.21-04.26.05:837][  0]LogWindows: DebugString: PrimaryIsNotTheChoosenAdapter PrimaryIsNotTheChoosenAdapter PrimaryIsNotTheChoosenAdapter PrimaryIsNotTheChoosenAdapter FoundDriverCount:4 
[2026.08.21-04.26.05:837][  0]LogD3D11RHI:     Adapter Name: NVIDIA GeForce RTX 4070
[2026.08.21-04.26.05:837][  0]LogD3D11RHI:   Driver Version: 595.95 (internal:32.0.15.9595, unified:595.95)
[2026.08.21-04.26.05:837][  0]LogD3D11RHI:      Driver Date: 3-15-2026
[2026.08.21-04.26.05:837][  0]LogRHI: Texture pool is 8407 MB (70% of 12010 MB)
[2026.08.21-04.26.05:837][  0]LogD3D11RHI: Creating D3DDevice using adapter:
[2026.08.21-04.26.05:837][  0]LogD3D11RHI:     Description : NVIDIA GeForce RTX 4070
[2026.08.21-04.26.05:837][  0]LogD3D11RHI:     VendorId    : 10de
[2026.08.21-04.26.05:837][  0]LogD3D11RHI:     DeviceId    : 2786
[2026.08.21-04.26.05:837][  0]LogD3D11RHI:     SubSysId    : 513a1028
[2026.08.21-04.26.05:837][  0]LogD3D11RHI:     Revision    : 00a1
[2026.08.21-04.26.05:837][  0]LogD3D11RHI:     DedicatedVideoMemory : 12593397760 bytes
[2026.08.21-04.26.05:837][  0]LogD3D11RHI:     DedicatedSystemMemory : 0 bytes
[2026.08.21-04.26.05:837][  0]LogD3D11RHI:     SharedSystemMemory : 7332921344 bytes
[2026.08.21-04.26.05:837][  0]LogD3D11RHI:     AdapterLuid : 0 58053
[2026.08.21-04.26.05:992][  0]LogD3D11RHI: RHI has support for 64 bit atomics
[2026.08.21-04.26.05:993][  0]LogD3D11RHI: Async texture creation enabled
[2026.08.21-04.26.05:993][  0]LogD3D11RHI: Array index from any shader is supported
[2026.08.21-04.26.05:994][  0]LogD3D11RHI: HDR output is supported on display 0 (NvId: 0x80061083).
[2026.08.21-04.26.06:014][  0]LogD3D11RHI: GPU Timing Frequency: 1000.000000 (Debug: 2 2)
[2026.08.21-04.26.06:048][  0]LogRHI: GeForceNow SDK initialized: 1
[2026.08.21-04.26.06:469][  0]LogTargetPlatformManager: Display: Loaded TargetPlatform 'AllDesktop'
[2026.08.21-04.26.06:487][  0]LogTargetPlatformManager: Display: Loaded TargetPlatform 'Android'
[2026.08.21-04.26.06:487][  0]LogTargetPlatformManager: Display: Loaded TargetPlatform 'Android_ASTC'
[2026.08.21-04.26.06:487][  0]LogTargetPlatformManager: Display: Loaded TargetPlatform 'Android_DXT'
[2026.08.21-04.26.06:487][  0]LogTargetPlatformManager: Display: Loaded TargetPlatform 'Android_ETC2'
[2026.08.21-04.26.06:487][  0]LogTargetPlatformManager: Display: Loaded TargetPlatform 'AndroidClient'
[2026.08.21-04.26.06:487][  0]LogTargetPlatformManager: Display: Loaded TargetPlatform 'Android_ASTCClient'
[2026.08.21-04.26.06:487][  0]LogTargetPlatformManager: Display: Loaded TargetPlatform 'Android_DXTClient'
[2026.08.21-04.26.06:487][  0]LogTargetPlatformManager: Display: Loaded TargetPlatform 'Android_ETC2Client'
[2026.08.21-04.26.06:487][  0]LogTargetPlatformManager: Display: Loaded TargetPlatform 'Android_Multi'
[2026.08.21-04.26.06:487][  0]LogTargetPlatformManager: Display: Loaded TargetPlatform 'Android_MultiClient'
[2026.08.21-04.26.06:507][  0]LogTargetPlatformManager: Display: Loaded TargetPlatform 'IOSClient'
[2026.08.21-04.26.06:507][  0]LogTargetPlatformManager: Display: Loaded TargetPlatform 'IOS'
[2026.08.21-04.26.06:515][  0]LogTargetPlatformManager: Display: Loaded TargetPlatform 'Linux'
[2026.08.21-04.26.06:520][  0]LogTargetPlatformManager: Display: Loaded TargetPlatform 'LinuxNoEditor'
[2026.08.21-04.26.06:526][  0]LogTargetPlatformManager: Display: Loaded TargetPlatform 'LinuxClient'
[2026.08.21-04.26.06:532][  0]LogTargetPlatformManager: Display: Loaded TargetPlatform 'LinuxServer'
[2026.08.21-04.26.06:540][  0]LogTargetPlatformManager: Display: Loaded TargetPlatform 'LinuxAArch64NoEditor'
[2026.08.21-04.26.06:546][  0]LogTargetPlatformManager: Display: Loaded TargetPlatform 'LinuxAArch64Client'
[2026.08.21-04.26.06:551][  0]LogTargetPlatformManager: Display: Loaded TargetPlatform 'LinuxAArch64Server'
[2026.08.21-04.26.06:570][  0]LogTargetPlatformManager: Display: Loaded TargetPlatform 'Lumin'
[2026.08.21-04.26.06:570][  0]LogTargetPlatformManager: Display: Loaded TargetPlatform 'LuminClient'
[2026.08.21-04.26.06:577][  0]LogTargetPlatformManager: Display: Loaded TargetPlatform 'MacNoEditor'
[2026.08.21-04.26.06:584][  0]LogTargetPlatformManager: Display: Loaded TargetPlatform 'Mac'
[2026.08.21-04.26.06:588][  0]LogTargetPlatformManager: Display: Loaded TargetPlatform 'MacClient'
[2026.08.21-04.26.06:595][  0]LogTargetPlatformManager: Display: Loaded TargetPlatform 'MacServer'
[2026.08.21-04.26.06:603][  0]LogTargetPlatformManager: Display: Loaded TargetPlatform 'TVOSClient'
[2026.08.21-04.26.06:603][  0]LogTargetPlatformManager: Display: Loaded TargetPlatform 'TVOS'
[2026.08.21-04.26.06:614][  0]LogTargetPlatformManager: Display: Loaded TargetPlatform 'WindowsNoEditor'
[2026.08.21-04.26.06:621][  0]LogTargetPlatformManager: Display: Loaded TargetPlatform 'Windows'
[2026.08.21-04.26.06:627][  0]LogTargetPlatformManager: Display: Loaded TargetPlatform 'WindowsClient'
[2026.08.21-04.26.06:634][  0]LogTargetPlatformManager: Display: Loaded TargetPlatform 'WindowsServer'
[2026.08.21-04.26.06:634][  0]LogTargetPlatformManager: Display: Building Assets For Windows
[2026.08.21-04.26.06:647][  0]LogAudioDebug: Display: Lib vorbis DLL was dynamically loaded.
[2026.08.21-04.26.06:699][  0]LogTextureFormatOodle: Display: Oodle Texture 2.9.0 init RDO Off
[2026.08.21-04.26.06:751][  0]LogRendererCore: Ray tracing is disabled. Reason: r.RayTracing=0.
[2026.08.21-04.26.06:751][  0]LogShaderCompilers: Guid format shader working directory is -2 characters bigger than the processId version (../../../../../../UEProject/UnrealLearn/MyProject3/Intermediate/Shaders/WorkingDirectory/25584/).
[2026.08.21-04.26.06:751][  0]LogShaderCompilers: Cleaned the shader compiler working directory 'C:/Users/LiamChen/AppData/Local/Temp/UnrealShaderWorkingDir/98F0A671454DAC8031D09B83F1846A50/'.
[2026.08.21-04.26.06:751][  0]LogXGEController: Cannot use XGE Controller as Incredibuild is not installed on this machine.
[2026.08.21-04.26.06:751][  0]LogShaderCompilers: Cannot use XGE Shader Compiler as Incredibuild is not installed on this machine.
[2026.08.21-04.26.06:752][  0]LogShaderCompilers: Display: Using Local Shader Compiler.
[2026.08.21-04.26.07:462][  0]LogDerivedDataCache: Display: Max Cache Size: 512 MB
[2026.08.21-04.26.07:550][  0]LogDerivedDataCache: Loaded boot cache 0.09s 94MB C:/Users/LiamChen/AppData/Local/UnrealEngine/4.27/DerivedDataCache/Boot.ddc.
[2026.08.21-04.26.07:550][  0]LogDerivedDataCache: Display: Loaded Boot cache: C:/Users/LiamChen/AppData/Local/UnrealEngine/4.27/DerivedDataCache/Boot.ddc
[2026.08.21-04.26.07:550][  0]LogDerivedDataCache: FDerivedDataBackendGraph:  Pak pak cache file ../../../../../../UEProject/UnrealLearn/MyProject3/DerivedDataCache/DDC.ddp not found, will not use a pak cache.
[2026.08.21-04.26.07:550][  0]LogDerivedDataCache: Unable to find inner node Pak for hierarchical cache Hierarchy.
[2026.08.21-04.26.07:551][  0]LogDerivedDataCache: FDerivedDataBackendGraph:  CompressedPak pak cache file ../../../../../../UEProject/UnrealLearn/MyProject3/DerivedDataCache/Compressed.ddp not found, will not use a pak cache.
[2026.08.21-04.26.07:551][  0]LogDerivedDataCache: Unable to find inner node CompressedPak for hierarchical cache Hierarchy.
[2026.08.21-04.26.07:567][  0]LogDerivedDataCache: Display: Pak cache opened for reading ../../../Engine/DerivedDataCache/Compressed.ddp.
[2026.08.21-04.26.07:567][  0]LogDerivedDataCache: FDerivedDataBackendGraph:  EnterprisePak pak cache file ../../../Enterprise/DerivedDataCache/Compressed.ddp not found, will not use a pak cache.
[2026.08.21-04.26.07:567][  0]LogDerivedDataCache: Unable to find inner node EnterprisePak for hierarchical cache Hierarchy.
[2026.08.21-04.26.07:582][  0]LogDerivedDataCache: Speed tests for C:/Users/LiamChen/AppData/Local/UnrealEngine/Common/DerivedDataCache took 0.02 seconds
[2026.08.21-04.26.07:582][  0]LogDerivedDataCache: Display: Performance to C:/Users/LiamChen/AppData/Local/UnrealEngine/Common/DerivedDataCache: Latency=0.10ms. RandomReadSpeed=178.75MBs, RandomWriteSpeed=104.40MBs. Assigned SpeedClass 'Local'
[2026.08.21-04.26.07:584][  0]LogDerivedDataCache: Using Local data cache path C:/Users/LiamChen/AppData/Local/UnrealEngine/Common/DerivedDataCache: Writable
[2026.08.21-04.26.07:584][  0]LogDerivedDataCache: Shared data cache path not found in *engine.ini, will not use an Shared cache.
[2026.08.21-04.26.07:584][  0]LogDerivedDataCache: Unable to find inner node Shared for hierarchical cache Hierarchy.
[2026.08.21-04.26.07:621][  0]LogSlate: Using FreeType 2.10.0
[2026.08.21-04.26.07:622][  0]LogSlate: SlateFontServices - WITH_FREETYPE: 1, WITH_HARFBUZZ: 1
[2026.08.21-04.26.07:645][  0]LogAssetRegistry: FAssetRegistry took 0.0025 seconds to start up
[2026.08.21-04.26.07:821][  0]LogInit: Selected Device Profile: [Windows]
[2026.08.21-04.26.07:821][  0]LogInit: Active device profile: [000001F687041400][000001F671291700 49] Windows
[2026.08.21-04.26.07:821][  0]LogInit: Profiles: [000001F687041400][000001F671291700 49] Windows, [000001F687D87F00][000001F67217D880 49] WindowsNoEditor, [000001F687E43500][000001F672181A00 49] WindowsServer, [000001F687D86F00][000001F672189B80 49] WindowsClient, [000001F687E40A00][000001F670ED6180 49] IOS, [000001F687D86200][000001F66F276300 49] iPadAir, [000001F687E42000][000001F66F27A480 49] iPadAir2, [000001F687C6C600][000001F66F27E6C0 49] IPadPro, [000001F687C6C700][000001F672178700 49] iPadAir3, [000001F687D85300][000001F688FB2840 49] iPadAir4, [000001F687C6D400][000001F688FBE980 49] iPadMini2, [000001F687D87300][000001F670EF2B00 49] iPadMini3, [000001F687C6DF00][000001F670F2AC80 49] iPadMini4, [000001F687D85B00][000001F670F2EE00 49] iPadMini5, [000001F687C6BE00][000001F66F19F0C0 49] iPhone6, [000001F687C6BF00][000001F670F33100 49] iPodTouch6, [000001F687E42600][000001F66FABB3C0 49] iPhone7, [000001F687E43600][000001F66FAB7400 49] iPodTouch7, [000001F687C6F900][000001F66F1A3580 49] iPhone5S, [000001F687E43F00][000001F66F1A7700 49] iPhone6Plus, [000001F687C6E400][000001F66F1AB880 49] iPhone6S, [000001F687C68100][000001F66F1AFA00 49] iPhone6SPlus, [000001F687E41D00][000001F670EA7B80 49] iPhone7Plus, [000001F687C6BA00][000001F670EAA180 49] iPhoneSE, [000001F687E42900][000001F670EAE300 49] iPhone8, [000001F687C6EF00][000001F670EB2480 49] iPhone8Plus, [000001F687C69C00][000001F670EB6600 49] iPhoneX, [000001F687C6FA00][000001F688FCA740 49] iPhoneXS, [000001F687C69B00][000001F670EC6880 49] iPhoneXSMax, [000001F687E41400][000001F670ECA9C0 49] iPhoneXR, [000001F687C69400][000001F670ECEB00 49] iPhone11, [000001F687E42800][000001F688CFEC80 49] iPhone11Pro, [000001F687C6A900][000001F688D02E00 49] iPhone11ProMax, [000001F687E42E00][000001F688D06F80 49] iPhoneSE2, [000001F687C6B600][000001F688D0F100 49] iPhone12Mini, [000001F687E43C00][000001F688D1D280 49] iPhone12, [000001F687C68E00][000001F688D21400 49] iPhone12Pro, [000001F687E40600][000001F688D25580 49] iPhone12ProMax, [000001F687C6A800][000001F688D29700 49] iPadPro105, [000001F687E42200][000001F688D2D880 49] iPadPro129, [000001F687C69700][000001F688D31A00 49] iPadPro97, [000001F687E41900][000001F68934DB80 49] iPadPro2_129, [000001F687C69E00][000001F66FA46180 49] iPad5, [000001F687E40200][000001F66FA4A300 49] iPad6, [000001F687C68900][000001F66FA6A480 49] iPad7, [000001F687E40E00][000001F670E38600 49] iPad8, [000001F687C69800][000001F670E40780 49] iPadPro11, [000001F687E43700][000001F670E44900 49] iPadPro2_11, [000001F687C6B100][000001F688CFAA40 49] iPadPro3_129, [000001F687E42100][000001F670E48B80 49] iPadPro4_129, [000001F687C68500][000001F670E8ACC0 49] AppleTV, [000001F687E40D00][000001F670E92E40 49] AppleTV4K, [000001F687C68A00][000001F670E96FC0 49] TVOS, [000001F687E43400][000001F670E9B140 49] Mac, [000001F687C68600][000001F670EA32C0 49] MacClient, [000001F687E41B00][000001F67122F440 49] MacNoEditor, [000001F687C6BC00][000001F6712335C0 49] MacServer, [000001F687E43000][000001F671237740 49] Linux, [000001F687C6A100][000001F66FA978C0 49] LinuxAArch64, [000001F687E42400][000001F66FA9BA40 49] LinuxNoEditor, [000001F687C68200][000001F66FA9FBC0 49] LinuxAArch64NoEditor, [000001F687E43300][000001F66FAA21C0 49] LinuxClient, [000001F687C69900][000001F66FAA6340 49] LinuxAArch64Client, [000001F687E43E00][000001F6893B64C0 49] LinuxServer, [000001F687C6AF00][000001F6893BA640 49] LinuxAArch64Server, [000001F687E43800][000001F6893BE7C0 49] Android, [000001F687C69A00][000001F670E9E940 49] Android_Low, [000001F687E41800][000001F670E4CAC0 49] Android_Mid, [000001F687C68B00][000001F670E8EC00 49] Android_High, [000001F687E40F00][000001F6893C2D40 49] Android_Default, [000001F687C6A300][000001F670E3CE80 49] Android_Adreno4xx, [000001F687E43100][000001F6893C6FC0 49] Android_Adreno5xx_Low, [000001F687C68700][000001F6893CF140 49] Android_Adreno5xx, [000001F687E42500][000001F6893D32C0 49] Android_Adreno6xx, [000001F687C6B300][000001F6893D7440 49] Android_Adreno6xx_Vulkan, [000001F687042D00][000001F6893DB5C0 49] Android_Mali_T6xx, [000001F687C6EE00][000001F671251740 49] Android_Mali_T7xx, [000001F687041200][000001F6712558C0 49] Android_Mali_T8xx, [000001F687C6CF00][000001F671259A40 49] Android_Mali_G71, [000001F687040C00][000001F67125DBC0 49] Android_Mali_G72, [000001F687C6C800][000001F6712601C0 49] Android_Mali_G72_Vulkan, [000001F687041900][000001F671264340 49] Android_Mali_G76, [000001F687C6EB00][000001F6712684C0 49] Android_Mali_G76_Vulkan, [000001F687042C00][000001F67126C640 49] Android_Mali_G77, [000001F687C6FE00][000001F6712707C0 49] Android_Mali_G77_Vulkan, [000001F687040D00][000001F671274940 49] Android_Mali_G78, [000001F687C6DC00][000001F671278AC0 49] Android_Mali_G78_Vulkan, [000001F687042E00][000001F67127CC40 49] Android_Mali_G710, [000001F687C6FB00][000001F6893CAD80 49] Android_Mali_G710_Vulkan, [000001F687043100][000001F671280EC0 49] Android_Vulkan_SM5, [000001F687C6E900][000001F671285000 49] Android_PowerVR_G6xxx, [000001F687042400][000001F671289140 49] Android_PowerVR_GT7xxx, [000001F687C6C200][000001F6893512C0 49] Android_PowerVR_GE8xxx, [000001F687040400][000001F689355440 49] Android_PowerVR_GM9xxx, [000001F687C6C300][000001F6893595C0 49] Android_PowerVR_GM9xxx_Vulkan, [000001F687042F00][000001F68935D740 49] Android_TegraK1, [000001F687C6D000][000001F6893618C0 49] Android_Unknown_Vulkan, [000001F687C69D00][000001F689365A40 49] Lumin, [000001F687C6CC00][000001F689369BC0 49] Lumin_Desktop, [000001F687C69000][000001F68936C1C0 49] HoloLens, 
[2026.08.21-04.26.07:941][  0]LogMeshReduction: Using QuadricMeshReduction for automatic static mesh reduction
[2026.08.21-04.26.07:941][  0]LogMeshReduction: Using SimplygonMeshReduction for automatic skeletal mesh reduction
[2026.08.21-04.26.07:941][  0]LogMeshReduction: Using ProxyLODMeshReduction for automatic mesh merging
[2026.08.21-04.26.07:941][  0]LogMeshReduction: No distributed automatic mesh merging module available
[2026.08.21-04.26.07:941][  0]LogMeshMerging: No distributed automatic mesh merging module available
[2026.08.21-04.26.07:956][  0]LogNetVersion: MyProject3 1.0.0, NetCL: 17155196, EngineNetVer: 17, GameNetVer: 0 (Checksum: 3986482189)
[2026.08.21-04.26.08:344][  0]LogTexture: Default maximum texture size for cubemaps generated from long-lat sources has been changed from 512 to unlimited. In order to preserve old behaiour for '/Engine/MapTemplates/Sky/DaylightAmbientCubemap.DaylightAmbientCubemap', its maximum texture size has been explicitly set to 512.
[2026.08.21-04.26.08:406][  0]LogHMD: PokeAHoleMaterial loaded successfully
[2026.08.21-04.26.08:411][  0]LogUObjectArray: 17178 objects as part of root set at end of initial load.
[2026.08.21-04.26.08:411][  0]LogUObjectAllocator: 4302048 out of 0 bytes used by permanent object pool.
[2026.08.21-04.26.08:411][  0]LogUObjectArray: CloseDisregardForGC: 0/0 objects in disregard for GC pool
[2026.08.21-04.26.08:646][  0]LogNiagaraDebuggerClient: Niagara Debugger Client Initialized | Session: 79EB69474710476F73645EA0C2FB153E | Instance: 86CCCA7846400BEA64C267BD66A213E8 (MANKA-D-D-6017-25584).
[2026.08.21-04.26.08:896][  0]LogTcpMessaging: Initializing TcpMessaging bridge
[2026.08.21-04.26.08:904][  0]LogUdpMessaging: Initializing bridge on interface 0.0.0.0:0 to multicast group 230.0.0.1:6666.
[2026.08.21-04.26.08:963][  0]LogPython: Using Python 3.7.7
[2026.08.21-04.26.09:698][  0]SourceControl: Source control is disabled
[2026.08.21-04.26.09:699][  0]SourceControl: Source control is disabled
[2026.08.21-04.26.09:710][  0]SourceControl: Source control is disabled
[2026.08.21-04.26.09:726][  0]SourceControl: Source control is disabled
[2026.08.21-04.26.09:732][  0]SourceControl: Source control is disabled
[2026.08.21-04.26.09:737][  0]LogUProjectInfo: Found projects:
[2026.08.21-04.26.09:986][  0]LogAndroidPermission: UAndroidPermissionCallbackProxy::GetInstance
[2026.08.21-04.26.10:064][  0]LogAudioCaptureCore: Display: No Audio Capture implementations found. Audio input will be silent.
[2026.08.21-04.26.10:064][  0]LogAudioCaptureCore: Display: No Audio Capture implementations found. Audio input will be silent.
[2026.08.21-04.26.10:126][  0]LogOpenImageDenoise: OIDN starting up
[2026.08.21-04.26.10:354][  0]LogCollectionManager: Loaded 0 collections in 0.001962 seconds
[2026.08.21-04.26.10:392][  0]LogFileCache: Scanning file cache for directory 'C:/UEProject/UnrealLearn/MyProject3/Saved/Collections/' took 0.00s
[2026.08.21-04.26.10:392][  0]LogFileCache: Scanning file cache for directory 'C:/UEProject/UnrealLearn/MyProject3/Content/Developers/LiamChen/Collections/' took 0.00s
[2026.08.21-04.26.10:392][  0]LogFileCache: Scanning file cache for directory 'C:/UEProject/UnrealLearn/MyProject3/Content/Collections/' took 0.00s
[2026.08.21-04.26.10:392][  0]LogOcInput: OculusInput pre-init called
[2026.08.21-04.26.10:745][  0]LogEngine: Initializing Engine...
[2026.08.21-04.26.10:758][  0]LogHMD: Failed to enumerate extensions. Please check that you have a valid OpenXR runtime installed.
[2026.08.21-04.26.10:759][  0]LogHMD: Failed to initialize OpenVR with code 110
[2026.08.21-04.26.10:759][  0]LogMagicLeap: Warning: VR disabled because ZI is not enabled.  To enable, in the editor, Edit -> Project Settings -> Plugins -> Magic Leap Plugin -> Enable Zero Iteration
[2026.08.21-04.26.10:764][  0]LogStats: UGameplayTagsManager::InitializeManager -  0.001 s
[2026.08.21-04.26.10:907][  0]LogInit: Initializing FReadOnlyCVARCache
[2026.08.21-04.26.10:963][  0]LogAIModule: Creating AISystem for world Untitled
[2026.08.21-04.26.10:977][  0]LogAudio: Display: Initializing Audio Device Manager...
[2026.08.21-04.26.10:984][  0]LogAudio: Display: Loading Default Audio Settings Objects...
[2026.08.21-04.26.10:986][  0]LogAudio: Display: No default SoundConcurrencyObject specified (or failed to load).
[2026.08.21-04.26.10:988][  0]LogAudio: Display: Audio Device Manager Initialized
[2026.08.21-04.26.10:988][  0]LogAudio: Display: Creating Audio Device:                 Id: 1, Scope: Shared, Realtime: True
[2026.08.21-04.26.10:989][  0]LogAudioMixer: Display: Audio Mixer Platform Settings:
[2026.08.21-04.26.10:989][  0]LogAudioMixer: Display: 	Sample Rate:						  48000
[2026.08.21-04.26.10:989][  0]LogAudioMixer: Display: 	Callback Buffer Frame Size Requested: 1024
[2026.08.21-04.26.10:989][  0]LogAudioMixer: Display: 	Callback Buffer Frame Size To Use:	  1024
[2026.08.21-04.26.10:989][  0]LogAudioMixer: Display: 	Number of buffers to queue:			  2
[2026.08.21-04.26.10:989][  0]LogAudioMixer: Display: 	Max Channels (voices):				  32
[2026.08.21-04.26.10:989][  0]LogAudioMixer: Display: 	Number of Async Source Workers:		  0
[2026.08.21-04.26.10:989][  0]LogAudio: Display: AudioDevice MaxSources: 32
[2026.08.21-04.26.10:993][  0]LogAudio: Display: Audio Spatialization Plugin: None (built-in).
[2026.08.21-04.26.10:993][  0]LogAudio: Display: Audio Reverb Plugin: None (built-in).
[2026.08.21-04.26.10:993][  0]LogAudio: Display: Audio Occlusion Plugin: None (built-in).
[2026.08.21-04.26.10:993][  0]LogAudioMixer: Display: Initializing audio mixer.
[2026.08.21-04.26.11:007][  0]LogAudioMixer: Display: 0: FrontLeft
[2026.08.21-04.26.11:007][  0]LogAudioMixer: Display: 1: FrontRight
[2026.08.21-04.26.11:018][  0]LogAudioMixer: Display: Using Audio Device Headphones (WF-1000XM4)
[2026.08.21-04.26.11:024][  0]LogAudioMixer: Display: Initializing Sound Submixes...
[2026.08.21-04.26.11:028][  0]LogAudioMixer: Display: Creating Master Submix 'MasterSubmixDefault'
[2026.08.21-04.26.11:028][  0]LogAudioMixer: Display: Creating Master Submix 'MasterReverbSubmixDefault'
[2026.08.21-04.26.11:030][  0]LogAudioMixer: Display: Creating Master Submix 'MasterEQSubmixDefault'
[2026.08.21-04.26.11:032][  0]LogAudioMixer: FMixerPlatformXAudio2::StartAudioStream() called
[2026.08.21-04.26.11:032][  0]LogAudioMixer: Display: Output buffers initialized: Frames=1024, Channels=2, Samples=2048
[2026.08.21-04.26.11:033][  0]LogAudioMixer: Display: Starting AudioMixerPlatformInterface::RunInternal()
[2026.08.21-04.26.11:033][  0]LogAudioMixer: Display: FMixerPlatformXAudio2::SubmitBuffer() called for the first time
[2026.08.21-04.26.11:033][  0]LogInit: FAudioDevice initialized.
[2026.08.21-04.26.11:035][  0]LogAudio: Display: Audio Device (ID: 1) registered with world 'Untitled'.
[2026.08.21-04.26.11:036][  0]LogNetVersion: Set ProjectVersion to 1.0.0.0. Version Checksum will be recalculated on next use.
[2026.08.21-04.26.11:099][  0]LogDerivedDataCache: Saved boot cache 0.06s 94MB C:/Users/LiamChen/AppData/Local/UnrealEngine/4.27/DerivedDataCache/Boot.ddc.
[2026.08.21-04.26.11:099][  0]LogInit: Texture streaming: Enabled
[2026.08.21-04.26.11:120][  0]LogAnalytics: Display: [UEEditor.Rocket.Release] APIServer = https://datarouter.ol.epicgames.com/. AppVersion = 4.27.2-18319896+++UE4+Release-4.27
[2026.08.21-04.26.11:128][  0]LogEngineSessionManager: EngineSessionManager initialized
[2026.08.21-04.26.11:128][  0]LogEngineSessionManager: EngineSessionManager sent abnormal shutdown report. Type=Crashed, SessionId={D217C8B2-4C6B-FF83-EDCC-45A55F143862}
[2026.08.21-04.26.11:128][  0]LogEditorSessionSummary: Verbose: Initializing EditorSessionSummaryWriter for editor session tracking
[2026.08.21-04.26.11:132][  0]LogEditorSessionSummary: EditorSessionSummaryWriter initialized
[2026.08.21-04.26.11:177][  0]LogInit: Transaction tracking system initialized
[2026.08.21-04.26.11:224][  0]BlueprintLog: New page: Editor Load
[2026.08.21-04.26.11:346][  0]LocalizationService: Localization service is disabled
[2026.08.21-04.26.11:408][  0]TimingProfiler: Initialize
[2026.08.21-04.26.11:410][  0]TimingProfiler: OnSessionChanged
[2026.08.21-04.26.11:410][  0]LoadingProfiler: Initialize
[2026.08.21-04.26.11:410][  0]LoadingProfiler: OnSessionChanged
[2026.08.21-04.26.11:411][  0]NetworkingProfiler: Initialize
[2026.08.21-04.26.11:411][  0]NetworkingProfiler: OnSessionChanged
[2026.08.21-04.26.11:411][  0]MemoryProfiler: Initialize
[2026.08.21-04.26.11:411][  0]MemoryProfiler: OnSessionChanged
[2026.08.21-04.26.11:612][  0]LogFileCache: Scanning file cache for directory 'C:/UEProject/UnrealLearn/MyProject3/Content/' took 0.00s
[2026.08.21-04.26.11:612][  0]LogCook: Display: CookSettings for Memory: MemoryMaxUsedVirtual 0MiB, MemoryMaxUsedPhysical 16384MiB, MemoryMinFreeVirtual 0MiB, MemoryMinFreePhysical 1024MiB
[2026.08.21-04.26.11:612][  0]LogCook: Display: Mobile HDR setting 1
[2026.08.21-04.26.12:095][  0]LogInit: Display: Engine is initialized. Leaving FEngineLoop::Init()
[2026.08.21-04.26.12:107][  0]SourceControl: Source control is disabled
[2026.08.21-04.26.12:107][  0]LogUnrealEdMisc: Loading editor; pre map load, took 8.448
[2026.08.21-04.26.12:109][  0]Cmd: MAP LOAD FILE="../../../../../../UEProject/UnrealLearn/MyProject3/Content/ThirdPersonBP/Maps/ThirdPersonExampleMap.umap" TEMPLATE=0 SHOWPROGRESS=1 FEATURELEVEL=3
[2026.08.21-04.26.12:112][  0]LightingResults: New page: Lighting Build
[2026.08.21-04.26.12:121][  0]LogWorld: UWorld::CleanupWorld for Untitled, bSessionEnded=true, bCleanupResources=true
[2026.08.21-04.26.12:123][  0]LogSlate: InvalidateAllWidgets triggered.  All widgets were invalidated
[2026.08.21-04.26.12:126][  0]MapCheck: New page: Map Check
[2026.08.21-04.26.12:126][  0]LightingResults: New page: Lighting Build
[2026.08.21-04.26.12:135][  0]LogAudio: Display: Audio Device unregistered from world 'None'.
[2026.08.21-04.26.12:150][  0]LogUObjectHash: Compacting FUObjectHashTables data took   0.66ms
[2026.08.21-04.26.12:448][  0]LogAudio: Display: Audio Device (ID: 1) registered with world 'ThirdPersonExampleMap'.
[2026.08.21-04.26.12:451][  0]LogAIModule: Creating AISystem for world ThirdPersonExampleMap
[2026.08.21-04.26.12:499][  0]LogEditorServer: Finished looking for orphan Actors (0.000 secs)
[2026.08.21-04.26.12:517][  0]LogUObjectHash: Compacting FUObjectHashTables data took   0.56ms
[2026.08.21-04.26.12:519][  0]Cmd: MAP CHECKDEP NOCLEARLOG
[2026.08.21-04.26.12:520][  0]MapCheck: Map check complete: 0 Error(s), 0 Warning(s), took 0.276ms to complete.
[2026.08.21-04.26.12:520][  0]LogFileHelpers: Loading map 'ThirdPersonExampleMap' took 0.411
[2026.08.21-04.26.12:534][  0]LogUnrealEdMisc: Total Editor Startup Time, took 8.875
[2026.08.21-04.26.12:722][  0]LogSlate: Updating window title bar state: overlay mode, drag disabled, window buttons hidden, title bar hidden
[2026.08.21-04.26.12:730][  0]LogSlate: Updating window title bar state: overlay mode, drag disabled, window buttons hidden, title bar hidden
[2026.08.21-04.26.12:737][  0]LogSlate: Updating window title bar state: overlay mode, drag disabled, window buttons hidden, title bar hidden
[2026.08.21-04.26.12:741][  0]LogSlate: Updating window title bar state: overlay mode, drag disabled, window buttons hidden, title bar hidden
[2026.08.21-04.26.12:784][  0]LogNativeClassHierarchy: Verbose: Native class hierarchy populated in 0.0092 seconds. Added 3822 classes and 928 folders.
[2026.08.21-04.26.12:793][  0]LogNativeClassHierarchy: Verbose: Native class hierarchy updated for 'WidgetCarousel' in 0.0012 seconds. Added 0 classes and 0 folders.
[2026.08.21-04.26.12:799][  0]LogPakFile: PakFile PrimaryIndexSize=187
[2026.08.21-04.26.12:799][  0]LogPakFile: PakFile PathHashIndexSize=101
[2026.08.21-04.26.12:799][  0]LogPakFile: PakFile FullDirectoryIndexSize=148
[2026.08.21-04.26.12:799][  0]LogShaderLibrary: Display: ShaderCodeLibraryPakFileMountedCallback: PakFile 'C:/Program Files/Epic Games/UE_4.27/FeaturePacks/FP_FirstPerson.upack' (chunk index -1, root 'root:/') mounted
[2026.08.21-04.26.12:799][  0]LogShaderLibrary: Display: ShaderCodeLibraryPakFileMountedCallback: pending pak file info (ChunkID:-1 Root:root:/ File:C:/Program Files/Epic Games/UE_4.27/FeaturePacks/FP_FirstPerson.upack)
[2026.08.21-04.26.12:800][  0]LogPakFile: OnPakFileMounted2Time == 0.001126
[2026.08.21-04.26.12:802][  0]LogPakFile: PakFile PrimaryIndexSize=189
[2026.08.21-04.26.12:803][  0]LogPakFile: PakFile PathHashIndexSize=101
[2026.08.21-04.26.12:803][  0]LogPakFile: PakFile FullDirectoryIndexSize=152
[2026.08.21-04.26.12:803][  0]LogShaderLibrary: Display: ShaderCodeLibraryPakFileMountedCallback: PakFile 'C:/Program Files/Epic Games/UE_4.27/FeaturePacks/FP_FirstPersonBP.upack' (chunk index -1, root 'root:/') mounted
[2026.08.21-04.26.12:803][  0]LogShaderLibrary: Display: ShaderCodeLibraryPakFileMountedCallback: pending pak file info (ChunkID:-1 Root:root:/ File:C:/Program Files/Epic Games/UE_4.27/FeaturePacks/FP_FirstPersonBP.upack)
[2026.08.21-04.26.12:803][  0]LogPakFile: OnPakFileMounted2Time == 0.000123
[2026.08.21-04.26.12:804][  0]LogPakFile: PakFile PrimaryIndexSize=191
[2026.08.21-04.26.12:804][  0]LogPakFile: PakFile PathHashIndexSize=101
[2026.08.21-04.26.12:804][  0]LogPakFile: PakFile FullDirectoryIndexSize=160
[2026.08.21-04.26.12:804][  0]LogShaderLibrary: Display: ShaderCodeLibraryPakFileMountedCallback: PakFile 'C:/Program Files/Epic Games/UE_4.27/FeaturePacks/MobileStarterContent.upack' (chunk index -1, root 'root:/') mounted
[2026.08.21-04.26.12:804][  0]LogShaderLibrary: Display: ShaderCodeLibraryPakFileMountedCallback: pending pak file info (ChunkID:-1 Root:root:/ File:C:/Program Files/Epic Games/UE_4.27/FeaturePacks/MobileStarterContent.upack)
[2026.08.21-04.26.12:804][  0]LogPakFile: OnPakFileMounted2Time == 0.000038
[2026.08.21-04.26.12:805][  0]LogPakFile: PakFile PrimaryIndexSize=185
[2026.08.21-04.26.12:805][  0]LogPakFile: PakFile PathHashIndexSize=101
[2026.08.21-04.26.12:805][  0]LogPakFile: PakFile FullDirectoryIndexSize=148
[2026.08.21-04.26.12:805][  0]LogShaderLibrary: Display: ShaderCodeLibraryPakFileMountedCallback: PakFile 'C:/Program Files/Epic Games/UE_4.27/FeaturePacks/StarterContent.upack' (chunk index -1, root 'root:/') mounted
[2026.08.21-04.26.12:805][  0]LogShaderLibrary: Display: ShaderCodeLibraryPakFileMountedCallback: pending pak file info (ChunkID:-1 Root:root:/ File:C:/Program Files/Epic Games/UE_4.27/FeaturePacks/StarterContent.upack)
[2026.08.21-04.26.12:805][  0]LogPakFile: OnPakFileMounted2Time == 0.000033
[2026.08.21-04.26.12:806][  0]LogPakFile: PakFile PrimaryIndexSize=190
[2026.08.21-04.26.12:806][  0]LogPakFile: PakFile PathHashIndexSize=101
[2026.08.21-04.26.12:806][  0]LogPakFile: PakFile FullDirectoryIndexSize=154
[2026.08.21-04.26.12:806][  0]LogShaderLibrary: Display: ShaderCodeLibraryPakFileMountedCallback: PakFile 'C:/Program Files/Epic Games/UE_4.27/FeaturePacks/TP_2DSideScroller.upack' (chunk index -1, root 'root:/') mounted
[2026.08.21-04.26.12:806][  0]LogShaderLibrary: Display: ShaderCodeLibraryPakFileMountedCallback: pending pak file info (ChunkID:-1 Root:root:/ File:C:/Program Files/Epic Games/UE_4.27/FeaturePacks/TP_2DSideScroller.upack)
[2026.08.21-04.26.12:806][  0]LogPakFile: OnPakFileMounted2Time == 0.000032
[2026.08.21-04.26.12:807][  0]LogPakFile: PakFile PrimaryIndexSize=192
[2026.08.21-04.26.12:807][  0]LogPakFile: PakFile PathHashIndexSize=101
[2026.08.21-04.26.12:807][  0]LogPakFile: PakFile FullDirectoryIndexSize=158
[2026.08.21-04.26.12:807][  0]LogShaderLibrary: Display: ShaderCodeLibraryPakFileMountedCallback: PakFile 'C:/Program Files/Epic Games/UE_4.27/FeaturePacks/TP_2DSideScrollerBP.upack' (chunk index -1, root 'root:/') mounted
[2026.08.21-04.26.12:807][  0]LogShaderLibrary: Display: ShaderCodeLibraryPakFileMountedCallback: pending pak file info (ChunkID:-1 Root:root:/ File:C:/Program Files/Epic Games/UE_4.27/FeaturePacks/TP_2DSideScrollerBP.upack)
[2026.08.21-04.26.12:807][  0]LogPakFile: OnPakFileMounted2Time == 0.000047
[2026.08.21-04.26.12:808][  0]LogPakFile: PakFile PrimaryIndexSize=182
[2026.08.21-04.26.12:808][  0]LogPakFile: PakFile PathHashIndexSize=101
[2026.08.21-04.26.12:808][  0]LogPakFile: PakFile FullDirectoryIndexSize=138
[2026.08.21-04.26.12:808][  0]LogShaderLibrary: Display: ShaderCodeLibraryPakFileMountedCallback: PakFile 'C:/Program Files/Epic Games/UE_4.27/FeaturePacks/TP_Flying.upack' (chunk index -1, root 'root:/') mounted
[2026.08.21-04.26.12:808][  0]LogShaderLibrary: Display: ShaderCodeLibraryPakFileMountedCallback: pending pak file info (ChunkID:-1 Root:root:/ File:C:/Program Files/Epic Games/UE_4.27/FeaturePacks/TP_Flying.upack)
[2026.08.21-04.26.12:808][  0]LogPakFile: OnPakFileMounted2Time == 0.000030
[2026.08.21-04.26.12:809][  0]LogPakFile: PakFile PrimaryIndexSize=184
[2026.08.21-04.26.12:810][  0]LogPakFile: PakFile PathHashIndexSize=101
[2026.08.21-04.26.12:810][  0]LogPakFile: PakFile FullDirectoryIndexSize=142
[2026.08.21-04.26.12:810][  0]LogShaderLibrary: Display: ShaderCodeLibraryPakFileMountedCallback: PakFile 'C:/Program Files/Epic Games/UE_4.27/FeaturePacks/TP_FlyingBP.upack' (chunk index -1, root 'root:/') mounted
[2026.08.21-04.26.12:810][  0]LogShaderLibrary: Display: ShaderCodeLibraryPakFileMountedCallback: pending pak file info (ChunkID:-1 Root:root:/ File:C:/Program Files/Epic Games/UE_4.27/FeaturePacks/TP_FlyingBP.upack)
[2026.08.21-04.26.12:810][  0]LogPakFile: OnPakFileMounted2Time == 0.000043
[2026.08.21-04.26.12:810][  0]LogPakFile: PakFile PrimaryIndexSize=188
[2026.08.21-04.26.12:810][  0]LogPakFile: PakFile PathHashIndexSize=101
[2026.08.21-04.26.12:810][  0]LogPakFile: PakFile FullDirectoryIndexSize=150
[2026.08.21-04.26.12:810][  0]LogShaderLibrary: Display: ShaderCodeLibraryPakFileMountedCallback: PakFile 'C:/Program Files/Epic Games/UE_4.27/FeaturePacks/TP_HandheldARBP.upack' (chunk index -1, root 'root:/') mounted
[2026.08.21-04.26.12:810][  0]LogShaderLibrary: Display: ShaderCodeLibraryPakFileMountedCallback: pending pak file info (ChunkID:-1 Root:root:/ File:C:/Program Files/Epic Games/UE_4.27/FeaturePacks/TP_HandheldARBP.upack)
[2026.08.21-04.26.12:810][  0]LogPakFile: OnPakFileMounted2Time == 0.000191
[2026.08.21-04.26.12:813][  0]LogPakFile: PakFile PrimaryIndexSize=182
[2026.08.21-04.26.12:813][  0]LogPakFile: PakFile PathHashIndexSize=101
[2026.08.21-04.26.12:813][  0]LogPakFile: PakFile FullDirectoryIndexSize=138
[2026.08.21-04.26.12:813][  0]LogShaderLibrary: Display: ShaderCodeLibraryPakFileMountedCallback: PakFile 'C:/Program Files/Epic Games/UE_4.27/FeaturePacks/TP_Puzzle.upack' (chunk index -1, root 'root:/') mounted
[2026.08.21-04.26.12:813][  0]LogShaderLibrary: Display: ShaderCodeLibraryPakFileMountedCallback: pending pak file info (ChunkID:-1 Root:root:/ File:C:/Program Files/Epic Games/UE_4.27/FeaturePacks/TP_Puzzle.upack)
[2026.08.21-04.26.12:813][  0]LogPakFile: OnPakFileMounted2Time == 0.000100
[2026.08.21-04.26.12:814][  0]LogPakFile: PakFile PrimaryIndexSize=184
[2026.08.21-04.26.12:814][  0]LogPakFile: PakFile PathHashIndexSize=101
[2026.08.21-04.26.12:814][  0]LogPakFile: PakFile FullDirectoryIndexSize=142
[2026.08.21-04.26.12:814][  0]LogShaderLibrary: Display: ShaderCodeLibraryPakFileMountedCallback: PakFile 'C:/Program Files/Epic Games/UE_4.27/FeaturePacks/TP_PuzzleBP.upack' (chunk index -1, root 'root:/') mounted
[2026.08.21-04.26.12:814][  0]LogShaderLibrary: Display: ShaderCodeLibraryPakFileMountedCallback: pending pak file info (ChunkID:-1 Root:root:/ File:C:/Program Files/Epic Games/UE_4.27/FeaturePacks/TP_PuzzleBP.upack)
[2026.08.21-04.26.12:814][  0]LogPakFile: OnPakFileMounted2Time == 0.000032
[2026.08.21-04.26.12:815][  0]LogPakFile: PakFile PrimaryIndexSize=183
[2026.08.21-04.26.12:815][  0]LogPakFile: PakFile PathHashIndexSize=101
[2026.08.21-04.26.12:815][  0]LogPakFile: PakFile FullDirectoryIndexSize=140
[2026.08.21-04.26.12:815][  0]LogShaderLibrary: Display: ShaderCodeLibraryPakFileMountedCallback: PakFile 'C:/Program Files/Epic Games/UE_4.27/FeaturePacks/TP_Rolling.upack' (chunk index -1, root 'root:/') mounted
[2026.08.21-04.26.12:815][  0]LogShaderLibrary: Display: ShaderCodeLibraryPakFileMountedCallback: pending pak file info (ChunkID:-1 Root:root:/ File:C:/Program Files/Epic Games/UE_4.27/FeaturePacks/TP_Rolling.upack)
[2026.08.21-04.26.12:815][  0]LogPakFile: OnPakFileMounted2Time == 0.000032
[2026.08.21-04.26.12:816][  0]LogPakFile: PakFile PrimaryIndexSize=185
[2026.08.21-04.26.12:816][  0]LogPakFile: PakFile PathHashIndexSize=101
[2026.08.21-04.26.12:816][  0]LogPakFile: PakFile FullDirectoryIndexSize=144
[2026.08.21-04.26.12:816][  0]LogShaderLibrary: Display: ShaderCodeLibraryPakFileMountedCallback: PakFile 'C:/Program Files/Epic Games/UE_4.27/FeaturePacks/TP_RollingBP.upack' (chunk index -1, root 'root:/') mounted
[2026.08.21-04.26.12:816][  0]LogShaderLibrary: Display: ShaderCodeLibraryPakFileMountedCallback: pending pak file info (ChunkID:-1 Root:root:/ File:C:/Program Files/Epic Games/UE_4.27/FeaturePacks/TP_RollingBP.upack)
[2026.08.21-04.26.12:816][  0]LogPakFile: OnPakFileMounted2Time == 0.000032
[2026.08.21-04.26.12:817][  0]LogPakFile: PakFile PrimaryIndexSize=188
[2026.08.21-04.26.12:817][  0]LogPakFile: PakFile PathHashIndexSize=101
[2026.08.21-04.26.12:817][  0]LogPakFile: PakFile FullDirectoryIndexSize=150
[2026.08.21-04.26.12:817][  0]LogShaderLibrary: Display: ShaderCodeLibraryPakFileMountedCallback: PakFile 'C:/Program Files/Epic Games/UE_4.27/FeaturePacks/TP_SideScroller.upack' (chunk index -1, root 'root:/') mounted
[2026.08.21-04.26.12:817][  0]LogShaderLibrary: Display: ShaderCodeLibraryPakFileMountedCallback: pending pak file info (ChunkID:-1 Root:root:/ File:C:/Program Files/Epic Games/UE_4.27/FeaturePacks/TP_SideScroller.upack)
[2026.08.21-04.26.12:817][  0]LogPakFile: OnPakFileMounted2Time == 0.000037
[2026.08.21-04.26.12:818][  0]LogPakFile: PakFile PrimaryIndexSize=190
[2026.08.21-04.26.12:818][  0]LogPakFile: PakFile PathHashIndexSize=101
[2026.08.21-04.26.12:819][  0]LogPakFile: PakFile FullDirectoryIndexSize=154
[2026.08.21-04.26.12:819][  0]LogShaderLibrary: Display: ShaderCodeLibraryPakFileMountedCallback: PakFile 'C:/Program Files/Epic Games/UE_4.27/FeaturePacks/TP_SideScrollerBP.upack' (chunk index -1, root 'root:/') mounted
[2026.08.21-04.26.12:819][  0]LogShaderLibrary: Display: ShaderCodeLibraryPakFileMountedCallback: pending pak file info (ChunkID:-1 Root:root:/ File:C:/Program Files/Epic Games/UE_4.27/FeaturePacks/TP_SideScrollerBP.upack)
[2026.08.21-04.26.12:819][  0]LogPakFile: OnPakFileMounted2Time == 0.000063
[2026.08.21-04.26.12:819][  0]LogPakFile: PakFile PrimaryIndexSize=187
[2026.08.21-04.26.12:819][  0]LogPakFile: PakFile PathHashIndexSize=101
[2026.08.21-04.26.12:820][  0]LogPakFile: PakFile FullDirectoryIndexSize=148
[2026.08.21-04.26.12:820][  0]LogShaderLibrary: Display: ShaderCodeLibraryPakFileMountedCallback: PakFile 'C:/Program Files/Epic Games/UE_4.27/FeaturePacks/TP_ThirdPerson.upack' (chunk index -1, root 'root:/') mounted
[2026.08.21-04.26.12:820][  0]LogShaderLibrary: Display: ShaderCodeLibraryPakFileMountedCallback: pending pak file info (ChunkID:-1 Root:root:/ File:C:/Program Files/Epic Games/UE_4.27/FeaturePacks/TP_ThirdPerson.upack)
[2026.08.21-04.26.12:820][  0]LogPakFile: OnPakFileMounted2Time == 0.000030
[2026.08.21-04.26.12:820][  0]LogPakFile: PakFile PrimaryIndexSize=189
[2026.08.21-04.26.12:820][  0]LogPakFile: PakFile PathHashIndexSize=101
[2026.08.21-04.26.12:820][  0]LogPakFile: PakFile FullDirectoryIndexSize=152
[2026.08.21-04.26.12:820][  0]LogShaderLibrary: Display: ShaderCodeLibraryPakFileMountedCallback: PakFile 'C:/Program Files/Epic Games/UE_4.27/FeaturePacks/TP_ThirdPersonBP.upack' (chunk index -1, root 'root:/') mounted
[2026.08.21-04.26.12:820][  0]LogShaderLibrary: Display: ShaderCodeLibraryPakFileMountedCallback: pending pak file info (ChunkID:-1 Root:root:/ File:C:/Program Files/Epic Games/UE_4.27/FeaturePacks/TP_ThirdPersonBP.upack)
[2026.08.21-04.26.12:820][  0]LogPakFile: OnPakFileMounted2Time == 0.000028
[2026.08.21-04.26.12:822][  0]LogPakFile: PakFile PrimaryIndexSize=183
[2026.08.21-04.26.12:822][  0]LogPakFile: PakFile PathHashIndexSize=101
[2026.08.21-04.26.12:822][  0]LogPakFile: PakFile FullDirectoryIndexSize=140
[2026.08.21-04.26.12:822][  0]LogShaderLibrary: Display: ShaderCodeLibraryPakFileMountedCallback: PakFile 'C:/Program Files/Epic Games/UE_4.27/FeaturePacks/TP_TopDown.upack' (chunk index -1, root 'root:/') mounted
[2026.08.21-04.26.12:822][  0]LogShaderLibrary: Display: ShaderCodeLibraryPakFileMountedCallback: pending pak file info (ChunkID:-1 Root:root:/ File:C:/Program Files/Epic Games/UE_4.27/FeaturePacks/TP_TopDown.upack)
[2026.08.21-04.26.12:822][  0]LogPakFile: OnPakFileMounted2Time == 0.000043
[2026.08.21-04.26.12:825][  0]LogPakFile: PakFile PrimaryIndexSize=185
[2026.08.21-04.26.12:825][  0]LogPakFile: PakFile PathHashIndexSize=101
[2026.08.21-04.26.12:825][  0]LogPakFile: PakFile FullDirectoryIndexSize=144
[2026.08.21-04.26.12:825][  0]LogShaderLibrary: Display: ShaderCodeLibraryPakFileMountedCallback: PakFile 'C:/Program Files/Epic Games/UE_4.27/FeaturePacks/TP_TopDownBP.upack' (chunk index -1, root 'root:/') mounted
[2026.08.21-04.26.12:825][  0]LogShaderLibrary: Display: ShaderCodeLibraryPakFileMountedCallback: pending pak file info (ChunkID:-1 Root:root:/ File:C:/Program Files/Epic Games/UE_4.27/FeaturePacks/TP_TopDownBP.upack)
[2026.08.21-04.26.12:825][  0]LogPakFile: OnPakFileMounted2Time == 0.000038
[2026.08.21-04.26.12:826][  0]LogPakFile: PakFile PrimaryIndexSize=185
[2026.08.21-04.26.12:826][  0]LogPakFile: PakFile PathHashIndexSize=101
[2026.08.21-04.26.12:826][  0]LogPakFile: PakFile FullDirectoryIndexSize=144
[2026.08.21-04.26.12:826][  0]LogShaderLibrary: Display: ShaderCodeLibraryPakFileMountedCallback: PakFile 'C:/Program Files/Epic Games/UE_4.27/FeaturePacks/TP_TwinStick.upack' (chunk index -1, root 'root:/') mounted
[2026.08.21-04.26.12:826][  0]LogShaderLibrary: Display: ShaderCodeLibraryPakFileMountedCallback: pending pak file info (ChunkID:-1 Root:root:/ File:C:/Program Files/Epic Games/UE_4.27/FeaturePacks/TP_TwinStick.upack)
[2026.08.21-04.26.12:826][  0]LogPakFile: OnPakFileMounted2Time == 0.000043
[2026.08.21-04.26.12:827][  0]LogPakFile: PakFile PrimaryIndexSize=187
[2026.08.21-04.26.12:827][  0]LogPakFile: PakFile PathHashIndexSize=101
[2026.08.21-04.26.12:827][  0]LogPakFile: PakFile FullDirectoryIndexSize=148
[2026.08.21-04.26.12:827][  0]LogShaderLibrary: Display: ShaderCodeLibraryPakFileMountedCallback: PakFile 'C:/Program Files/Epic Games/UE_4.27/FeaturePacks/TP_TwinStickBP.upack' (chunk index -1, root 'root:/') mounted
[2026.08.21-04.26.12:827][  0]LogShaderLibrary: Display: ShaderCodeLibraryPakFileMountedCallback: pending pak file info (ChunkID:-1 Root:root:/ File:C:/Program Files/Epic Games/UE_4.27/FeaturePacks/TP_TwinStickBP.upack)
[2026.08.21-04.26.12:827][  0]LogPakFile: OnPakFileMounted2Time == 0.000038
[2026.08.21-04.26.12:829][  0]LogPakFile: PakFile PrimaryIndexSize=183
[2026.08.21-04.26.12:829][  0]LogPakFile: PakFile PathHashIndexSize=101
[2026.08.21-04.26.12:829][  0]LogPakFile: PakFile FullDirectoryIndexSize=140
[2026.08.21-04.26.12:829][  0]LogShaderLibrary: Display: ShaderCodeLibraryPakFileMountedCallback: PakFile 'C:/Program Files/Epic Games/UE_4.27/FeaturePacks/TP_Vehicle.upack' (chunk index -1, root 'root:/') mounted
[2026.08.21-04.26.12:829][  0]LogShaderLibrary: Display: ShaderCodeLibraryPakFileMountedCallback: pending pak file info (ChunkID:-1 Root:root:/ File:C:/Program Files/Epic Games/UE_4.27/FeaturePacks/TP_Vehicle.upack)
[2026.08.21-04.26.12:829][  0]LogPakFile: OnPakFileMounted2Time == 0.000034
[2026.08.21-04.26.12:830][  0]LogPakFile: PakFile PrimaryIndexSize=186
[2026.08.21-04.26.12:830][  0]LogPakFile: PakFile PathHashIndexSize=101
[2026.08.21-04.26.12:830][  0]LogPakFile: PakFile FullDirectoryIndexSize=146
[2026.08.21-04.26.12:830][  0]LogShaderLibrary: Display: ShaderCodeLibraryPakFileMountedCallback: PakFile 'C:/Program Files/Epic Games/UE_4.27/FeaturePacks/TP_VehicleAdv.upack' (chunk index -1, root 'root:/') mounted
[2026.08.21-04.26.12:830][  0]LogShaderLibrary: Display: ShaderCodeLibraryPakFileMountedCallback: pending pak file info (ChunkID:-1 Root:root:/ File:C:/Program Files/Epic Games/UE_4.27/FeaturePacks/TP_VehicleAdv.upack)
[2026.08.21-04.26.12:830][  0]LogPakFile: OnPakFileMounted2Time == 0.000031
[2026.08.21-04.26.12:831][  0]LogPakFile: PakFile PrimaryIndexSize=188
[2026.08.21-04.26.12:831][  0]LogPakFile: PakFile PathHashIndexSize=101
[2026.08.21-04.26.12:831][  0]LogPakFile: PakFile FullDirectoryIndexSize=150
[2026.08.21-04.26.12:831][  0]LogShaderLibrary: Display: ShaderCodeLibraryPakFileMountedCallback: PakFile 'C:/Program Files/Epic Games/UE_4.27/FeaturePacks/TP_VehicleAdvBP.upack' (chunk index -1, root 'root:/') mounted
[2026.08.21-04.26.12:831][  0]LogShaderLibrary: Display: ShaderCodeLibraryPakFileMountedCallback: pending pak file info (ChunkID:-1 Root:root:/ File:C:/Program Files/Epic Games/UE_4.27/FeaturePacks/TP_VehicleAdvBP.upack)
[2026.08.21-04.26.12:831][  0]LogPakFile: OnPakFileMounted2Time == 0.000039
[2026.08.21-04.26.12:832][  0]LogPakFile: PakFile PrimaryIndexSize=185
[2026.08.21-04.26.12:832][  0]LogPakFile: PakFile PathHashIndexSize=101
[2026.08.21-04.26.12:832][  0]LogPakFile: PakFile FullDirectoryIndexSize=144
[2026.08.21-04.26.12:832][  0]LogShaderLibrary: Display: ShaderCodeLibraryPakFileMountedCallback: PakFile 'C:/Program Files/Epic Games/UE_4.27/FeaturePacks/TP_VehicleBP.upack' (chunk index -1, root 'root:/') mounted
[2026.08.21-04.26.12:832][  0]LogShaderLibrary: Display: ShaderCodeLibraryPakFileMountedCallback: pending pak file info (ChunkID:-1 Root:root:/ File:C:/Program Files/Epic Games/UE_4.27/FeaturePacks/TP_VehicleBP.upack)
[2026.08.21-04.26.12:832][  0]LogPakFile: OnPakFileMounted2Time == 0.000027
[2026.08.21-04.26.12:833][  0]LogPakFile: PakFile PrimaryIndexSize=192
[2026.08.21-04.26.12:833][  0]LogPakFile: PakFile PathHashIndexSize=101
[2026.08.21-04.26.12:833][  0]LogPakFile: PakFile FullDirectoryIndexSize=158
[2026.08.21-04.26.12:833][  0]LogShaderLibrary: Display: ShaderCodeLibraryPakFileMountedCallback: PakFile 'C:/Program Files/Epic Games/UE_4.27/FeaturePacks/TP_VirtualRealityBP.upack' (chunk index -1, root 'root:/') mounted
[2026.08.21-04.26.12:833][  0]LogShaderLibrary: Display: ShaderCodeLibraryPakFileMountedCallback: pending pak file info (ChunkID:-1 Root:root:/ File:C:/Program Files/Epic Games/UE_4.27/FeaturePacks/TP_VirtualRealityBP.upack)
[2026.08.21-04.26.12:833][  0]LogPakFile: OnPakFileMounted2Time == 0.000032
[2026.08.21-04.26.12:885][  0]LogNativeClassHierarchy: Verbose: Native class hierarchy updated for 'AddContentDialog' in 0.0003 seconds. Added 0 classes and 0 folders.
[2026.08.21-04.26.12:898][  0]LogNativeClassHierarchy: Verbose: Native class hierarchy updated for 'SceneOutliner' in 0.0004 seconds. Added 2 classes and 0 folders.
[2026.08.21-04.26.13:062][  0]LogSlate: Took 0.001279 seconds to synchronously load lazily loaded font '../../../Engine/Content/Slate/Fonts/Roboto-Regular.ttf' (155K)
[2026.08.21-04.26.13:068][  0]LogSlate: Took 0.000958 seconds to synchronously load lazily loaded font '../../../Engine/Content/Editor/Slate/Fonts/FontAwesome.ttf' (139K)
[2026.08.21-04.26.13:070][  0]LogSlate: Took 0.000670 seconds to synchronously load lazily loaded font '../../../Engine/Content/Slate/Fonts/Roboto-Bold.ttf' (160K)
[2026.08.21-04.26.13:174][  0]LogRenderer: Reallocating scene render targets to support 1208x568 Format 10 NumSamples 1 (Frame:1).
[2026.08.21-04.26.13:332][  0]LogNativeClassHierarchy: Verbose: Native class hierarchy updated for 'HierarchicalLODOutliner' in 0.0002 seconds. Added 0 classes and 0 folders.
[2026.08.21-04.26.13:332][  0]LogInput: Warning: Action Jump uses invalid key OculusGo_Left_Trigger_Click.
[2026.08.21-04.26.13:332][  0]LogInput: Warning: Action ResetVR uses invalid key OculusGo_Left_Trackpad_Click.
[2026.08.21-04.26.13:332][  0]LogInput: Warning: Use -RemoveInvalidKeys to remove instances of these keys from the action mapping.
[2026.08.21-04.26.13:332][  0]LogLoad: (Engine Initialization) Total time: 9.67 seconds
[2026.08.21-04.26.13:332][  0]LogLoad: (Engine Initialization) Total Blueprint compile time: 0.00 seconds
[2026.08.21-04.26.13:394][  0]LogAssetRegistry: Asset discovery search completed in 5.7494 seconds
[2026.08.21-04.26.13:403][  0]LogCollectionManager: Fixed up redirectors for 0 collections in 0.000005 seconds (updated 0 objects)
[2026.08.21-04.26.13:407][  0]LogContentStreaming: Texture pool size now 1000 MB
[2026.08.21-04.26.13:579][  2]LogSlate: Took 0.001219 seconds to synchronously load lazily loaded font '../../../Engine/Content/Slate/Fonts/Roboto-Light.ttf' (167K)
[2026.08.21-04.29.38:027][ 36]LogAudioMixer: Warning: Changing default audio render device to new device: {0.0.0.00000000}.{7f336b12-0b53-4c1c-9c6b-d2172fd1a3c4}.
[2026.08.21-04.29.38:027][ 36]LogAudioMixer: Resetting audio stream to device id 
[2026.08.21-04.29.38:031][ 36]LogAudioMixer: Display: 0: FrontLeft
[2026.08.21-04.29.38:031][ 36]LogAudioMixer: Display: 1: FrontRight
[2026.08.21-04.38.41:463][990]LogUObjectHash: Compacting FUObjectHashTables data took   0.68ms
[2026.08.21-04.38.41:474][990]LogSlate: Took 0.001298 seconds to synchronously load lazily loaded font '../../../Engine/Content/Slate/Fonts/Roboto-Light.ttf' (167K)
[2026.08.21-04.38.41:514][990]LogAssetEditorSubsystem: Opening Asset editor for World /Game/Geometry/NewMap.NewMap
[2026.08.21-04.38.41:515][990]Cmd: MAP LOAD FILE="../../../../../../UEProject/UnrealLearn/MyProject3/Content/Geometry/NewMap.umap" TEMPLATE=0 SHOWPROGRESS=1 FEATURELEVEL=3
[2026.08.21-04.38.41:515][990]LightingResults: New page: Lighting Build
[2026.08.21-04.38.41:515][990]LoadErrors: New page: Loading map: NewMap.umap
[2026.08.21-04.38.41:551][990]LogWorld: UWorld::CleanupWorld for ThirdPersonExampleMap, bSessionEnded=true, bCleanupResources=true
[2026.08.21-04.38.41:552][990]LogSlate: InvalidateAllWidgets triggered.  All widgets were invalidated
[2026.08.21-04.38.41:552][990]MapCheck: New page: Map Check
[2026.08.21-04.38.41:552][990]LightingResults: New page: Lighting Build
[2026.08.21-04.38.41:556][990]LogAudio: Display: Audio Device unregistered from world 'None'.
[2026.08.21-04.38.41:561][990]LogUObjectHash: Compacting FUObjectHashTables data took   0.49ms
[2026.08.21-04.38.41:561][990]LogAudio: Display: Audio Device (ID: 1) registered with world 'NewMap'.
[2026.08.21-04.38.41:609][990]LogEditorServer: Finished looking for orphan Actors (0.000 secs)
[2026.08.21-04.38.41:609][990]LogAIModule: Creating AISystem for world NewMap
[2026.08.21-04.38.41:616][990]LogUObjectHash: Compacting FUObjectHashTables data took   0.42ms
[2026.08.21-04.38.41:619][990]Cmd: MAP CHECKDEP NOCLEARLOG
[2026.08.21-04.38.41:619][990]MapCheck: Map check complete: 0 Error(s), 0 Warning(s), took 0.089ms to complete.
[2026.08.21-04.38.41:619][990]LogFileHelpers: Loading map 'NewMap' took 0.105
[2026.08.21-04.38.50:165][988]LogActorFactory: Actor Factory created Cube
[2026.08.21-04.38.50:890][ 66]LogActorFactory: Actor Factory created Cube
[2026.08.21-04.38.57:801][837]LogSlate: Took 0.001212 seconds to synchronously load lazily loaded font '../../../Engine/Content/Slate/Fonts/Roboto-Italic.ttf' (157K)
[2026.08.21-04.39.34:248][358]Cmd: OBJ SAVEPACKAGE PACKAGE="/Game/Geometry/NewMap" FILE="../../../../../../UEProject/UnrealLearn/MyProject3/Content/Geometry/NewMap.umap" SILENT=true AUTOSAVING=false KEEPDIRTY=false
[2026.08.21-04.39.34:253][358]LogUObjectHash: Compacting FUObjectHashTables data took   0.70ms
[2026.08.21-04.39.34:269][358]LogSavePackage: Moving '../../../../../../UEProject/UnrealLearn/MyProject3/Saved/NewMap653415614E062BC8269D26BBACF1F330.tmp' to '../../../../../../UEProject/UnrealLearn/MyProject3/Content/Geometry/NewMap.umap'
[2026.08.21-04.39.34:276][358]Cmd: OBJ SAVEPACKAGE PACKAGE="/Game/Geometry/NewMap_BuiltData" FILE="../../../../../../UEProject/UnrealLearn/MyProject3/Content/Geometry/NewMap_BuiltData.uasset" SILENT=true
[2026.08.21-04.39.34:289][358]LogSavePackage: Moving '../../../../../../UEProject/UnrealLearn/MyProject3/Saved/NewMap_BuiltData7DCFFE7F43A10C1955C3609C39B48275.tmp' to '../../../../../../UEProject/UnrealLearn/MyProject3/Content/Geometry/NewMap_BuiltData.uasset'
[2026.08.21-04.39.34:312][358]AssetCheck: New page: Asset Save: multiple assets
[2026.08.21-04.39.34:313][358]LogContentValidation: Display: Validating World /Game/Geometry/NewMap.NewMap
[2026.08.21-04.39.34:313][358]LogContentValidation: Display: Validating MapBuildDataRegistry /Game/Geometry/NewMap_BuiltData.NewMap_BuiltData
[2026.08.21-04.45.51:146][572]Cmd: OBJ SAVEPACKAGE PACKAGE="/Game/Geometry/NewMap" FILE="../../../../../../UEProject/UnrealLearn/MyProject3/Content/Geometry/NewMap.umap" SILENT=true AUTOSAVING=false KEEPDIRTY=false
[2026.08.21-04.45.51:151][572]LogUObjectHash: Compacting FUObjectHashTables data took   0.33ms
[2026.08.21-04.45.51:158][572]LogSavePackage: Moving '../../../../../../UEProject/UnrealLearn/MyProject3/Saved/NewMapDF7FF5834D60DFA65C1B25B35EA0BC2B.tmp' to '../../../../../../UEProject/UnrealLearn/MyProject3/Content/Geometry/NewMap.umap'
[2026.08.21-04.45.51:174][572]Cmd: OBJ SAVEPACKAGE PACKAGE="/Game/Geometry/NewMap_BuiltData" FILE="../../../../../../UEProject/UnrealLearn/MyProject3/Content/Geometry/NewMap_BuiltData.uasset" SILENT=true
[2026.08.21-04.45.51:183][572]LogSavePackage: Moving '../../../../../../UEProject/UnrealLearn/MyProject3/Saved/NewMap_BuiltDataABAC7304495D2A69B3F1829E88382A55.tmp' to '../../../../../../UEProject/UnrealLearn/MyProject3/Content/Geometry/NewMap_BuiltData.uasset'
[2026.08.21-04.45.51:206][572]AssetCheck: New page: Asset Save: multiple assets
[2026.08.21-04.45.51:206][572]LogContentValidation: Display: Validating World /Game/Geometry/NewMap.NewMap
[2026.08.21-04.45.51:206][572]LogContentValidation: Display: Validating MapBuildDataRegistry /Game/Geometry/NewMap_BuiltData.NewMap_BuiltData
[2026.08.21-04.46.08:481][353]LogD3D11RHI: Error: SwapChain->ResizeBuffers(0, SizeX, SizeY, RenderTargetFormat, SwapChainFlags) failed 
 at D:/Build/++UE4/Sync/Engine/Source/Runtime/Windows/D3D11RHI/Private/D3D11Viewport.cpp:298 
 with error DXGI_ERROR_DEVICE_REMOVED, 
 (Size=8x63 Fullscreen=0 Format=DXGI_FORMAT_R10G10B10A2_UNORM(0x00000018)) -> (Size=49x63 Fullscreen=0 Format=DXGI_FORMAT_R10G10B10A2_UNORM(0x00000018))
[2026.08.21-04.46.08:481][353]LogD3D11RHI: [Aftermath] GDynamicRHI=000001F65A933740, GDX11NVAfterMathEnabled=0, Result=0xFFFFFFFF, bDeviceActive=0
[2026.08.21-04.46.08:481][353]LogOutputDevice: Warning: 

Script Stack (0 frames):

[2026.08.21-04.46.08:481][353]LogWindows: Windows GetLastError: 操作成功完成。 (0)
[2026.08.21-04.46.09:850][353]LogWindows: FPlatformMisc::RequestExit(0)
[2026.08.21-04.46.09:850][353]LogWindows: FPlatformMisc::RequestExitWithStatus(0, 0)
[2026.08.21-04.46.09:850][353]LogCore: Engine exit requested (reason: Win RequestExit)
[2026.08.21-04.46.09:851][353]LogWindows: FPlatformMisc::RequestExit(1)
[2026.08.21-04.46.09:851][353]LogWindows: FPlatformMisc::RequestExitWithStatus(1, 3)
[2026.08.21-04.46.09:851][353]LogCore: Engine exit requested (reason: Win RequestExit; note: exit was already requested)
[2026.08.21-04.46.09:854][353]Log file closed, 08/21/26 13:46:09
