Log file open, 10/24/25 15:46:29
LogWindows: Failed to load 'aqProf.dll' (GetLastError=126)
LogWindows: File 'aqProf.dll' does not exist
LogWindows: Failed to load 'VtuneApi.dll' (GetLastError=126)
LogWindows: File 'VtuneApi.dll' does not exist
LogWindows: Failed to load 'VtuneApi32e.dll' (GetLastError=126)
LogWindows: File 'VtuneApi32e.dll' does not exist
LogConsoleResponse: Display: Failed to find resolution value strings in scalability ini. Falling back to default.
LogConsoleResponse: Display: Failed to find resolution value strings in scalability ini. Falling back to default.
LogInit: Display: Running engine for game: StealthGame
LogPlatformFile: Not using cached read wrapper
LogTaskGraph: Started task graph with 5 named threads and 71 total threads with 3 sets of task threads.
LogStats: Stats thread started at 0.569788
LogICUInternationalization: ICU TimeZone Detection - Raw Offset: +9:00, Platform Override: ''
LogInit: Display: Loading text-based GConfig....
LogPluginManager: Mounting plugin MeshPainting
LogPluginManager: Mounting plugin XGEController
LogPluginManager: Mounting plugin AISupport
LogPluginManager: Mounting plugin LightPropagationVolume
LogPluginManager: Mounting plugin Paper2D
LogPluginManager: Mounting plugin EnvironmentQueryEditor
LogPluginManager: Mounting plugin CameraShakePreviewer
LogPluginManager: Mounting plugin LiveLink
LogPluginManager: Mounting plugin GameplayCameras
LogPluginManager: Mounting plugin Niagara
LogPluginManager: Mounting plugin OodleData
LogPluginManager: Mounting plugin OodleNetwork
LogPluginManager: Mounting plugin LauncherChunkInstaller
LogPluginManager: Mounting plugin TcpMessaging
LogPluginManager: Mounting plugin UdpMessaging
LogPluginManager: Mounting plugin AssetManagerEditor
LogPluginManager: Mounting plugin DatasmithContent
LogPluginManager: Mounting plugin VariantManagerContent
LogPluginManager: Mounting plugin CurveEditorTools
LogPluginManager: Mounting plugin MacGraphicsSwitching
LogPluginManager: Mounting plugin LuminPlatformFeatures
LogPluginManager: Mounting plugin CryptoKeys
LogPluginManager: Mounting plugin FacialAnimation
LogPluginManager: Mounting plugin MaterialAnalyzer
LogPluginManager: Mounting plugin PluginBrowser
LogPluginManager: Mounting plugin SpeedTreeImporter
LogPluginManager: Mounting plugin GeometryMode
LogPluginManager: Mounting plugin DataValidation
LogPluginManager: Mounting plugin GameplayTagsEditor
LogPluginManager: Mounting plugin MobileLauncherProfileWizard
LogPluginManager: Mounting plugin MLSDK
LogPluginManager: Mounting plugin MagicLeapLightEstimation
LogPluginManager: Mounting plugin MagicLeap
LogPluginManager: Mounting plugin MagicLeapMedia
LogPluginManager: Mounting plugin MagicLeapPassableWorld
LogPluginManager: Mounting plugin ActorSequence
LogPluginManager: Mounting plugin TemplateSequence
LogPluginManager: Mounting plugin LevelSequenceEditor
LogPluginManager: Mounting plugin MatineeToLevelSequence
LogPluginManager: Mounting plugin AndroidMedia
LogPluginManager: Mounting plugin AvfMedia
LogPluginManager: Mounting plugin ImgMedia
LogPluginManager: Mounting plugin MediaCompositing
LogPluginManager: Mounting plugin MediaPlayerEditor
LogPluginManager: Mounting plugin AnimationSharing
LogPluginManager: Mounting plugin GitSourceControl
LogPluginManager: Mounting plugin WmfMedia
LogPluginManager: Mounting plugin KDevelopSourceCodeAccess
LogPluginManager: Mounting plugin CLionSourceCodeAccess
LogPluginManager: Mounting plugin WebMMedia
LogPluginManager: Mounting plugin PerforceSourceControl
LogPluginManager: Mounting plugin CodeLiteSourceCodeAccess
LogPluginManager: Mounting plugin PlasticSourceControl
LogPluginManager: Mounting plugin NullSourceCodeAccess
LogPluginManager: Mounting plugin PluginUtils
LogPluginManager: Mounting plugin TextureFormatOodle
LogPluginManager: Mounting plugin PixWinPlugin
LogPluginManager: Mounting plugin SubversionSourceControl
LogPluginManager: Mounting plugin UObjectPlugin
LogPluginManager: Mounting plugin PropertyAccessNode
LogPluginManager: Mounting plugin RiderSourceCodeAccess
LogPluginManager: Mounting plugin OnlineSubsystem
LogPluginManager: Mounting plugin OnlineSubsystemUtils
LogPluginManager: Mounting plugin OnlineSubsystemNull
LogPluginManager: Mounting plugin XCodeSourceCodeAccess
LogPluginManager: Mounting plugin VisualStudioSourceCodeAccess
LogPluginManager: Mounting plugin VisualStudioCodeSourceCodeAccess
LogPluginManager: Mounting plugin AlembicImporter
LogPluginManager: Mounting plugin ChaosEditor
LogPluginManager: Mounting plugin CharacterAI
LogPluginManager: Mounting plugin ChaosCloth
LogPluginManager: Mounting plugin BackChannel
LogPluginManager: Mounting plugin AutomationUtils
LogPluginManager: Mounting plugin ChaosNiagara
LogPluginManager: Mounting plugin ChaosClothEditor
LogPluginManager: Mounting plugin ChaosSolverPlugin
LogPluginManager: Mounting plugin GeometryCollectionPlugin
LogPluginManager: Mounting plugin GeometryCache
LogPluginManager: Mounting plugin Takes
LogPluginManager: Mounting plugin GeometryProcessing
LogPluginManager: Mounting plugin ScreenshotTools
LogPluginManager: Mounting plugin MotoSynth
LogPluginManager: Mounting plugin OpenImageDenoise
LogPluginManager: Mounting plugin PlanarCut
LogPluginManager: Mounting plugin PlatformCrypto
LogPluginManager: Mounting plugin PythonScriptPlugin
LogPluginManager: Mounting plugin ProxyLODPlugin
LogPluginManager: Mounting plugin AndroidDeviceProfileSelector
LogPluginManager: Mounting plugin SkeletalReduction
LogPluginManager: Mounting plugin AndroidMoviePlayer
LogPluginManager: Mounting plugin AndroidPermission
LogPluginManager: Mounting plugin ActorLayerUtilities
LogPluginManager: Mounting plugin AssetTags
LogPluginManager: Mounting plugin ArchVisCharacter
LogPluginManager: Mounting plugin AudioCapture
LogPluginManager: Mounting plugin AppleImageUtils
LogPluginManager: Mounting plugin AppleMoviePlayer
LogPluginManager: Mounting plugin CableComponent
LogPluginManager: Mounting plugin AudioSynesthesia
LogPluginManager: Mounting plugin ChunkDownloader
LogPluginManager: Mounting plugin CustomMeshComponent
LogPluginManager: Mounting plugin ExampleDeviceProfileSelector
LogPluginManager: Mounting plugin EditableMesh
LogPluginManager: Mounting plugin GooglePAD
LogPluginManager: Mounting plugin GoogleCloudMessaging
LogPluginManager: Mounting plugin LinuxDeviceProfileSelector
LogPluginManager: Mounting plugin IOSDeviceProfileSelector
LogPluginManager: Mounting plugin LocationServicesBPLibrary
LogPluginManager: Mounting plugin OpenXR
LogPluginManager: Mounting plugin MobilePatchingUtils
LogPluginManager: Mounting plugin PostSplashScreen
LogPluginManager: Mounting plugin PhysXVehicles
LogPluginManager: Mounting plugin OpenXRHandTracking
LogPluginManager: Mounting plugin OpenXREyeTracker
LogPluginManager: Mounting plugin SignificanceManager
LogPluginManager: Mounting plugin PropertyAccessEditor
LogPluginManager: Mounting plugin RuntimePhysXCooking
LogPluginManager: Mounting plugin ProceduralMeshComponent
LogPluginManager: Mounting plugin SoundFields
LogPluginManager: Mounting plugin WindowsMoviePlayer
LogPluginManager: Mounting plugin WebMMoviePlayer
LogPluginManager: Mounting plugin Synthesis
LogPluginManager: Mounting plugin RiderLink
LogPluginManager: Mounting plugin ContentBrowserAssetDataSource
LogPluginManager: Mounting plugin ContentBrowserClassDataSource
LogPluginManager: Mounting plugin ContentBrowserFileDataSource
LogPluginManager: Mounting plugin OnlineSubsystemIOS
LogPluginManager: Mounting plugin OnlineSubsystemGooglePlay
LogPluginManager: Mounting plugin OculusVR
LogPluginManager: Mounting plugin SteamVR
PixWinPlugin: PIX capture plugin failed to initialize! Check that the process is launched from PIX.
LogInit: Using libcurl 7.55.1-DEV
LogInit:  - built for x86_64-pc-win32
LogInit:  - supports SSL with OpenSSL/1.1.1
LogInit:  - supports HTTP deflate (compression) using libz 1.2.8
LogInit:  - other features:
LogInit:      CURL_VERSION_SSL
LogInit:      CURL_VERSION_LIBZ
LogInit:      CURL_VERSION_IPV6
LogInit:      CURL_VERSION_ASYNCHDNS
LogInit:      CURL_VERSION_LARGEFILE
LogInit:      CURL_VERSION_IDN
LogInit:  CurlRequestOptions (configurable via config and command line):
LogInit:  - bVerifyPeer = true  - Libcurl will verify peer certificate
LogInit:  - bUseHttpProxy = false  - Libcurl will NOT use HTTP proxy
LogInit:  - bDontReuseConnections = false  - Libcurl will reuse connections
LogInit:  - MaxHostConnections = 16  - Libcurl will limit the number of connections to a host
LogInit:  - LocalHostAddr = Default
LogInit:  - BufferSize = 65536
LogOnline: OSS: Creating online subsystem instance for: NULL
LogInit: WinSock: version 1.1 (2.2), MaxSocks=32767, MaxUdp=65467
LogOnline: OSS: TryLoadSubsystemAndSetDefault: Loaded subsystem for module [NULL]
LogOculusPluginWrapper: OculusPlugin initialized successfully
LogHMD: Failed initializing OVRPlugin 1.59.0
LogInit: Build: ++UE4+Release-4.27-CL-18319896
LogInit: Engine Version: 4.27.2-18319896+++UE4+Release-4.27
LogInit: Compatible Engine Version: 4.27.0-17155196+++UE4+Release-4.27
LogInit: Net CL: 17155196
LogInit: OS: Windows 10 (Release 2009) (), CPU: 13th Gen Intel(R) Core(TM) i7-13700, GPU: Intel(R) UHD Graphics 770
LogInit: Compiled (64-bit): Nov 30 2021 07:12:08
LogInit: Compiled with Visual C++: 19.24.28315.00
LogInit: Build Configuration: Development
LogInit: Branch Name: ++UE4+Release-4.27
LogInit: Command Line: 
LogInit: Base Directory: C:/Program Files/Epic Games/UE_4.27/Engine/Binaries/Win64/
LogInit: Allocator: TBB
LogInit: Installed Engine Build: 1
LogDevObjectVersion: Number of dev versions registered: 29
LogDevObjectVersion:   Dev-Blueprints (B0D832E4-1F89-4F0D-ACCF-7EB736FD4AA2): 10
LogDevObjectVersion:   Dev-Build (E1C64328-A22C-4D53-A36C-8E866417BD8C): 0
LogDevObjectVersion:   Dev-Core (375EC13C-06E4-48FB-B500-84F0262A717E): 4
LogDevObjectVersion:   Dev-Editor (E4B068ED-F494-42E9-A231-DA0B2E46BB41): 40
LogDevObjectVersion:   Dev-Framework (CFFC743F-43B0-4480-9391-14DF171D2073): 37
LogDevObjectVersion:   Dev-Mobile (B02B49B5-BB20-44E9-A304-32B752E40360): 3
LogDevObjectVersion:   Dev-Networking (A4E4105C-59A1-49B5-A7C5-40C4547EDFEE): 0
LogDevObjectVersion:   Dev-Online (39C831C9-5AE6-47DC-9A44-9C173E1C8E7C): 0
LogDevObjectVersion:   Dev-Physics (78F01B33-EBEA-4F98-B9B4-84EACCB95AA2): 14
LogDevObjectVersion:   Dev-Platform (6631380F-2D4D-43E0-8009-CF276956A95A): 0
LogDevObjectVersion:   Dev-Rendering (12F88B9F-8875-4AFC-A67C-D90C383ABD29): 45
LogDevObjectVersion:   Dev-Sequencer (7B5AE74C-D270-4C10-A958-57980B212A5A): 13
LogDevObjectVersion:   Dev-VR (D7296918-1DD6-4BDD-9DE2-64A83CC13884): 3
LogDevObjectVersion:   Dev-LoadTimes (C2A15278-BFE7-4AFE-6C17-90FF531DF755): 1
LogDevObjectVersion:   Private-Geometry (6EACA3D4-40EC-4CC1-B786-8BED09428FC5): 3
LogDevObjectVersion:   Dev-AnimPhys (29E575DD-E0A3-4627-9D10-D276232CDCEA): 17
LogDevObjectVersion:   Dev-Anim (AF43A65D-7FD3-4947-9873-3E8ED9C1BB05): 15
LogDevObjectVersion:   Dev-ReflectionCapture (6B266CEC-1EC7-4B8F-A30B-E4D90942FC07): 1
LogDevObjectVersion:   Dev-Automation (0DF73D61-A23F-47EA-B727-89E90C41499A): 1
LogDevObjectVersion:   FortniteMain (601D1886-AC64-4F84-AA16-D3DE0DEAC7D6): 47
LogDevObjectVersion:   FortniteRelease (E7086368-6B23-4C58-8439-1B7016265E91): 1
LogDevObjectVersion:   Dev-Enterprise (9DFFBCD6-494F-0158-E221-12823C92A888): 10
LogDevObjectVersion:   Dev-Niagara (F2AED0AC-9AFE-416F-8664-AA7FFA26D6FC): 1
LogDevObjectVersion:   Dev-Destruction (174F1F0B-B4C6-45A5-B13F-2EE8D0FB917D): 10
LogDevObjectVersion:   Dev-Physics-Ext (35F94A83-E258-406C-A318-09F59610247C): 41
LogDevObjectVersion:   Dev-PhysicsMaterial-Chaos (B68FC16E-8B1B-42E2-B453-215C058844FE): 1
LogDevObjectVersion:   Dev-CineCamera (B2E18506-4273-CFC2-A54E-F4BB758BBA07): 1
LogDevObjectVersion:   Dev-VirtualProduction (64F58936-FD1B-42BA-BA96-7289D5D0FA4E): 1
LogDevObjectVersion:   Dev-MediaFramework (6F0ED827-A609-4895-9C91-998D90180EA4): 2
LogInit: Presizing for max 25165824 objects, including 0 objects not considered by GC, pre-allocating 0 bytes for permanent pool.
LogConfig: Applying CVar settings from Section [/Script/Engine.StreamingSettings] File [C:/UEProject/UnrealLearn/StealthGame/Saved/Config/Windows/Engine.ini]
LogConfig: Setting CVar [[s.MinBulkDataSizeForAsyncLoading:131072]]
LogConfig: Setting CVar [[s.AsyncLoadingThreadEnabled:0]]
LogConfig: Setting CVar [[s.EventDrivenLoaderEnabled:1]]
LogConfig: Setting CVar [[s.WarnIfTimeLimitExceeded:0]]
LogConfig: Setting CVar [[s.TimeLimitExceededMultiplier:1.5]]
LogConfig: Setting CVar [[s.TimeLimitExceededMinTime:0.005]]
LogConfig: Setting CVar [[s.UseBackgroundLevelStreaming:1]]
LogConfig: Setting CVar [[s.PriorityAsyncLoadingExtraTime:15.0]]
LogConfig: Setting CVar [[s.LevelStreamingActorsUpdateTimeLimit:5.0]]
LogConfig: Setting CVar [[s.PriorityLevelStreamingActorsUpdateExtraTime:5.0]]
LogConfig: Setting CVar [[s.LevelStreamingComponentsRegistrationGranularity:10]]
LogConfig: Setting CVar [[s.UnregisterComponentsTimeLimit:1.0]]
LogConfig: Setting CVar [[s.LevelStreamingComponentsUnregistrationGranularity:5]]
LogConfig: Setting CVar [[s.FlushStreamingOnExit:1]]
LogInit: Object subsystem initialized
LogConfig: Setting CVar [[con.DebugEarlyDefault:1]]
LogConfig: Setting CVar [[r.setres:1280x720]]
[2025.10.24-06.46.30:668][  0]LogConfig: Setting CVar [[r.VSync:0]]
[2025.10.24-06.46.30:668][  0]LogConfig: Setting CVar [[r.RHICmdBypass:0]]
[2025.10.24-06.46.30:668][  0]LogConfig: Applying CVar settings from Section [/Script/Engine.RendererSettings] File [C:/UEProject/UnrealLearn/StealthGame/Saved/Config/Windows/Engine.ini]
[2025.10.24-06.46.30:668][  0]LogConfig: Setting CVar [[r.GPUCrashDebugging:0]]
[2025.10.24-06.46.30:668][  0]LogConfig: Applying CVar settings from Section [/Script/Engine.RendererOverrideSettings] File [C:/UEProject/UnrealLearn/StealthGame/Saved/Config/Windows/Engine.ini]
[2025.10.24-06.46.30:668][  0]LogConfig: Applying CVar settings from Section [/Script/Engine.StreamingSettings] File [C:/UEProject/UnrealLearn/StealthGame/Saved/Config/Windows/Engine.ini]
[2025.10.24-06.46.30:668][  0]LogConfig: Setting CVar [[s.MinBulkDataSizeForAsyncLoading:131072]]
[2025.10.24-06.46.30:669][  0]LogConfig: Setting CVar [[s.AsyncLoadingThreadEnabled:0]]
[2025.10.24-06.46.30:669][  0]LogConfig: Setting CVar [[s.EventDrivenLoaderEnabled:1]]
[2025.10.24-06.46.30:669][  0]LogConfig: Setting CVar [[s.WarnIfTimeLimitExceeded:0]]
[2025.10.24-06.46.30:669][  0]LogConfig: Setting CVar [[s.TimeLimitExceededMultiplier:1.5]]
[2025.10.24-06.46.30:669][  0]LogConfig: Setting CVar [[s.TimeLimitExceededMinTime:0.005]]
[2025.10.24-06.46.30:669][  0]LogConfig: Setting CVar [[s.UseBackgroundLevelStreaming:1]]
[2025.10.24-06.46.30:669][  0]LogConfig: Setting CVar [[s.PriorityAsyncLoadingExtraTime:15.0]]
[2025.10.24-06.46.30:669][  0]LogConfig: Setting CVar [[s.LevelStreamingActorsUpdateTimeLimit:5.0]]
[2025.10.24-06.46.30:669][  0]LogConfig: Setting CVar [[s.PriorityLevelStreamingActorsUpdateExtraTime:5.0]]
[2025.10.24-06.46.30:669][  0]LogConfig: Setting CVar [[s.LevelStreamingComponentsRegistrationGranularity:10]]
[2025.10.24-06.46.30:669][  0]LogConfig: Setting CVar [[s.UnregisterComponentsTimeLimit:1.0]]
[2025.10.24-06.46.30:669][  0]LogConfig: Setting CVar [[s.LevelStreamingComponentsUnregistrationGranularity:5]]
[2025.10.24-06.46.30:669][  0]LogConfig: Setting CVar [[s.FlushStreamingOnExit:1]]
[2025.10.24-06.46.30:669][  0]LogConfig: Applying CVar settings from Section [/Script/Engine.GarbageCollectionSettings] File [C:/UEProject/UnrealLearn/StealthGame/Saved/Config/Windows/Engine.ini]
[2025.10.24-06.46.30:669][  0]LogConfig: Setting CVar [[gc.MaxObjectsNotConsideredByGC:1]]
[2025.10.24-06.46.30:669][  0]LogConfig: Setting CVar [[gc.SizeOfPermanentObjectPool:0]]
[2025.10.24-06.46.30:669][  0]LogConfig: Setting CVar [[gc.FlushStreamingOnGC:0]]
[2025.10.24-06.46.30:669][  0]LogConfig: Setting CVar [[gc.NumRetriesBeforeForcingGC:10]]
[2025.10.24-06.46.30:669][  0]LogConfig: Setting CVar [[gc.AllowParallelGC:1]]
[2025.10.24-06.46.30:669][  0]LogConfig: Setting CVar [[gc.TimeBetweenPurgingPendingKillObjects:61.1]]
[2025.10.24-06.46.30:669][  0]LogConfig: Setting CVar [[gc.MaxObjectsInEditor:25165824]]
[2025.10.24-06.46.30:669][  0]LogConfig: Setting CVar [[gc.IncrementalBeginDestroyEnabled:1]]
[2025.10.24-06.46.30:669][  0]LogConfig: Setting CVar [[gc.CreateGCClusters:1]]
[2025.10.24-06.46.30:669][  0]LogConfig: Setting CVar [[gc.MinGCClusterSize:5]]
[2025.10.24-06.46.30:669][  0]LogConfig: Setting CVar [[gc.ActorClusteringEnabled:0]]
[2025.10.24-06.46.30:669][  0]LogConfig: Setting CVar [[gc.BlueprintClusteringEnabled:0]]
[2025.10.24-06.46.30:669][  0]LogConfig: Setting CVar [[gc.UseDisregardForGCOnDedicatedServers:0]]
[2025.10.24-06.46.30:669][  0]LogConfig: Setting CVar [[gc.MultithreadedDestructionEnabled:1]]
[2025.10.24-06.46.30:669][  0]LogConfig: Applying CVar settings from Section [/Script/Engine.NetworkSettings] File [C:/UEProject/UnrealLearn/StealthGame/Saved/Config/Windows/Engine.ini]
[2025.10.24-06.46.30:669][  0]LogConfig: Applying CVar settings from Section [/Script/UnrealEd.CookerSettings] File [C:/UEProject/UnrealLearn/StealthGame/Saved/Config/Windows/Engine.ini]
[2025.10.24-06.46.30:705][  0]LogConfig: Applying CVar settings from Section [ViewDistanceQuality@3] File [C:/UEProject/UnrealLearn/StealthGame/Saved/Config/Windows/Scalability.ini]
[2025.10.24-06.46.30:705][  0]LogConfig: Setting CVar [[r.SkeletalMeshLODBias:0]]
[2025.10.24-06.46.30:705][  0]LogConfig: Setting CVar [[r.ViewDistanceScale:1.0]]
[2025.10.24-06.46.30:705][  0]LogConfig: Applying CVar settings from Section [AntiAliasingQuality@3] File [C:/UEProject/UnrealLearn/StealthGame/Saved/Config/Windows/Scalability.ini]
[2025.10.24-06.46.30:705][  0]LogConfig: Setting CVar [[r.PostProcessAAQuality:4]]
[2025.10.24-06.46.30:705][  0]LogConfig: Applying CVar settings from Section [ShadowQuality@3] File [C:/UEProject/UnrealLearn/StealthGame/Saved/Config/Windows/Scalability.ini]
[2025.10.24-06.46.30:705][  0]LogConfig: Setting CVar [[r.LightFunctionQuality:1]]
[2025.10.24-06.46.30:705][  0]LogConfig: Setting CVar [[r.ShadowQuality:5]]
[2025.10.24-06.46.30:705][  0]LogConfig: Setting CVar [[r.Shadow.CSM.MaxCascades:10]]
[2025.10.24-06.46.30:705][  0]LogConfig: Setting CVar [[r.Shadow.MaxResolution:2048]]
[2025.10.24-06.46.30:705][  0]LogConfig: Setting CVar [[r.Shadow.MaxCSMResolution:2048]]
[2025.10.24-06.46.30:705][  0]LogConfig: Setting CVar [[r.Shadow.RadiusThreshold:0.01]]
[2025.10.24-06.46.30:705][  0]LogConfig: Setting CVar [[r.Shadow.DistanceScale:1.0]]
[2025.10.24-06.46.30:705][  0]LogConfig: Setting CVar [[r.Shadow.CSM.TransitionScale:1.0]]
[2025.10.24-06.46.30:705][  0]LogConfig: Setting CVar [[r.Shadow.PreShadowResolutionFactor:1.0]]
[2025.10.24-06.46.30:705][  0]LogConfig: Setting CVar [[r.DistanceFieldShadowing:1]]
[2025.10.24-06.46.30:705][  0]LogConfig: Setting CVar [[r.DistanceFieldAO:1]]
[2025.10.24-06.46.30:705][  0]LogConfig: Setting CVar [[r.AOQuality:2]]
[2025.10.24-06.46.30:705][  0]LogConfig: Setting CVar [[r.VolumetricFog:1]]
[2025.10.24-06.46.30:705][  0]LogConfig: Setting CVar [[r.VolumetricFog.GridPixelSize:8]]
[2025.10.24-06.46.30:705][  0]LogConfig: Setting CVar [[r.VolumetricFog.GridSizeZ:128]]
[2025.10.24-06.46.30:705][  0]LogConfig: Setting CVar [[r.VolumetricFog.HistoryMissSupersampleCount:4]]
[2025.10.24-06.46.30:705][  0]LogConfig: Setting CVar [[r.LightMaxDrawDistanceScale:1]]
[2025.10.24-06.46.30:705][  0]LogConfig: Setting CVar [[r.CapsuleShadows:1]]
[2025.10.24-06.46.30:705][  0]LogConfig: Applying CVar settings from Section [PostProcessQuality@3] File [C:/UEProject/UnrealLearn/StealthGame/Saved/Config/Windows/Scalability.ini]
[2025.10.24-06.46.30:705][  0]LogConfig: Setting CVar [[r.MotionBlurQuality:4]]
[2025.10.24-06.46.30:705][  0]LogConfig: Setting CVar [[r.AmbientOcclusionMipLevelFactor:0.4]]
[2025.10.24-06.46.30:705][  0]LogConfig: Setting CVar [[r.AmbientOcclusionMaxQuality:100]]
[2025.10.24-06.46.30:705][  0]LogConfig: Setting CVar [[r.AmbientOcclusionLevels:-1]]
[2025.10.24-06.46.30:705][  0]LogConfig: Setting CVar [[r.AmbientOcclusionRadiusScale:1.0]]
[2025.10.24-06.46.30:705][  0]LogConfig: Setting CVar [[r.DepthOfFieldQuality:2]]
[2025.10.24-06.46.30:705][  0]LogConfig: Setting CVar [[r.RenderTargetPoolMin:400]]
[2025.10.24-06.46.30:705][  0]LogConfig: Setting CVar [[r.LensFlareQuality:2]]
[2025.10.24-06.46.30:705][  0]LogConfig: Setting CVar [[r.SceneColorFringeQuality:1]]
[2025.10.24-06.46.30:705][  0]LogConfig: Setting CVar [[r.EyeAdaptationQuality:2]]
[2025.10.24-06.46.30:705][  0]LogConfig: Setting CVar [[r.BloomQuality:5]]
[2025.10.24-06.46.30:705][  0]LogConfig: Setting CVar [[r.FastBlurThreshold:100]]
[2025.10.24-06.46.30:705][  0]LogConfig: Setting CVar [[r.Upscale.Quality:3]]
[2025.10.24-06.46.30:705][  0]LogConfig: Setting CVar [[r.Tonemapper.GrainQuantization:1]]
[2025.10.24-06.46.30:705][  0]LogConfig: Setting CVar [[r.LightShaftQuality:1]]
[2025.10.24-06.46.30:705][  0]LogConfig: Setting CVar [[r.Filter.SizeScale:1]]
[2025.10.24-06.46.30:705][  0]LogConfig: Setting CVar [[r.Tonemapper.Quality:5]]
[2025.10.24-06.46.30:705][  0]LogConfig: Setting CVar [[r.DOF.Gather.AccumulatorQuality:1        ; higher gathering accumulator quality]]
[2025.10.24-06.46.30:705][  0]LogConfig: Setting CVar [[r.DOF.Gather.PostfilterMethod:1          ; Median3x3 postfilering method]]
[2025.10.24-06.46.30:705][  0]LogConfig: Setting CVar [[r.DOF.Gather.EnableBokehSettings:0       ; no bokeh simulation when gathering]]
[2025.10.24-06.46.30:705][  0]LogConfig: Setting CVar [[r.DOF.Gather.RingCount:4                 ; medium number of samples when gathering]]
[2025.10.24-06.46.30:705][  0]LogConfig: Setting CVar [[r.DOF.Scatter.ForegroundCompositing:1    ; additive foreground scattering]]
[2025.10.24-06.46.30:705][  0]LogConfig: Setting CVar [[r.DOF.Scatter.BackgroundCompositing:2    ; additive background scattering]]
[2025.10.24-06.46.30:705][  0]LogConfig: Setting CVar [[r.DOF.Scatter.EnableBokehSettings:1      ; bokeh simulation when scattering]]
[2025.10.24-06.46.30:705][  0]LogConfig: Setting CVar [[r.DOF.Scatter.MaxSpriteRatio:0.1         ; only a maximum of 10% of scattered bokeh]]
[2025.10.24-06.46.30:705][  0]LogConfig: Setting CVar [[r.DOF.Recombine.Quality:1                ; cheap slight out of focus]]
[2025.10.24-06.46.30:705][  0]LogConfig: Setting CVar [[r.DOF.Recombine.EnableBokehSettings:0    ; no bokeh simulation on slight out of focus]]
[2025.10.24-06.46.30:706][  0]LogConfig: Setting CVar [[r.DOF.TemporalAAQuality:1                ; more stable temporal accumulation]]
[2025.10.24-06.46.30:706][  0]LogConfig: Setting CVar [[r.DOF.Kernel.MaxForegroundRadius:0.025]]
[2025.10.24-06.46.30:706][  0]LogConfig: Setting CVar [[r.DOF.Kernel.MaxBackgroundRadius:0.025]]
[2025.10.24-06.46.30:706][  0]LogConfig: Applying CVar settings from Section [TextureQuality@3] File [C:/UEProject/UnrealLearn/StealthGame/Saved/Config/Windows/Scalability.ini]
[2025.10.24-06.46.30:706][  0]LogConfig: Setting CVar [[r.Streaming.MipBias:0]]
[2025.10.24-06.46.30:706][  0]LogConfig: Setting CVar [[r.Streaming.AmortizeCPUToGPUCopy:0]]
[2025.10.24-06.46.30:706][  0]LogConfig: Setting CVar [[r.Streaming.MaxNumTexturesToStreamPerFrame:0]]
[2025.10.24-06.46.30:706][  0]LogConfig: Setting CVar [[r.Streaming.Boost:1]]
[2025.10.24-06.46.30:706][  0]LogConfig: Setting CVar [[r.MaxAnisotropy:8]]
[2025.10.24-06.46.30:706][  0]LogConfig: Setting CVar [[r.VT.MaxAnisotropy:8]]
[2025.10.24-06.46.30:706][  0]LogConfig: Setting CVar [[r.Streaming.LimitPoolSizeToVRAM:0]]
[2025.10.24-06.46.30:706][  0]LogConfig: Setting CVar [[r.Streaming.PoolSize:1000]]
[2025.10.24-06.46.30:706][  0]LogConfig: Setting CVar [[r.Streaming.MaxEffectiveScreenSize:0]]
[2025.10.24-06.46.30:706][  0]LogConfig: Applying CVar settings from Section [EffectsQuality@3] File [C:/UEProject/UnrealLearn/StealthGame/Saved/Config/Windows/Scalability.ini]
[2025.10.24-06.46.30:706][  0]LogConfig: Setting CVar [[r.TranslucencyLightingVolumeDim:64]]
[2025.10.24-06.46.30:706][  0]LogConfig: Setting CVar [[r.RefractionQuality:2]]
[2025.10.24-06.46.30:706][  0]LogConfig: Setting CVar [[r.SSR.Quality:3]]
[2025.10.24-06.46.30:706][  0]LogConfig: Setting CVar [[r.SSR.HalfResSceneColor:0]]
[2025.10.24-06.46.30:706][  0]LogConfig: Setting CVar [[r.SceneColorFormat:4]]
[2025.10.24-06.46.30:706][  0]LogConfig: Setting CVar [[r.DetailMode:2]]
[2025.10.24-06.46.30:706][  0]LogConfig: Setting CVar [[r.TranslucencyVolumeBlur:1]]
[2025.10.24-06.46.30:706][  0]LogConfig: Setting CVar [[r.MaterialQualityLevel:1 ; High quality]]
[2025.10.24-06.46.30:706][  0]LogConfig: Setting CVar [[r.AnisotropicMaterials:1]]
[2025.10.24-06.46.30:706][  0]LogConfig: Setting CVar [[r.SSS.Scale:1]]
[2025.10.24-06.46.30:706][  0]LogConfig: Setting CVar [[r.SSS.SampleSet:2]]
[2025.10.24-06.46.30:706][  0]LogConfig: Setting CVar [[r.SSS.Quality:1]]
[2025.10.24-06.46.30:706][  0]LogConfig: Setting CVar [[r.SSS.HalfRes:0]]
[2025.10.24-06.46.30:706][  0]LogConfig: Setting CVar [[r.SSGI.Quality:3]]
[2025.10.24-06.46.30:706][  0]LogConfig: Setting CVar [[r.EmitterSpawnRateScale:1.0]]
[2025.10.24-06.46.30:706][  0]LogConfig: Setting CVar [[r.ParticleLightQuality:2]]
[2025.10.24-06.46.30:706][  0]LogConfig: Setting CVar [[r.SkyAtmosphere.AerialPerspectiveLUT.FastApplyOnOpaque:1 ; Always have FastSkyLUT 1 in this case to avoid wrong sky]]
[2025.10.24-06.46.30:706][  0]LogConfig: Setting CVar [[r.SkyAtmosphere.AerialPerspectiveLUT.SampleCountMaxPerSlice:4]]
[2025.10.24-06.46.30:706][  0]LogConfig: Setting CVar [[r.SkyAtmosphere.AerialPerspectiveLUT.DepthResolution:16.0]]
[2025.10.24-06.46.30:706][  0]LogConfig: Setting CVar [[r.SkyAtmosphere.FastSkyLUT:1]]
[2025.10.24-06.46.30:706][  0]LogConfig: Setting CVar [[r.SkyAtmosphere.FastSkyLUT.SampleCountMin:4.0]]
[2025.10.24-06.46.30:706][  0]LogConfig: Setting CVar [[r.SkyAtmosphere.FastSkyLUT.SampleCountMax:128.0]]
[2025.10.24-06.46.30:706][  0]LogConfig: Setting CVar [[r.SkyAtmosphere.SampleCountMin:4.0]]
[2025.10.24-06.46.30:706][  0]LogConfig: Setting CVar [[r.SkyAtmosphere.SampleCountMax:128.0]]
[2025.10.24-06.46.30:706][  0]LogConfig: Setting CVar [[r.SkyAtmosphere.TransmittanceLUT.UseSmallFormat:0]]
[2025.10.24-06.46.30:706][  0]LogConfig: Setting CVar [[r.SkyAtmosphere.TransmittanceLUT.SampleCount:10.0]]
[2025.10.24-06.46.30:706][  0]LogConfig: Setting CVar [[r.SkyAtmosphere.MultiScatteringLUT.SampleCount:15.0]]
[2025.10.24-06.46.30:706][  0]LogConfig: Setting CVar [[r.SkyLight.RealTimeReflectionCapture:1]]
[2025.10.24-06.46.30:706][  0]LogConfig: Applying CVar settings from Section [FoliageQuality@3] File [C:/UEProject/UnrealLearn/StealthGame/Saved/Config/Windows/Scalability.ini]
[2025.10.24-06.46.30:706][  0]LogConfig: Setting CVar [[foliage.DensityScale:1.0]]
[2025.10.24-06.46.30:706][  0]LogConfig: Setting CVar [[grass.DensityScale:1.0]]
[2025.10.24-06.46.30:706][  0]LogConfig: Applying CVar settings from Section [ShadingQuality@3] File [C:/UEProject/UnrealLearn/StealthGame/Saved/Config/Windows/Scalability.ini]
[2025.10.24-06.46.30:706][  0]LogConfig: Setting CVar [[r.HairStrands.SkyLighting.IntegrationType:2]]
[2025.10.24-06.46.30:706][  0]LogConfig: Setting CVar [[r.HairStrands.SkyAO.SampleCount:4]]
[2025.10.24-06.46.30:706][  0]LogConfig: Setting CVar [[r.HairStrands.Visibility.MSAA.SamplePerPixel:4]]
[2025.10.24-06.46.30:706][  0]LogInit: Selected Device Profile: [Windows]
[2025.10.24-06.46.30:706][  0]LogInit: Applying CVar settings loaded from the selected device profile: [Windows]
[2025.10.24-06.46.30:707][  0]LogHAL: Display: Platform has ~ 14 GB [14665842688 / 17179869184 / 14], which maps to Larger [LargestMinGB=32, LargerMinGB=12, DefaultMinGB=8, SmallerMinGB=6, SmallestMinGB=0)
[2025.10.24-06.46.30:707][  0]LogInit: Going up to parent DeviceProfile []
[2025.10.24-06.46.30:707][  0]LogConfig: Applying CVar settings from Section [ViewDistanceQuality@3] File [C:/UEProject/UnrealLearn/StealthGame/Saved/Config/Windows/Scalability.ini]
[2025.10.24-06.46.30:707][  0]LogConfig: Setting CVar [[r.SkeletalMeshLODBias:0]]
[2025.10.24-06.46.30:707][  0]LogConfig: Setting CVar [[r.ViewDistanceScale:1.0]]
[2025.10.24-06.46.30:707][  0]LogConfig: Applying CVar settings from Section [AntiAliasingQuality@3] File [C:/UEProject/UnrealLearn/StealthGame/Saved/Config/Windows/Scalability.ini]
[2025.10.24-06.46.30:707][  0]LogConfig: Setting CVar [[r.PostProcessAAQuality:4]]
[2025.10.24-06.46.30:707][  0]LogConfig: Applying CVar settings from Section [ShadowQuality@3] File [C:/UEProject/UnrealLearn/StealthGame/Saved/Config/Windows/Scalability.ini]
[2025.10.24-06.46.30:707][  0]LogConfig: Setting CVar [[r.LightFunctionQuality:1]]
[2025.10.24-06.46.30:707][  0]LogConfig: Setting CVar [[r.ShadowQuality:5]]
[2025.10.24-06.46.30:707][  0]LogConfig: Setting CVar [[r.Shadow.CSM.MaxCascades:10]]
[2025.10.24-06.46.30:707][  0]LogConfig: Setting CVar [[r.Shadow.MaxResolution:2048]]
[2025.10.24-06.46.30:707][  0]LogConfig: Setting CVar [[r.Shadow.MaxCSMResolution:2048]]
[2025.10.24-06.46.30:707][  0]LogConfig: Setting CVar [[r.Shadow.RadiusThreshold:0.01]]
[2025.10.24-06.46.30:707][  0]LogConfig: Setting CVar [[r.Shadow.DistanceScale:1.0]]
[2025.10.24-06.46.30:707][  0]LogConfig: Setting CVar [[r.Shadow.CSM.TransitionScale:1.0]]
[2025.10.24-06.46.30:707][  0]LogConfig: Setting CVar [[r.Shadow.PreShadowResolutionFactor:1.0]]
[2025.10.24-06.46.30:707][  0]LogConfig: Setting CVar [[r.DistanceFieldShadowing:1]]
[2025.10.24-06.46.30:707][  0]LogConfig: Setting CVar [[r.DistanceFieldAO:1]]
[2025.10.24-06.46.30:707][  0]LogConfig: Setting CVar [[r.AOQuality:2]]
[2025.10.24-06.46.30:707][  0]LogConfig: Setting CVar [[r.VolumetricFog:1]]
[2025.10.24-06.46.30:707][  0]LogConfig: Setting CVar [[r.VolumetricFog.GridPixelSize:8]]
[2025.10.24-06.46.30:707][  0]LogConfig: Setting CVar [[r.VolumetricFog.GridSizeZ:128]]
[2025.10.24-06.46.30:707][  0]LogConfig: Setting CVar [[r.VolumetricFog.HistoryMissSupersampleCount:4]]
[2025.10.24-06.46.30:707][  0]LogConfig: Setting CVar [[r.LightMaxDrawDistanceScale:1]]
[2025.10.24-06.46.30:707][  0]LogConfig: Setting CVar [[r.CapsuleShadows:1]]
[2025.10.24-06.46.30:707][  0]LogConfig: Applying CVar settings from Section [PostProcessQuality@3] File [C:/UEProject/UnrealLearn/StealthGame/Saved/Config/Windows/Scalability.ini]
[2025.10.24-06.46.30:707][  0]LogConfig: Setting CVar [[r.MotionBlurQuality:4]]
[2025.10.24-06.46.30:707][  0]LogConfig: Setting CVar [[r.AmbientOcclusionMipLevelFactor:0.4]]
[2025.10.24-06.46.30:707][  0]LogConfig: Setting CVar [[r.AmbientOcclusionMaxQuality:100]]
[2025.10.24-06.46.30:707][  0]LogConfig: Setting CVar [[r.AmbientOcclusionLevels:-1]]
[2025.10.24-06.46.30:707][  0]LogConfig: Setting CVar [[r.AmbientOcclusionRadiusScale:1.0]]
[2025.10.24-06.46.30:707][  0]LogConfig: Setting CVar [[r.DepthOfFieldQuality:2]]
[2025.10.24-06.46.30:707][  0]LogConfig: Setting CVar [[r.RenderTargetPoolMin:400]]
[2025.10.24-06.46.30:707][  0]LogConfig: Setting CVar [[r.LensFlareQuality:2]]
[2025.10.24-06.46.30:707][  0]LogConfig: Setting CVar [[r.SceneColorFringeQuality:1]]
[2025.10.24-06.46.30:707][  0]LogConfig: Setting CVar [[r.EyeAdaptationQuality:2]]
[2025.10.24-06.46.30:707][  0]LogConfig: Setting CVar [[r.BloomQuality:5]]
[2025.10.24-06.46.30:707][  0]LogConfig: Setting CVar [[r.FastBlurThreshold:100]]
[2025.10.24-06.46.30:707][  0]LogConfig: Setting CVar [[r.Upscale.Quality:3]]
[2025.10.24-06.46.30:707][  0]LogConfig: Setting CVar [[r.Tonemapper.GrainQuantization:1]]
[2025.10.24-06.46.30:707][  0]LogConfig: Setting CVar [[r.LightShaftQuality:1]]
[2025.10.24-06.46.30:707][  0]LogConfig: Setting CVar [[r.Filter.SizeScale:1]]
[2025.10.24-06.46.30:707][  0]LogConfig: Setting CVar [[r.Tonemapper.Quality:5]]
[2025.10.24-06.46.30:707][  0]LogConfig: Setting CVar [[r.DOF.Gather.AccumulatorQuality:1        ; higher gathering accumulator quality]]
[2025.10.24-06.46.30:707][  0]LogConfig: Setting CVar [[r.DOF.Gather.PostfilterMethod:1          ; Median3x3 postfilering method]]
[2025.10.24-06.46.30:707][  0]LogConfig: Setting CVar [[r.DOF.Gather.EnableBokehSettings:0       ; no bokeh simulation when gathering]]
[2025.10.24-06.46.30:707][  0]LogConfig: Setting CVar [[r.DOF.Gather.RingCount:4                 ; medium number of samples when gathering]]
[2025.10.24-06.46.30:707][  0]LogConfig: Setting CVar [[r.DOF.Scatter.ForegroundCompositing:1    ; additive foreground scattering]]
[2025.10.24-06.46.30:707][  0]LogConfig: Setting CVar [[r.DOF.Scatter.BackgroundCompositing:2    ; additive background scattering]]
[2025.10.24-06.46.30:707][  0]LogConfig: Setting CVar [[r.DOF.Scatter.EnableBokehSettings:1      ; bokeh simulation when scattering]]
[2025.10.24-06.46.30:707][  0]LogConfig: Setting CVar [[r.DOF.Scatter.MaxSpriteRatio:0.1         ; only a maximum of 10% of scattered bokeh]]
[2025.10.24-06.46.30:707][  0]LogConfig: Setting CVar [[r.DOF.Recombine.Quality:1                ; cheap slight out of focus]]
[2025.10.24-06.46.30:707][  0]LogConfig: Setting CVar [[r.DOF.Recombine.EnableBokehSettings:0    ; no bokeh simulation on slight out of focus]]
[2025.10.24-06.46.30:707][  0]LogConfig: Setting CVar [[r.DOF.TemporalAAQuality:1                ; more stable temporal accumulation]]
[2025.10.24-06.46.30:707][  0]LogConfig: Setting CVar [[r.DOF.Kernel.MaxForegroundRadius:0.025]]
[2025.10.24-06.46.30:707][  0]LogConfig: Setting CVar [[r.DOF.Kernel.MaxBackgroundRadius:0.025]]
[2025.10.24-06.46.30:707][  0]LogConfig: Applying CVar settings from Section [TextureQuality@3] File [C:/UEProject/UnrealLearn/StealthGame/Saved/Config/Windows/Scalability.ini]
[2025.10.24-06.46.30:707][  0]LogConfig: Setting CVar [[r.Streaming.MipBias:0]]
[2025.10.24-06.46.30:707][  0]LogConfig: Setting CVar [[r.Streaming.AmortizeCPUToGPUCopy:0]]
[2025.10.24-06.46.30:707][  0]LogConfig: Setting CVar [[r.Streaming.MaxNumTexturesToStreamPerFrame:0]]
[2025.10.24-06.46.30:707][  0]LogConfig: Setting CVar [[r.Streaming.Boost:1]]
[2025.10.24-06.46.30:707][  0]LogConfig: Setting CVar [[r.MaxAnisotropy:8]]
[2025.10.24-06.46.30:707][  0]LogConfig: Setting CVar [[r.VT.MaxAnisotropy:8]]
[2025.10.24-06.46.30:707][  0]LogConfig: Setting CVar [[r.Streaming.LimitPoolSizeToVRAM:0]]
[2025.10.24-06.46.30:707][  0]LogConfig: Setting CVar [[r.Streaming.PoolSize:1000]]
[2025.10.24-06.46.30:707][  0]LogConfig: Setting CVar [[r.Streaming.MaxEffectiveScreenSize:0]]
[2025.10.24-06.46.30:707][  0]LogConfig: Applying CVar settings from Section [EffectsQuality@3] File [C:/UEProject/UnrealLearn/StealthGame/Saved/Config/Windows/Scalability.ini]
[2025.10.24-06.46.30:707][  0]LogConfig: Setting CVar [[r.TranslucencyLightingVolumeDim:64]]
[2025.10.24-06.46.30:707][  0]LogConfig: Setting CVar [[r.RefractionQuality:2]]
[2025.10.24-06.46.30:707][  0]LogConfig: Setting CVar [[r.SSR.Quality:3]]
[2025.10.24-06.46.30:707][  0]LogConfig: Setting CVar [[r.SSR.HalfResSceneColor:0]]
[2025.10.24-06.46.30:707][  0]LogConfig: Setting CVar [[r.SceneColorFormat:4]]
[2025.10.24-06.46.30:707][  0]LogConfig: Setting CVar [[r.DetailMode:2]]
[2025.10.24-06.46.30:707][  0]LogConfig: Setting CVar [[r.TranslucencyVolumeBlur:1]]
[2025.10.24-06.46.30:707][  0]LogConfig: Setting CVar [[r.MaterialQualityLevel:1 ; High quality]]
[2025.10.24-06.46.30:707][  0]LogConfig: Setting CVar [[r.AnisotropicMaterials:1]]
[2025.10.24-06.46.30:707][  0]LogConfig: Setting CVar [[r.SSS.Scale:1]]
[2025.10.24-06.46.30:707][  0]LogConfig: Setting CVar [[r.SSS.SampleSet:2]]
[2025.10.24-06.46.30:707][  0]LogConfig: Setting CVar [[r.SSS.Quality:1]]
[2025.10.24-06.46.30:707][  0]LogConfig: Setting CVar [[r.SSS.HalfRes:0]]
[2025.10.24-06.46.30:707][  0]LogConfig: Setting CVar [[r.SSGI.Quality:3]]
[2025.10.24-06.46.30:707][  0]LogConfig: Setting CVar [[r.EmitterSpawnRateScale:1.0]]
[2025.10.24-06.46.30:707][  0]LogConfig: Setting CVar [[r.ParticleLightQuality:2]]
[2025.10.24-06.46.30:708][  0]LogConfig: Setting CVar [[r.SkyAtmosphere.AerialPerspectiveLUT.FastApplyOnOpaque:1 ; Always have FastSkyLUT 1 in this case to avoid wrong sky]]
[2025.10.24-06.46.30:708][  0]LogConfig: Setting CVar [[r.SkyAtmosphere.AerialPerspectiveLUT.SampleCountMaxPerSlice:4]]
[2025.10.24-06.46.30:708][  0]LogConfig: Setting CVar [[r.SkyAtmosphere.AerialPerspectiveLUT.DepthResolution:16.0]]
[2025.10.24-06.46.30:708][  0]LogConfig: Setting CVar [[r.SkyAtmosphere.FastSkyLUT:1]]
[2025.10.24-06.46.30:708][  0]LogConfig: Setting CVar [[r.SkyAtmosphere.FastSkyLUT.SampleCountMin:4.0]]
[2025.10.24-06.46.30:708][  0]LogConfig: Setting CVar [[r.SkyAtmosphere.FastSkyLUT.SampleCountMax:128.0]]
[2025.10.24-06.46.30:708][  0]LogConfig: Setting CVar [[r.SkyAtmosphere.SampleCountMin:4.0]]
[2025.10.24-06.46.30:708][  0]LogConfig: Setting CVar [[r.SkyAtmosphere.SampleCountMax:128.0]]
[2025.10.24-06.46.30:708][  0]LogConfig: Setting CVar [[r.SkyAtmosphere.TransmittanceLUT.UseSmallFormat:0]]
[2025.10.24-06.46.30:708][  0]LogConfig: Setting CVar [[r.SkyAtmosphere.TransmittanceLUT.SampleCount:10.0]]
[2025.10.24-06.46.30:708][  0]LogConfig: Setting CVar [[r.SkyAtmosphere.MultiScatteringLUT.SampleCount:15.0]]
[2025.10.24-06.46.30:708][  0]LogConfig: Setting CVar [[r.SkyLight.RealTimeReflectionCapture:1]]
[2025.10.24-06.46.30:708][  0]LogConfig: Applying CVar settings from Section [FoliageQuality@3] File [C:/UEProject/UnrealLearn/StealthGame/Saved/Config/Windows/Scalability.ini]
[2025.10.24-06.46.30:708][  0]LogConfig: Setting CVar [[foliage.DensityScale:1.0]]
[2025.10.24-06.46.30:708][  0]LogConfig: Setting CVar [[grass.DensityScale:1.0]]
[2025.10.24-06.46.30:708][  0]LogConfig: Applying CVar settings from Section [ShadingQuality@3] File [C:/UEProject/UnrealLearn/StealthGame/Saved/Config/Windows/Scalability.ini]
[2025.10.24-06.46.30:708][  0]LogConfig: Setting CVar [[r.HairStrands.SkyLighting.IntegrationType:2]]
[2025.10.24-06.46.30:708][  0]LogConfig: Setting CVar [[r.HairStrands.SkyAO.SampleCount:4]]
[2025.10.24-06.46.30:708][  0]LogConfig: Setting CVar [[r.HairStrands.Visibility.MSAA.SamplePerPixel:4]]
[2025.10.24-06.46.30:708][  0]LogConfig: Applying CVar settings from Section [Startup] File [../../../Engine/Config/ConsoleVariables.ini]
[2025.10.24-06.46.30:714][  0]LogConfig: Setting CVar [[net.UseAdaptiveNetUpdateFrequency:0]]
[2025.10.24-06.46.30:714][  0]LogConfig: Setting CVar [[p.chaos.AllowCreatePhysxBodies:1]]
[2025.10.24-06.46.30:714][  0]LogConfig: Setting CVar [[fx.SkipVectorVMBackendOptimizations:1]]
[2025.10.24-06.46.30:714][  0]LogConfig: Applying CVar settings from Section [ConsoleVariables] File [C:/UEProject/UnrealLearn/StealthGame/Saved/Config/Windows/Engine.ini]
[2025.10.24-06.46.30:714][  0]LogConfig: Applying CVar settings from Section [ConsoleVariables] File [C:/UEProject/UnrealLearn/StealthGame/Saved/Config/Windows/Editor.ini]
[2025.10.24-06.46.30:714][  0]LogInit: Computer: MANKA-D-D-6017
[2025.10.24-06.46.30:714][  0]LogInit: User: LiamChen
[2025.10.24-06.46.30:714][  0]LogInit: CPU Page size=4096, Cores=16
[2025.10.24-06.46.30:714][  0]LogInit: High frequency timer resolution =10.000000 MHz
[2025.10.24-06.46.30:714][  0]LogMemory: Memory total: Physical=13.7GB (14GB approx)
[2025.10.24-06.46.30:714][  0]LogMemory: Platform Memory Stats for Windows
[2025.10.24-06.46.30:714][  0]LogMemory: Process Physical Memory: 158.61 MB used, 158.61 MB peak
[2025.10.24-06.46.30:714][  0]LogMemory: Process Virtual Memory: 130.52 MB used, 130.52 MB peak
[2025.10.24-06.46.30:714][  0]LogMemory: Physical Memory: 10132.94 MB used,  3853.50 MB free, 13986.44 MB total
[2025.10.24-06.46.30:714][  0]LogMemory: Virtual Memory: 134205936.00 MB used,  11795.11 MB free, 134217728.00 MB total
[2025.10.24-06.46.30:719][  0]LogWindows: WindowsPlatformFeatures enabled
[2025.10.24-06.46.30:774][  0]LogInit: Physics initialised using underlying interface: PhysX
[2025.10.24-06.46.30:775][  0]LogInit: Overriding language with editor language configuration option (en).
[2025.10.24-06.46.30:775][  0]LogInit: Overriding language with editor locale configuration option (en).
[2025.10.24-06.46.30:997][  0]LogInit: Setting process to per monitor DPI aware
[2025.10.24-06.46.31:068][  0]LogWindowsTextInputMethodSystem: Display: IME system deactivated.
[2025.10.24-06.46.31:112][  0]LogSlate: New Slate User Created.  User Index 0, Is Virtual User: 0
[2025.10.24-06.46.31:112][  0]LogSlate: Slate User Registered.  User Index 0, Is Virtual User: 0
[2025.10.24-06.46.33:748][  0]LogD3D11RHI: Loaded GFSDK_Aftermath_Lib.x64.dll
[2025.10.24-06.46.33:763][  0]LogHMD: Failed to initialize OpenVR with code 110
[2025.10.24-06.46.33:763][  0]LogD3D11RHI: D3D11 min allowed feature level: 11_0
[2025.10.24-06.46.33:763][  0]LogD3D11RHI: D3D11 max allowed feature level: 11_0
[2025.10.24-06.46.33:763][  0]LogD3D11RHI: D3D11 adapters:
[2025.10.24-06.46.34:030][  0]LogD3D11RHI:    0. 'NVIDIA GeForce RTX 4070' (Feature Level 11_0)
[2025.10.24-06.46.34:030][  0]LogD3D11RHI:       12012/0/6993 MB DedicatedVideo/DedicatedSystem/SharedSystem, Outputs:1, VendorId:0x10de
[2025.10.24-06.46.34:108][  0]LogD3D11RHI:    1. 'Intel(R) UHD Graphics 770' (Feature Level 11_0)
[2025.10.24-06.46.34:108][  0]LogD3D11RHI:       2048/0/6993 MB DedicatedVideo/DedicatedSystem/SharedSystem, Outputs:1, VendorId:0x8086
[2025.10.24-06.46.34:112][  0]LogD3D11RHI:    2. 'Microsoft Basic Render Driver' (Feature Level 11_0)
[2025.10.24-06.46.34:112][  0]LogD3D11RHI:       0/0/6993 MB DedicatedVideo/DedicatedSystem/SharedSystem, Outputs:0, VendorId:0x1414
[2025.10.24-06.46.34:112][  0]LogD3D11RHI: Chosen D3D11 Adapter:
[2025.10.24-06.46.34:112][  0]LogD3D11RHI:     Description : NVIDIA GeForce RTX 4070
[2025.10.24-06.46.34:112][  0]LogD3D11RHI:     VendorId    : 10de
[2025.10.24-06.46.34:112][  0]LogD3D11RHI:     DeviceId    : 2786
[2025.10.24-06.46.34:112][  0]LogD3D11RHI:     SubSysId    : 513a1028
[2025.10.24-06.46.34:112][  0]LogD3D11RHI:     Revision    : 00a1
[2025.10.24-06.46.34:112][  0]LogD3D11RHI:     DedicatedVideoMemory : 12595494912 bytes
[2025.10.24-06.46.34:112][  0]LogD3D11RHI:     DedicatedSystemMemory : 0 bytes
[2025.10.24-06.46.34:112][  0]LogD3D11RHI:     SharedSystemMemory : 7332921344 bytes
[2025.10.24-06.46.34:112][  0]LogD3D11RHI:     AdapterLuid : 0 58207
[2025.10.24-06.46.34:118][  0]LogD3D11RHI: Creating new Direct3DDevice
[2025.10.24-06.46.34:118][  0]LogD3D11RHI:     GPU DeviceId: 0x2786 (for the marketing name, search the web for "GPU Device Id")
[2025.10.24-06.46.34:118][  0]LogWindows: EnumDisplayDevices:
[2025.10.24-06.46.34:119][  0]LogWindows:    0. 'Intel(R) UHD Graphics 770' (P:0 D:1)
[2025.10.24-06.46.34:119][  0]LogWindows:    1. 'Intel(R) UHD Graphics 770' (P:0 D:0)
[2025.10.24-06.46.34:119][  0]LogWindows:    2. 'Intel(R) UHD Graphics 770' (P:0 D:0)
[2025.10.24-06.46.34:119][  0]LogWindows:    3. 'Intel(R) UHD Graphics 770' (P:0 D:0)
[2025.10.24-06.46.34:119][  0]LogWindows:    4. 'NVIDIA GeForce RTX 4070' (P:1 D:1)
[2025.10.24-06.46.34:119][  0]LogWindows:    5. 'NVIDIA GeForce RTX 4070' (P:0 D:0)
[2025.10.24-06.46.34:119][  0]LogWindows:    6. 'NVIDIA GeForce RTX 4070' (P:0 D:0)
[2025.10.24-06.46.34:119][  0]LogWindows:    7. 'NVIDIA GeForce RTX 4070' (P:0 D:0)
[2025.10.24-06.46.34:119][  0]LogWindows: DebugString: PrimaryIsNotTheChoosenAdapter PrimaryIsNotTheChoosenAdapter PrimaryIsNotTheChoosenAdapter PrimaryIsNotTheChoosenAdapter FoundDriverCount:4 
[2025.10.24-06.46.34:119][  0]LogD3D11RHI:     Adapter Name: NVIDIA GeForce RTX 4070
[2025.10.24-06.46.34:119][  0]LogD3D11RHI:   Driver Version: 576.83 (internal:32.0.15.7683, unified:576.83)
[2025.10.24-06.46.34:119][  0]LogD3D11RHI:      Driver Date: 6-17-2025
[2025.10.24-06.46.34:120][  0]LogRHI: Texture pool is 8408 MB (70% of 12012 MB)
[2025.10.24-06.46.34:120][  0]LogD3D11RHI: Creating D3DDevice using adapter:
[2025.10.24-06.46.34:120][  0]LogD3D11RHI:     Description : NVIDIA GeForce RTX 4070
[2025.10.24-06.46.34:120][  0]LogD3D11RHI:     VendorId    : 10de
[2025.10.24-06.46.34:120][  0]LogD3D11RHI:     DeviceId    : 2786
[2025.10.24-06.46.34:120][  0]LogD3D11RHI:     SubSysId    : 513a1028
[2025.10.24-06.46.34:120][  0]LogD3D11RHI:     Revision    : 00a1
[2025.10.24-06.46.34:120][  0]LogD3D11RHI:     DedicatedVideoMemory : 12595494912 bytes
[2025.10.24-06.46.34:120][  0]LogD3D11RHI:     DedicatedSystemMemory : 0 bytes
[2025.10.24-06.46.34:120][  0]LogD3D11RHI:     SharedSystemMemory : 7332921344 bytes
[2025.10.24-06.46.34:120][  0]LogD3D11RHI:     AdapterLuid : 0 58207
[2025.10.24-06.46.34:278][  0]LogD3D11RHI: RHI has support for 64 bit atomics
[2025.10.24-06.46.34:279][  0]LogD3D11RHI: Async texture creation enabled
[2025.10.24-06.46.34:279][  0]LogD3D11RHI: Array index from any shader is supported
[2025.10.24-06.46.34:282][  0]LogD3D11RHI: HDR output is supported on display 0 (NvId: 0x80061083).
[2025.10.24-06.46.34:307][  0]LogD3D11RHI: GPU Timing Frequency: 1000.000000 (Debug: 2 2)
[2025.10.24-06.46.34:347][  0]LogRHI: GeForceNow SDK initialized: 1
[2025.10.24-06.46.34:608][  0]LogTargetPlatformManager: Display: Loaded TargetPlatform 'AllDesktop'
[2025.10.24-06.46.34:622][  0]LogTargetPlatformManager: Display: Loaded TargetPlatform 'Android'
[2025.10.24-06.46.34:622][  0]LogTargetPlatformManager: Display: Loaded TargetPlatform 'Android_ASTC'
[2025.10.24-06.46.34:622][  0]LogTargetPlatformManager: Display: Loaded TargetPlatform 'Android_DXT'
[2025.10.24-06.46.34:622][  0]LogTargetPlatformManager: Display: Loaded TargetPlatform 'Android_ETC2'
[2025.10.24-06.46.34:622][  0]LogTargetPlatformManager: Display: Loaded TargetPlatform 'AndroidClient'
[2025.10.24-06.46.34:622][  0]LogTargetPlatformManager: Display: Loaded TargetPlatform 'Android_ASTCClient'
[2025.10.24-06.46.34:622][  0]LogTargetPlatformManager: Display: Loaded TargetPlatform 'Android_DXTClient'
[2025.10.24-06.46.34:622][  0]LogTargetPlatformManager: Display: Loaded TargetPlatform 'Android_ETC2Client'
[2025.10.24-06.46.34:622][  0]LogTargetPlatformManager: Display: Loaded TargetPlatform 'Android_Multi'
[2025.10.24-06.46.34:622][  0]LogTargetPlatformManager: Display: Loaded TargetPlatform 'Android_MultiClient'
[2025.10.24-06.46.34:638][  0]LogTargetPlatformManager: Display: Loaded TargetPlatform 'IOSClient'
[2025.10.24-06.46.34:638][  0]LogTargetPlatformManager: Display: Loaded TargetPlatform 'IOS'
[2025.10.24-06.46.34:655][  0]LogTargetPlatformManager: Display: Loaded TargetPlatform 'Linux'
[2025.10.24-06.46.34:659][  0]LogTargetPlatformManager: Display: Loaded TargetPlatform 'LinuxNoEditor'
[2025.10.24-06.46.34:662][  0]LogTargetPlatformManager: Display: Loaded TargetPlatform 'LinuxClient'
[2025.10.24-06.46.34:666][  0]LogTargetPlatformManager: Display: Loaded TargetPlatform 'LinuxServer'
[2025.10.24-06.46.34:678][  0]LogTargetPlatformManager: Display: Loaded TargetPlatform 'LinuxAArch64NoEditor'
[2025.10.24-06.46.34:681][  0]LogTargetPlatformManager: Display: Loaded TargetPlatform 'LinuxAArch64Client'
[2025.10.24-06.46.34:685][  0]LogTargetPlatformManager: Display: Loaded TargetPlatform 'LinuxAArch64Server'
[2025.10.24-06.46.34:704][  0]LogTargetPlatformManager: Display: Loaded TargetPlatform 'Lumin'
[2025.10.24-06.46.34:704][  0]LogTargetPlatformManager: Display: Loaded TargetPlatform 'LuminClient'
[2025.10.24-06.46.34:722][  0]LogTargetPlatformManager: Display: Loaded TargetPlatform 'MacNoEditor'
[2025.10.24-06.46.34:726][  0]LogTargetPlatformManager: Display: Loaded TargetPlatform 'Mac'
[2025.10.24-06.46.34:730][  0]LogTargetPlatformManager: Display: Loaded TargetPlatform 'MacClient'
[2025.10.24-06.46.34:734][  0]LogTargetPlatformManager: Display: Loaded TargetPlatform 'MacServer'
[2025.10.24-06.46.34:740][  0]LogTargetPlatformManager: Display: Loaded TargetPlatform 'TVOSClient'
[2025.10.24-06.46.34:740][  0]LogTargetPlatformManager: Display: Loaded TargetPlatform 'TVOS'
[2025.10.24-06.46.34:746][  0]LogTargetPlatformManager: Display: Loaded TargetPlatform 'WindowsNoEditor'
[2025.10.24-06.46.34:750][  0]LogTargetPlatformManager: Display: Loaded TargetPlatform 'Windows'
[2025.10.24-06.46.34:754][  0]LogTargetPlatformManager: Display: Loaded TargetPlatform 'WindowsClient'
[2025.10.24-06.46.34:759][  0]LogTargetPlatformManager: Display: Loaded TargetPlatform 'WindowsServer'
[2025.10.24-06.46.34:759][  0]LogTargetPlatformManager: Display: Building Assets For Windows
[2025.10.24-06.46.34:768][  0]LogAudioDebug: Display: Lib vorbis DLL was dynamically loaded.
[2025.10.24-06.46.34:804][  0]LogTextureFormatOodle: Display: Oodle Texture 2.9.0 init RDO Off
[2025.10.24-06.46.34:871][  0]LogRendererCore: Ray tracing is disabled. Reason: r.RayTracing=0.
[2025.10.24-06.46.34:872][  0]LogShaderCompilers: Guid format shader working directory is -3 characters bigger than the processId version (../../../../../../UEProject/UnrealLearn/StealthGame/Intermediate/Shaders/WorkingDirectory/16612/).
[2025.10.24-06.46.34:872][  0]LogShaderCompilers: Cleaned the shader compiler working directory 'C:/Users/LiamChen/AppData/Local/Temp/UnrealShaderWorkingDir/C44AF69F4EF7F68AD20615A9F720CA7A/'.
[2025.10.24-06.46.34:872][  0]LogXGEController: Cannot use XGE Controller as Incredibuild is not installed on this machine.
[2025.10.24-06.46.34:872][  0]LogShaderCompilers: Cannot use XGE Shader Compiler as Incredibuild is not installed on this machine.
[2025.10.24-06.46.34:872][  0]LogShaderCompilers: Display: Using Local Shader Compiler.
[2025.10.24-06.46.38:773][  0]LogDerivedDataCache: Display: Max Cache Size: 512 MB
[2025.10.24-06.46.38:865][  0]LogDerivedDataCache: Loaded boot cache 0.09s 103MB C:/Users/LiamChen/AppData/Local/UnrealEngine/4.27/DerivedDataCache/Boot.ddc.
[2025.10.24-06.46.38:865][  0]LogDerivedDataCache: Display: Loaded Boot cache: C:/Users/LiamChen/AppData/Local/UnrealEngine/4.27/DerivedDataCache/Boot.ddc
[2025.10.24-06.46.38:866][  0]LogDerivedDataCache: FDerivedDataBackendGraph:  Pak pak cache file ../../../../../../UEProject/UnrealLearn/StealthGame/DerivedDataCache/DDC.ddp not found, will not use a pak cache.
[2025.10.24-06.46.38:866][  0]LogDerivedDataCache: Unable to find inner node Pak for hierarchical cache Hierarchy.
[2025.10.24-06.46.38:866][  0]LogDerivedDataCache: FDerivedDataBackendGraph:  CompressedPak pak cache file ../../../../../../UEProject/UnrealLearn/StealthGame/DerivedDataCache/Compressed.ddp not found, will not use a pak cache.
[2025.10.24-06.46.38:866][  0]LogDerivedDataCache: Unable to find inner node CompressedPak for hierarchical cache Hierarchy.
[2025.10.24-06.46.38:895][  0]LogDerivedDataCache: Display: Pak cache opened for reading ../../../Engine/DerivedDataCache/Compressed.ddp.
[2025.10.24-06.46.38:895][  0]LogDerivedDataCache: FDerivedDataBackendGraph:  EnterprisePak pak cache file ../../../Enterprise/DerivedDataCache/Compressed.ddp not found, will not use a pak cache.
[2025.10.24-06.46.38:896][  0]LogDerivedDataCache: Unable to find inner node EnterprisePak for hierarchical cache Hierarchy.
[2025.10.24-06.46.38:949][  0]LogDerivedDataCache: Speed tests for C:/Users/LiamChen/AppData/Local/UnrealEngine/Common/DerivedDataCache took 0.05 seconds
[2025.10.24-06.46.38:950][  0]LogDerivedDataCache: Display: Performance to C:/Users/LiamChen/AppData/Local/UnrealEngine/Common/DerivedDataCache: Latency=0.13ms. RandomReadSpeed=19.41MBs, RandomWriteSpeed=212.37MBs. Assigned SpeedClass 'Local'
[2025.10.24-06.46.38:951][  0]LogDerivedDataCache: Using Local data cache path C:/Users/LiamChen/AppData/Local/UnrealEngine/Common/DerivedDataCache: Writable
[2025.10.24-06.46.38:951][  0]LogDerivedDataCache: Shared data cache path not found in *engine.ini, will not use an Shared cache.
[2025.10.24-06.46.38:951][  0]LogDerivedDataCache: Unable to find inner node Shared for hierarchical cache Hierarchy.
[2025.10.24-06.46.38:990][  0]LogSlate: Using FreeType 2.10.0
[2025.10.24-06.46.39:008][  0]LogSlate: SlateFontServices - WITH_FREETYPE: 1, WITH_HARFBUZZ: 1
[2025.10.24-06.46.39:047][  0]LogAssetRegistry: FAssetRegistry took 0.0066 seconds to start up
[2025.10.24-06.46.39:430][  0]LogInit: Selected Device Profile: [Windows]
[2025.10.24-06.46.39:430][  0]LogInit: Active device profile: [000001CB3996B300][000001CB2CF39280 49] Windows
[2025.10.24-06.46.39:430][  0]LogInit: Profiles: [000001CB3996B300][000001CB2CF39280 49] Windows, [000001CB3991CF00][000001CB3891B400 49] WindowsNoEditor, [000001CB39968F00][000001CB3891F580 49] WindowsServer, [000001CB3991EA00][000001CB38923700 49] WindowsClient, [000001CB3996A900][000001CB38927880 49] IOS, [000001CB3991D900][000001CB3892BA00 49] iPadAir, [000001CB39969800][000001CB3892FB80 49] iPadAir2, [000001CB398D3800][000001CB389362C0 49] IPadPro, [000001CB398D3900][000001CB38932300 49] iPadAir3, [000001CB3996A200][000001CB3893A480 49] iPadAir4, [000001CB398D1400][000001CB389165C0 49] iPadMini2, [000001CB3996BC00][000001CB3893E700 49] iPadMini3, [000001CB398D2400][000001CB38942840 49] iPadMini4, [000001CB39969100][000001CB38946980 49] iPadMini5, [000001CB3991B100][000001CB38952C40 49] iPhone6, [000001CB3991B200][000001CB3894EC80 49] iPodTouch6, [000001CB398D0600][000001CB3895AF40 49] iPhone7, [000001CB398D0400][000001CB38956F80 49] iPodTouch7, [000001CB39919300][000001CB3895F100 49] iPhone5S, [000001CB398D0D00][000001CB38963280 49] iPhone6Plus, [000001CB3991A500][000001CB38967400 49] iPhone6S, [000001CB398D3E00][000001CB3896B580 49] iPhone6SPlus, [000001CB3991BA00][000001CB3896F700 49] iPhone7Plus, [000001CB398D1900][000001CB38973880 49] iPhoneSE, [000001CB39918900][000001CB38977A00 49] iPhone8, [000001CB398D2800][000001CB3897BB80 49] iPhone8Plus, [000001CB3991A300][000001CB3897E180 49] iPhoneX, [000001CB398D2700][000001CB38982300 49] iPhoneXS, [000001CB3991BB00][000001CB38986480 49] iPhoneXSMax, [000001CB398D3500][000001CB3898A600 49] iPhoneXR, [000001CB3991B800][000001CB3894A740 49] iPhone11, [000001CB398D1100][000001CB3898E880 49] iPhone11Pro, [000001CB39919D00][000001CB389929C0 49] iPhone11ProMax, [000001CB398D1600][000001CB38996B00 49] iPhoneSE2, [000001CB39919200][000001CB3899EC80 49] iPhone12Mini, [000001CB398D3300][000001CB389A2E00 49] iPhone12, [000001CB39918F00][000001CB389A6F80 49] iPhone12Pro, [000001CB398D0700][000001CB389AB100 49] iPhone12ProMax, [000001CB39918B00][000001CB389AF280 49] iPadPro105, [000001CB398D1000][000001CB389B3400 49] iPadPro129, [000001CB39918200][000001CB389B7580 49] iPadPro97, [000001CB398D3400][000001CB389BB700 49] iPadPro2_129, [000001CB3991A800][000001CB389BF880 49] iPad5, [000001CB398D3A00][000001CB389C3A00 49] iPad6, [000001CB39919E00][000001CB389C7B80 49] iPad7, [000001CB398D1C00][000001CB389CA180 49] iPad8, [000001CB39919A00][000001CB399E0300 49] iPadPro11, [000001CB398D1E00][000001CB399E4480 49] iPadPro2_11, [000001CB39918C00][000001CB399E8600 49] iPadPro3_129, [000001CB398D3700][000001CB399EC780 49] iPadPro4_129, [000001CB39919900][000001CB399F0900 49] AppleTV, [000001CB398D0100][000001CB3899AA40 49] AppleTV4K, [000001CB3991AC00][000001CB399F4B80 49] TVOS, [000001CB398D3C00][000001CB399F8CC0 49] Mac, [000001CB39918E00][000001CB39A00E40 49] MacClient, [000001CB398D3100][000001CB39A04FC0 49] MacNoEditor, [000001CB3991BD00][000001CB39A09140 49] MacServer, [000001CB398D2A00][000001CB39A0D2C0 49] Linux, [000001CB39919000][000001CB39A11440 49] LinuxAArch64, [000001CB398D2600][000001CB39A155C0 49] LinuxNoEditor, [000001CB3991E500][000001CB39A19740 49] LinuxAArch64NoEditor, [000001CB389E6200][000001CB39A1D8C0 49] LinuxClient, [000001CB3991DA00][000001CB39A21A40 49] LinuxAArch64Client, [000001CB389E5B00][000001CB39A25BC0 49] LinuxServer, [000001CB3991EB00][000001CB39A281C0 49] LinuxAArch64Server, [000001CB389E4300][000001CB39A2C340 49] Android, [000001CB3991C100][000001CB39A304C0 49] Android_Low, [000001CB389E5C00][000001CB39A34640 49] Android_Mid, [000001CB3991D400][000001CB39A387C0 49] Android_High, [000001CB389E5D00][000001CB39A3C940 49] Android_Default, [000001CB3991F200][000001CB39A52AC0 49] Android_Adreno4xx, [000001CB389E5800][000001CB399FCC00 49] Android_Adreno5xx_Low, [000001CB3991E800][000001CB39AC6D40 49] Android_Adreno5xx, [000001CB389E6800][000001CB35ADAE80 49] Android_Adreno6xx, [000001CB3991CB00][000001CB35AE2FC0 49] Android_Adreno6xx_Vulkan, [000001CB389E6500][000001CB35AEB140 49] Android_Mali_T6xx, [000001CB3991E600][000001CB35AEF2C0 49] Android_Mali_T7xx, [000001CB389E4100][000001CB35AF3440 49] Android_Mali_T8xx, [000001CB3991C400][000001CB35AF75C0 49] Android_Mali_G71, [000001CB389E5700][000001CB35AFB740 49] Android_Mali_G72, [000001CB398D3F00][000001CB35AFF8C0 49] Android_Mali_G72_Vulkan, [000001CB3991AE00][000001CB35B03A40 49] Android_Mali_G76, [000001CB398D3B00][000001CB35B07BC0 49] Android_Mali_G76_Vulkan, [000001CB39918D00][000001CB35B0A1C0 49] Android_Mali_G77, [000001CB398D1700][000001CB35B0E340 49] Android_Mali_G77_Vulkan, [000001CB39919400][000001CB35B124C0 49] Android_Mali_G78, [000001CB398D0800][000001CB35B16640 49] Android_Mali_G78_Vulkan, [000001CB389E5A00][000001CB35B1E7C0 49] Android_Mali_G710, [000001CB398D0200][000001CB359D6940 49] Android_Mali_G710_Vulkan, [000001CB389E4600][000001CB35A78AC0 49] Android_Vulkan_SM5, [000001CB398D2E00][000001CB35A7CC40 49] Android_PowerVR_G6xxx, [000001CB389E4E00][000001CB35AE6D80 49] Android_PowerVR_GT7xxx, [000001CB398D0300][000001CB35A84EC0 49] Android_PowerVR_GE8xxx, [000001CB389E6300][000001CB35A8D000 49] Android_PowerVR_GM9xxx, [000001CB398D1500][000001CB35A9D140 49] Android_PowerVR_GM9xxx_Vulkan, [000001CB389E5000][000001CB35AAD2C0 49] Android_TegraK1, [000001CB398D0F00][000001CB35AB1440 49] Android_Unknown_Vulkan, [000001CB389E5600][000001CB35AB55C0 49] Lumin, [000001CB398D1A00][000001CB35AB9740 49] Lumin_Desktop, [000001CB389E4700][000001CB35ABD8C0 49] HoloLens, 
[2025.10.24-06.46.39:666][  0]LogMeshReduction: Using QuadricMeshReduction for automatic static mesh reduction
[2025.10.24-06.46.39:666][  0]LogMeshReduction: Using SimplygonMeshReduction for automatic skeletal mesh reduction
[2025.10.24-06.46.39:666][  0]LogMeshReduction: Using ProxyLODMeshReduction for automatic mesh merging
[2025.10.24-06.46.39:666][  0]LogMeshReduction: No distributed automatic mesh merging module available
[2025.10.24-06.46.39:666][  0]LogMeshMerging: No distributed automatic mesh merging module available
[2025.10.24-06.46.39:725][  0]LogNetVersion: StealthGame 1.0.0, NetCL: 17155196, EngineNetVer: 17, GameNetVer: 0 (Checksum: 1491514572)
[2025.10.24-06.46.40:800][  0]LogTexture: Default maximum texture size for cubemaps generated from long-lat sources has been changed from 512 to unlimited. In order to preserve old behaiour for '/Engine/MapTemplates/Sky/DaylightAmbientCubemap.DaylightAmbientCubemap', its maximum texture size has been explicitly set to 512.
[2025.10.24-06.46.40:947][  0]LogHMD: PokeAHoleMaterial loaded successfully
[2025.10.24-06.46.40:954][  0]LogUObjectArray: 17178 objects as part of root set at end of initial load.
[2025.10.24-06.46.40:954][  0]LogUObjectAllocator: 4302048 out of 0 bytes used by permanent object pool.
[2025.10.24-06.46.40:954][  0]LogUObjectArray: CloseDisregardForGC: 0/0 objects in disregard for GC pool
[2025.10.24-06.46.41:267][  0]LogNiagaraDebuggerClient: Niagara Debugger Client Initialized | Session: 56183BC84B8F0DD1B696A48A996AC4D5 | Instance: 1A189247411A1C836C5F7D81F2987CE9 (MANKA-D-D-6017-16612).
[2025.10.24-06.46.41:343][  0]LogTcpMessaging: Initializing TcpMessaging bridge
[2025.10.24-06.46.41:350][  0]LogUdpMessaging: Initializing bridge on interface 0.0.0.0:0 to multicast group 230.0.0.1:6666.
[2025.10.24-06.46.41:805][  0]LogPython: Using Python 3.7.7
[2025.10.24-06.46.43:330][  0]SourceControl: Source control is disabled
[2025.10.24-06.46.43:330][  0]SourceControl: Source control is disabled
[2025.10.24-06.46.43:341][  0]SourceControl: Source control is disabled
[2025.10.24-06.46.43:346][  0]SourceControl: Source control is disabled
[2025.10.24-06.46.43:351][  0]SourceControl: Source control is disabled
[2025.10.24-06.46.43:379][  0]LogUProjectInfo: Found projects:
[2025.10.24-06.46.43:596][  0]LogOpenImageDenoise: OIDN starting up
[2025.10.24-06.46.43:599][  0]LogAndroidPermission: UAndroidPermissionCallbackProxy::GetInstance
[2025.10.24-06.46.43:625][  0]LogAudioCaptureCore: Display: No Audio Capture implementations found. Audio input will be silent.
[2025.10.24-06.46.43:625][  0]LogAudioCaptureCore: Display: No Audio Capture implementations found. Audio input will be silent.
[2025.10.24-06.46.44:039][  0]LogCollectionManager: Loaded 0 collections in 0.001273 seconds
[2025.10.24-06.46.44:090][  0]LogFileCache: Scanning file cache for directory 'C:/UEProject/UnrealLearn/StealthGame/Saved/Collections/' took 0.00s
[2025.10.24-06.46.44:090][  0]LogFileCache: Scanning file cache for directory 'C:/UEProject/UnrealLearn/StealthGame/Content/Developers/LiamChen/Collections/' took 0.00s
[2025.10.24-06.46.44:090][  0]LogFileCache: Scanning file cache for directory 'C:/UEProject/UnrealLearn/StealthGame/Content/Collections/' took 0.00s
[2025.10.24-06.46.44:090][  0]LogOcInput: OculusInput pre-init called
[2025.10.24-06.46.44:485][  0]LogEngine: Initializing Engine...
[2025.10.24-06.46.44:565][  0]LogHMD: Failed to enumerate extensions. Please check that you have a valid OpenXR runtime installed.
[2025.10.24-06.46.44:566][  0]LogHMD: Failed to initialize OpenVR with code 110
[2025.10.24-06.46.44:566][  0]LogMagicLeap: Warning: VR disabled because ZI is not enabled.  To enable, in the editor, Edit -> Project Settings -> Plugins -> Magic Leap Plugin -> Enable Zero Iteration
[2025.10.24-06.46.44:568][  0]LogStats: UGameplayTagsManager::InitializeManager -  0.001 s
[2025.10.24-06.46.44:947][  0]LogInit: Initializing FReadOnlyCVARCache
[2025.10.24-06.46.44:988][  0]LogAIModule: Creating AISystem for world Untitled
[2025.10.24-06.46.44:995][  0]LogAudio: Display: Initializing Audio Device Manager...
[2025.10.24-06.46.44:998][  0]LogAudio: Display: Loading Default Audio Settings Objects...
[2025.10.24-06.46.45:004][  0]LogAudio: Display: No default SoundConcurrencyObject specified (or failed to load).
[2025.10.24-06.46.45:006][  0]LogAudio: Display: Audio Device Manager Initialized
[2025.10.24-06.46.45:006][  0]LogAudio: Display: Creating Audio Device:                 Id: 1, Scope: Shared, Realtime: True
[2025.10.24-06.46.45:007][  0]LogAudioMixer: Display: Audio Mixer Platform Settings:
[2025.10.24-06.46.45:007][  0]LogAudioMixer: Display: 	Sample Rate:						  48000
[2025.10.24-06.46.45:007][  0]LogAudioMixer: Display: 	Callback Buffer Frame Size Requested: 1024
[2025.10.24-06.46.45:007][  0]LogAudioMixer: Display: 	Callback Buffer Frame Size To Use:	  1024
[2025.10.24-06.46.45:007][  0]LogAudioMixer: Display: 	Number of buffers to queue:			  2
[2025.10.24-06.46.45:007][  0]LogAudioMixer: Display: 	Max Channels (voices):				  32
[2025.10.24-06.46.45:007][  0]LogAudioMixer: Display: 	Number of Async Source Workers:		  0
[2025.10.24-06.46.45:007][  0]LogAudio: Display: AudioDevice MaxSources: 32
[2025.10.24-06.46.45:009][  0]LogAudio: Display: Audio Spatialization Plugin: None (built-in).
[2025.10.24-06.46.45:009][  0]LogAudio: Display: Audio Reverb Plugin: None (built-in).
[2025.10.24-06.46.45:009][  0]LogAudio: Display: Audio Occlusion Plugin: None (built-in).
[2025.10.24-06.46.45:009][  0]LogAudioMixer: Display: Initializing audio mixer.
[2025.10.24-06.46.45:024][  0]LogAudioMixer: Display: 0: FrontLeft
[2025.10.24-06.46.45:024][  0]LogAudioMixer: Display: 1: FrontRight
[2025.10.24-06.46.45:033][  0]LogAudioMixer: Display: Using Audio Device DigitalOutput (NVIDIA High Definition Audio)
[2025.10.24-06.46.45:035][  0]LogAudioMixer: Display: Initializing Sound Submixes...
[2025.10.24-06.46.45:062][  0]LogAudioMixer: Display: Creating Master Submix 'MasterSubmixDefault'
[2025.10.24-06.46.45:062][  0]LogAudioMixer: Display: Creating Master Submix 'MasterReverbSubmixDefault'
[2025.10.24-06.46.45:064][  0]LogAudioMixer: Display: Creating Master Submix 'MasterEQSubmixDefault'
[2025.10.24-06.46.45:064][  0]LogAudioMixer: FMixerPlatformXAudio2::StartAudioStream() called
[2025.10.24-06.46.45:064][  0]LogAudioMixer: Display: Output buffers initialized: Frames=1024, Channels=2, Samples=2048
[2025.10.24-06.46.45:065][  0]LogAudioMixer: Display: Starting AudioMixerPlatformInterface::RunInternal()
[2025.10.24-06.46.45:065][  0]LogAudioMixer: Display: FMixerPlatformXAudio2::SubmitBuffer() called for the first time
[2025.10.24-06.46.45:065][  0]LogInit: FAudioDevice initialized.
[2025.10.24-06.46.45:066][  0]LogAudio: Display: Audio Device (ID: 1) registered with world 'Untitled'.
[2025.10.24-06.46.45:066][  0]LogNetVersion: Set ProjectVersion to 1.0.0.0. Version Checksum will be recalculated on next use.
[2025.10.24-06.46.45:115][  0]LogDerivedDataCache: Saved boot cache 0.05s 103MB C:/Users/LiamChen/AppData/Local/UnrealEngine/4.27/DerivedDataCache/Boot.ddc.
[2025.10.24-06.46.45:115][  0]LogInit: Texture streaming: Enabled
[2025.10.24-06.46.45:131][  0]LogAnalytics: Display: [UEEditor.Rocket.Release] APIServer = https://datarouter.ol.epicgames.com/. AppVersion = 4.27.2-18319896+++UE4+Release-4.27
[2025.10.24-06.46.45:135][  0]LogEngineSessionManager: EngineSessionManager initialized
[2025.10.24-06.46.45:135][  0]LogEditorSessionSummary: Verbose: Initializing EditorSessionSummaryWriter for editor session tracking
[2025.10.24-06.46.45:138][  0]LogEditorSessionSummary: EditorSessionSummaryWriter initialized
[2025.10.24-06.46.45:169][  0]LogInit: Transaction tracking system initialized
[2025.10.24-06.46.45:202][  0]BlueprintLog: New page: Editor Load
[2025.10.24-06.46.45:322][  0]LocalizationService: Localization service is disabled
[2025.10.24-06.46.45:367][  0]TimingProfiler: Initialize
[2025.10.24-06.46.45:368][  0]TimingProfiler: OnSessionChanged
[2025.10.24-06.46.45:369][  0]LoadingProfiler: Initialize
[2025.10.24-06.46.45:369][  0]LoadingProfiler: OnSessionChanged
[2025.10.24-06.46.45:369][  0]NetworkingProfiler: Initialize
[2025.10.24-06.46.45:369][  0]NetworkingProfiler: OnSessionChanged
[2025.10.24-06.46.45:369][  0]MemoryProfiler: Initialize
[2025.10.24-06.46.45:369][  0]MemoryProfiler: OnSessionChanged
[2025.10.24-06.46.45:807][  0]LogCook: Display: CookSettings for Memory: MemoryMaxUsedVirtual 0MiB, MemoryMaxUsedPhysical 16384MiB, MemoryMinFreeVirtual 0MiB, MemoryMinFreePhysical 1024MiB
[2025.10.24-06.46.45:807][  0]LogCook: Display: Mobile HDR setting 1
[2025.10.24-06.46.46:134][  0]LogFileCache: Scanning file cache for directory 'C:/UEProject/UnrealLearn/StealthGame/Content/' took 0.01s
[2025.10.24-06.46.46:260][  0]LogInit: Display: Engine is initialized. Leaving FEngineLoop::Init()
[2025.10.24-06.46.46:266][  0]SourceControl: Source control is disabled
[2025.10.24-06.46.46:266][  0]LogUnrealEdMisc: Loading editor; pre map load, took 18.015
[2025.10.24-06.46.46:267][  0]Cmd: MAP LOAD FILE="../../../../../../UEProject/UnrealLearn/StealthGame/Content/ThirdPersonCPP/Maps/ThirdPersonExampleMap.umap" TEMPLATE=0 SHOWPROGRESS=1 FEATURELEVEL=3
[2025.10.24-06.46.46:268][  0]LightingResults: New page: Lighting Build
[2025.10.24-06.46.46:273][  0]LogWorld: UWorld::CleanupWorld for Untitled, bSessionEnded=true, bCleanupResources=true
[2025.10.24-06.46.46:275][  0]LogSlate: InvalidateAllWidgets triggered.  All widgets were invalidated
[2025.10.24-06.46.46:277][  0]MapCheck: New page: Map Check
[2025.10.24-06.46.46:277][  0]LightingResults: New page: Lighting Build
[2025.10.24-06.46.46:287][  0]LogAudio: Display: Audio Device unregistered from world 'None'.
[2025.10.24-06.46.46:299][  0]LogUObjectHash: Compacting FUObjectHashTables data took   0.68ms
[2025.10.24-06.46.46:455][  0]LogAudio: Display: Audio Device (ID: 1) registered with world 'ThirdPersonExampleMap'.
[2025.10.24-06.46.46:456][  0]LogAIModule: Creating AISystem for world ThirdPersonExampleMap
[2025.10.24-06.46.46:496][  0]LogEditorServer: Finished looking for orphan Actors (0.000 secs)
[2025.10.24-06.46.46:508][  0]LogUObjectHash: Compacting FUObjectHashTables data took   0.49ms
[2025.10.24-06.46.46:508][  0]Cmd: MAP CHECKDEP NOCLEARLOG
[2025.10.24-06.46.46:509][  0]MapCheck: Map check complete: 0 Error(s), 0 Warning(s), took 0.256ms to complete.
[2025.10.24-06.46.46:509][  0]LogFileHelpers: Loading map 'ThirdPersonExampleMap' took 0.242
[2025.10.24-06.46.46:530][  0]LogUnrealEdMisc: Total Editor Startup Time, took 18.279
[2025.10.24-06.46.46:676][  0]LogSlate: Updating window title bar state: overlay mode, drag disabled, window buttons hidden, title bar hidden
[2025.10.24-06.46.46:680][  0]LogSlate: Updating window title bar state: overlay mode, drag disabled, window buttons hidden, title bar hidden
[2025.10.24-06.46.46:684][  0]LogSlate: Updating window title bar state: overlay mode, drag disabled, window buttons hidden, title bar hidden
[2025.10.24-06.46.46:688][  0]LogSlate: Updating window title bar state: overlay mode, drag disabled, window buttons hidden, title bar hidden
[2025.10.24-06.46.46:719][  0]LogNativeClassHierarchy: Verbose: Native class hierarchy populated in 0.0068 seconds. Added 3828 classes and 930 folders.
[2025.10.24-06.46.46:725][  0]LogNativeClassHierarchy: Verbose: Native class hierarchy updated for 'WidgetCarousel' in 0.0002 seconds. Added 0 classes and 0 folders.
[2025.10.24-06.46.46:739][  0]LogPakFile: PakFile PrimaryIndexSize=187
[2025.10.24-06.46.46:739][  0]LogPakFile: PakFile PathHashIndexSize=101
[2025.10.24-06.46.46:739][  0]LogPakFile: PakFile FullDirectoryIndexSize=148
[2025.10.24-06.46.46:739][  0]LogShaderLibrary: Display: ShaderCodeLibraryPakFileMountedCallback: PakFile 'C:/Program Files/Epic Games/UE_4.27/FeaturePacks/FP_FirstPerson.upack' (chunk index -1, root 'root:/') mounted
[2025.10.24-06.46.46:739][  0]LogShaderLibrary: Display: ShaderCodeLibraryPakFileMountedCallback: pending pak file info (ChunkID:-1 Root:root:/ File:C:/Program Files/Epic Games/UE_4.27/FeaturePacks/FP_FirstPerson.upack)
[2025.10.24-06.46.46:739][  0]LogPakFile: OnPakFileMounted2Time == 0.000720
[2025.10.24-06.46.46:751][  0]LogPakFile: PakFile PrimaryIndexSize=189
[2025.10.24-06.46.46:751][  0]LogPakFile: PakFile PathHashIndexSize=101
[2025.10.24-06.46.46:751][  0]LogPakFile: PakFile FullDirectoryIndexSize=152
[2025.10.24-06.46.46:751][  0]LogShaderLibrary: Display: ShaderCodeLibraryPakFileMountedCallback: PakFile 'C:/Program Files/Epic Games/UE_4.27/FeaturePacks/FP_FirstPersonBP.upack' (chunk index -1, root 'root:/') mounted
[2025.10.24-06.46.46:751][  0]LogShaderLibrary: Display: ShaderCodeLibraryPakFileMountedCallback: pending pak file info (ChunkID:-1 Root:root:/ File:C:/Program Files/Epic Games/UE_4.27/FeaturePacks/FP_FirstPersonBP.upack)
[2025.10.24-06.46.46:751][  0]LogPakFile: OnPakFileMounted2Time == 0.000038
[2025.10.24-06.46.46:758][  0]LogPakFile: PakFile PrimaryIndexSize=191
[2025.10.24-06.46.46:758][  0]LogPakFile: PakFile PathHashIndexSize=101
[2025.10.24-06.46.46:758][  0]LogPakFile: PakFile FullDirectoryIndexSize=160
[2025.10.24-06.46.46:758][  0]LogShaderLibrary: Display: ShaderCodeLibraryPakFileMountedCallback: PakFile 'C:/Program Files/Epic Games/UE_4.27/FeaturePacks/MobileStarterContent.upack' (chunk index -1, root 'root:/') mounted
[2025.10.24-06.46.46:758][  0]LogShaderLibrary: Display: ShaderCodeLibraryPakFileMountedCallback: pending pak file info (ChunkID:-1 Root:root:/ File:C:/Program Files/Epic Games/UE_4.27/FeaturePacks/MobileStarterContent.upack)
[2025.10.24-06.46.46:758][  0]LogPakFile: OnPakFileMounted2Time == 0.000039
[2025.10.24-06.46.46:764][  0]LogPakFile: PakFile PrimaryIndexSize=185
[2025.10.24-06.46.46:764][  0]LogPakFile: PakFile PathHashIndexSize=101
[2025.10.24-06.46.46:764][  0]LogPakFile: PakFile FullDirectoryIndexSize=148
[2025.10.24-06.46.46:764][  0]LogShaderLibrary: Display: ShaderCodeLibraryPakFileMountedCallback: PakFile 'C:/Program Files/Epic Games/UE_4.27/FeaturePacks/StarterContent.upack' (chunk index -1, root 'root:/') mounted
[2025.10.24-06.46.46:764][  0]LogShaderLibrary: Display: ShaderCodeLibraryPakFileMountedCallback: pending pak file info (ChunkID:-1 Root:root:/ File:C:/Program Files/Epic Games/UE_4.27/FeaturePacks/StarterContent.upack)
[2025.10.24-06.46.46:765][  0]LogPakFile: OnPakFileMounted2Time == 0.000054
[2025.10.24-06.46.46:772][  0]LogPakFile: PakFile PrimaryIndexSize=190
[2025.10.24-06.46.46:772][  0]LogPakFile: PakFile PathHashIndexSize=101
[2025.10.24-06.46.46:772][  0]LogPakFile: PakFile FullDirectoryIndexSize=154
[2025.10.24-06.46.46:772][  0]LogShaderLibrary: Display: ShaderCodeLibraryPakFileMountedCallback: PakFile 'C:/Program Files/Epic Games/UE_4.27/FeaturePacks/TP_2DSideScroller.upack' (chunk index -1, root 'root:/') mounted
[2025.10.24-06.46.46:772][  0]LogShaderLibrary: Display: ShaderCodeLibraryPakFileMountedCallback: pending pak file info (ChunkID:-1 Root:root:/ File:C:/Program Files/Epic Games/UE_4.27/FeaturePacks/TP_2DSideScroller.upack)
[2025.10.24-06.46.46:772][  0]LogPakFile: OnPakFileMounted2Time == 0.000033
[2025.10.24-06.46.46:778][  0]LogPakFile: PakFile PrimaryIndexSize=192
[2025.10.24-06.46.46:778][  0]LogPakFile: PakFile PathHashIndexSize=101
[2025.10.24-06.46.46:778][  0]LogPakFile: PakFile FullDirectoryIndexSize=158
[2025.10.24-06.46.46:778][  0]LogShaderLibrary: Display: ShaderCodeLibraryPakFileMountedCallback: PakFile 'C:/Program Files/Epic Games/UE_4.27/FeaturePacks/TP_2DSideScrollerBP.upack' (chunk index -1, root 'root:/') mounted
[2025.10.24-06.46.46:778][  0]LogShaderLibrary: Display: ShaderCodeLibraryPakFileMountedCallback: pending pak file info (ChunkID:-1 Root:root:/ File:C:/Program Files/Epic Games/UE_4.27/FeaturePacks/TP_2DSideScrollerBP.upack)
[2025.10.24-06.46.46:778][  0]LogPakFile: OnPakFileMounted2Time == 0.000037
[2025.10.24-06.46.46:785][  0]LogPakFile: PakFile PrimaryIndexSize=182
[2025.10.24-06.46.46:785][  0]LogPakFile: PakFile PathHashIndexSize=101
[2025.10.24-06.46.46:785][  0]LogPakFile: PakFile FullDirectoryIndexSize=138
[2025.10.24-06.46.46:785][  0]LogShaderLibrary: Display: ShaderCodeLibraryPakFileMountedCallback: PakFile 'C:/Program Files/Epic Games/UE_4.27/FeaturePacks/TP_Flying.upack' (chunk index -1, root 'root:/') mounted
[2025.10.24-06.46.46:785][  0]LogShaderLibrary: Display: ShaderCodeLibraryPakFileMountedCallback: pending pak file info (ChunkID:-1 Root:root:/ File:C:/Program Files/Epic Games/UE_4.27/FeaturePacks/TP_Flying.upack)
[2025.10.24-06.46.46:785][  0]LogPakFile: OnPakFileMounted2Time == 0.000035
[2025.10.24-06.46.46:792][  0]LogPakFile: PakFile PrimaryIndexSize=184
[2025.10.24-06.46.46:792][  0]LogPakFile: PakFile PathHashIndexSize=101
[2025.10.24-06.46.46:792][  0]LogPakFile: PakFile FullDirectoryIndexSize=142
[2025.10.24-06.46.46:792][  0]LogShaderLibrary: Display: ShaderCodeLibraryPakFileMountedCallback: PakFile 'C:/Program Files/Epic Games/UE_4.27/FeaturePacks/TP_FlyingBP.upack' (chunk index -1, root 'root:/') mounted
[2025.10.24-06.46.46:792][  0]LogShaderLibrary: Display: ShaderCodeLibraryPakFileMountedCallback: pending pak file info (ChunkID:-1 Root:root:/ File:C:/Program Files/Epic Games/UE_4.27/FeaturePacks/TP_FlyingBP.upack)
[2025.10.24-06.46.46:792][  0]LogPakFile: OnPakFileMounted2Time == 0.000033
[2025.10.24-06.46.46:801][  0]LogPakFile: PakFile PrimaryIndexSize=188
[2025.10.24-06.46.46:801][  0]LogPakFile: PakFile PathHashIndexSize=101
[2025.10.24-06.46.46:801][  0]LogPakFile: PakFile FullDirectoryIndexSize=150
[2025.10.24-06.46.46:801][  0]LogShaderLibrary: Display: ShaderCodeLibraryPakFileMountedCallback: PakFile 'C:/Program Files/Epic Games/UE_4.27/FeaturePacks/TP_HandheldARBP.upack' (chunk index -1, root 'root:/') mounted
[2025.10.24-06.46.46:801][  0]LogShaderLibrary: Display: ShaderCodeLibraryPakFileMountedCallback: pending pak file info (ChunkID:-1 Root:root:/ File:C:/Program Files/Epic Games/UE_4.27/FeaturePacks/TP_HandheldARBP.upack)
[2025.10.24-06.46.46:801][  0]LogPakFile: OnPakFileMounted2Time == 0.000033
[2025.10.24-06.46.46:809][  0]LogPakFile: PakFile PrimaryIndexSize=182
[2025.10.24-06.46.46:809][  0]LogPakFile: PakFile PathHashIndexSize=101
[2025.10.24-06.46.46:809][  0]LogPakFile: PakFile FullDirectoryIndexSize=138
[2025.10.24-06.46.46:809][  0]LogShaderLibrary: Display: ShaderCodeLibraryPakFileMountedCallback: PakFile 'C:/Program Files/Epic Games/UE_4.27/FeaturePacks/TP_Puzzle.upack' (chunk index -1, root 'root:/') mounted
[2025.10.24-06.46.46:809][  0]LogShaderLibrary: Display: ShaderCodeLibraryPakFileMountedCallback: pending pak file info (ChunkID:-1 Root:root:/ File:C:/Program Files/Epic Games/UE_4.27/FeaturePacks/TP_Puzzle.upack)
[2025.10.24-06.46.46:809][  0]LogPakFile: OnPakFileMounted2Time == 0.000041
[2025.10.24-06.46.46:816][  0]LogPakFile: PakFile PrimaryIndexSize=184
[2025.10.24-06.46.46:816][  0]LogPakFile: PakFile PathHashIndexSize=101
[2025.10.24-06.46.46:816][  0]LogPakFile: PakFile FullDirectoryIndexSize=142
[2025.10.24-06.46.46:816][  0]LogShaderLibrary: Display: ShaderCodeLibraryPakFileMountedCallback: PakFile 'C:/Program Files/Epic Games/UE_4.27/FeaturePacks/TP_PuzzleBP.upack' (chunk index -1, root 'root:/') mounted
[2025.10.24-06.46.46:816][  0]LogShaderLibrary: Display: ShaderCodeLibraryPakFileMountedCallback: pending pak file info (ChunkID:-1 Root:root:/ File:C:/Program Files/Epic Games/UE_4.27/FeaturePacks/TP_PuzzleBP.upack)
[2025.10.24-06.46.46:816][  0]LogPakFile: OnPakFileMounted2Time == 0.000032
[2025.10.24-06.46.46:822][  0]LogPakFile: PakFile PrimaryIndexSize=183
[2025.10.24-06.46.46:822][  0]LogPakFile: PakFile PathHashIndexSize=101
[2025.10.24-06.46.46:822][  0]LogPakFile: PakFile FullDirectoryIndexSize=140
[2025.10.24-06.46.46:822][  0]LogShaderLibrary: Display: ShaderCodeLibraryPakFileMountedCallback: PakFile 'C:/Program Files/Epic Games/UE_4.27/FeaturePacks/TP_Rolling.upack' (chunk index -1, root 'root:/') mounted
[2025.10.24-06.46.46:822][  0]LogShaderLibrary: Display: ShaderCodeLibraryPakFileMountedCallback: pending pak file info (ChunkID:-1 Root:root:/ File:C:/Program Files/Epic Games/UE_4.27/FeaturePacks/TP_Rolling.upack)
[2025.10.24-06.46.46:822][  0]LogPakFile: OnPakFileMounted2Time == 0.000039
[2025.10.24-06.46.46:828][  0]LogPakFile: PakFile PrimaryIndexSize=185
[2025.10.24-06.46.46:828][  0]LogPakFile: PakFile PathHashIndexSize=101
[2025.10.24-06.46.46:828][  0]LogPakFile: PakFile FullDirectoryIndexSize=144
[2025.10.24-06.46.46:828][  0]LogShaderLibrary: Display: ShaderCodeLibraryPakFileMountedCallback: PakFile 'C:/Program Files/Epic Games/UE_4.27/FeaturePacks/TP_RollingBP.upack' (chunk index -1, root 'root:/') mounted
[2025.10.24-06.46.46:828][  0]LogShaderLibrary: Display: ShaderCodeLibraryPakFileMountedCallback: pending pak file info (ChunkID:-1 Root:root:/ File:C:/Program Files/Epic Games/UE_4.27/FeaturePacks/TP_RollingBP.upack)
[2025.10.24-06.46.46:828][  0]LogPakFile: OnPakFileMounted2Time == 0.000056
[2025.10.24-06.46.46:835][  0]LogPakFile: PakFile PrimaryIndexSize=188
[2025.10.24-06.46.46:835][  0]LogPakFile: PakFile PathHashIndexSize=101
[2025.10.24-06.46.46:835][  0]LogPakFile: PakFile FullDirectoryIndexSize=150
[2025.10.24-06.46.46:835][  0]LogShaderLibrary: Display: ShaderCodeLibraryPakFileMountedCallback: PakFile 'C:/Program Files/Epic Games/UE_4.27/FeaturePacks/TP_SideScroller.upack' (chunk index -1, root 'root:/') mounted
[2025.10.24-06.46.46:835][  0]LogShaderLibrary: Display: ShaderCodeLibraryPakFileMountedCallback: pending pak file info (ChunkID:-1 Root:root:/ File:C:/Program Files/Epic Games/UE_4.27/FeaturePacks/TP_SideScroller.upack)
[2025.10.24-06.46.46:835][  0]LogPakFile: OnPakFileMounted2Time == 0.000037
[2025.10.24-06.46.46:842][  0]LogPakFile: PakFile PrimaryIndexSize=190
[2025.10.24-06.46.46:842][  0]LogPakFile: PakFile PathHashIndexSize=101
[2025.10.24-06.46.46:842][  0]LogPakFile: PakFile FullDirectoryIndexSize=154
[2025.10.24-06.46.46:842][  0]LogShaderLibrary: Display: ShaderCodeLibraryPakFileMountedCallback: PakFile 'C:/Program Files/Epic Games/UE_4.27/FeaturePacks/TP_SideScrollerBP.upack' (chunk index -1, root 'root:/') mounted
[2025.10.24-06.46.46:842][  0]LogShaderLibrary: Display: ShaderCodeLibraryPakFileMountedCallback: pending pak file info (ChunkID:-1 Root:root:/ File:C:/Program Files/Epic Games/UE_4.27/FeaturePacks/TP_SideScrollerBP.upack)
[2025.10.24-06.46.46:842][  0]LogPakFile: OnPakFileMounted2Time == 0.000034
[2025.10.24-06.46.46:849][  0]LogPakFile: PakFile PrimaryIndexSize=187
[2025.10.24-06.46.46:849][  0]LogPakFile: PakFile PathHashIndexSize=101
[2025.10.24-06.46.46:849][  0]LogPakFile: PakFile FullDirectoryIndexSize=148
[2025.10.24-06.46.46:849][  0]LogShaderLibrary: Display: ShaderCodeLibraryPakFileMountedCallback: PakFile 'C:/Program Files/Epic Games/UE_4.27/FeaturePacks/TP_ThirdPerson.upack' (chunk index -1, root 'root:/') mounted
[2025.10.24-06.46.46:849][  0]LogShaderLibrary: Display: ShaderCodeLibraryPakFileMountedCallback: pending pak file info (ChunkID:-1 Root:root:/ File:C:/Program Files/Epic Games/UE_4.27/FeaturePacks/TP_ThirdPerson.upack)
[2025.10.24-06.46.46:849][  0]LogPakFile: OnPakFileMounted2Time == 0.000034
[2025.10.24-06.46.46:855][  0]LogPakFile: PakFile PrimaryIndexSize=189
[2025.10.24-06.46.46:855][  0]LogPakFile: PakFile PathHashIndexSize=101
[2025.10.24-06.46.46:855][  0]LogPakFile: PakFile FullDirectoryIndexSize=152
[2025.10.24-06.46.46:855][  0]LogShaderLibrary: Display: ShaderCodeLibraryPakFileMountedCallback: PakFile 'C:/Program Files/Epic Games/UE_4.27/FeaturePacks/TP_ThirdPersonBP.upack' (chunk index -1, root 'root:/') mounted
[2025.10.24-06.46.46:855][  0]LogShaderLibrary: Display: ShaderCodeLibraryPakFileMountedCallback: pending pak file info (ChunkID:-1 Root:root:/ File:C:/Program Files/Epic Games/UE_4.27/FeaturePacks/TP_ThirdPersonBP.upack)
[2025.10.24-06.46.46:855][  0]LogPakFile: OnPakFileMounted2Time == 0.000033
[2025.10.24-06.46.46:861][  0]LogPakFile: PakFile PrimaryIndexSize=183
[2025.10.24-06.46.46:861][  0]LogPakFile: PakFile PathHashIndexSize=101
[2025.10.24-06.46.46:861][  0]LogPakFile: PakFile FullDirectoryIndexSize=140
[2025.10.24-06.46.46:861][  0]LogShaderLibrary: Display: ShaderCodeLibraryPakFileMountedCallback: PakFile 'C:/Program Files/Epic Games/UE_4.27/FeaturePacks/TP_TopDown.upack' (chunk index -1, root 'root:/') mounted
[2025.10.24-06.46.46:861][  0]LogShaderLibrary: Display: ShaderCodeLibraryPakFileMountedCallback: pending pak file info (ChunkID:-1 Root:root:/ File:C:/Program Files/Epic Games/UE_4.27/FeaturePacks/TP_TopDown.upack)
[2025.10.24-06.46.46:861][  0]LogPakFile: OnPakFileMounted2Time == 0.000042
[2025.10.24-06.46.46:868][  0]LogPakFile: PakFile PrimaryIndexSize=185
[2025.10.24-06.46.46:868][  0]LogPakFile: PakFile PathHashIndexSize=101
[2025.10.24-06.46.46:868][  0]LogPakFile: PakFile FullDirectoryIndexSize=144
[2025.10.24-06.46.46:868][  0]LogShaderLibrary: Display: ShaderCodeLibraryPakFileMountedCallback: PakFile 'C:/Program Files/Epic Games/UE_4.27/FeaturePacks/TP_TopDownBP.upack' (chunk index -1, root 'root:/') mounted
[2025.10.24-06.46.46:868][  0]LogShaderLibrary: Display: ShaderCodeLibraryPakFileMountedCallback: pending pak file info (ChunkID:-1 Root:root:/ File:C:/Program Files/Epic Games/UE_4.27/FeaturePacks/TP_TopDownBP.upack)
[2025.10.24-06.46.46:868][  0]LogPakFile: OnPakFileMounted2Time == 0.000038
[2025.10.24-06.46.46:877][  0]LogPakFile: PakFile PrimaryIndexSize=185
[2025.10.24-06.46.46:877][  0]LogPakFile: PakFile PathHashIndexSize=101
[2025.10.24-06.46.46:877][  0]LogPakFile: PakFile FullDirectoryIndexSize=144
[2025.10.24-06.46.46:877][  0]LogShaderLibrary: Display: ShaderCodeLibraryPakFileMountedCallback: PakFile 'C:/Program Files/Epic Games/UE_4.27/FeaturePacks/TP_TwinStick.upack' (chunk index -1, root 'root:/') mounted
[2025.10.24-06.46.46:877][  0]LogShaderLibrary: Display: ShaderCodeLibraryPakFileMountedCallback: pending pak file info (ChunkID:-1 Root:root:/ File:C:/Program Files/Epic Games/UE_4.27/FeaturePacks/TP_TwinStick.upack)
[2025.10.24-06.46.46:877][  0]LogPakFile: OnPakFileMounted2Time == 0.000043
[2025.10.24-06.46.46:884][  0]LogPakFile: PakFile PrimaryIndexSize=187
[2025.10.24-06.46.46:884][  0]LogPakFile: PakFile PathHashIndexSize=101
[2025.10.24-06.46.46:884][  0]LogPakFile: PakFile FullDirectoryIndexSize=148
[2025.10.24-06.46.46:884][  0]LogShaderLibrary: Display: ShaderCodeLibraryPakFileMountedCallback: PakFile 'C:/Program Files/Epic Games/UE_4.27/FeaturePacks/TP_TwinStickBP.upack' (chunk index -1, root 'root:/') mounted
[2025.10.24-06.46.46:884][  0]LogShaderLibrary: Display: ShaderCodeLibraryPakFileMountedCallback: pending pak file info (ChunkID:-1 Root:root:/ File:C:/Program Files/Epic Games/UE_4.27/FeaturePacks/TP_TwinStickBP.upack)
[2025.10.24-06.46.46:884][  0]LogPakFile: OnPakFileMounted2Time == 0.000041
[2025.10.24-06.46.46:890][  0]LogPakFile: PakFile PrimaryIndexSize=183
[2025.10.24-06.46.46:890][  0]LogPakFile: PakFile PathHashIndexSize=101
[2025.10.24-06.46.46:890][  0]LogPakFile: PakFile FullDirectoryIndexSize=140
[2025.10.24-06.46.46:890][  0]LogShaderLibrary: Display: ShaderCodeLibraryPakFileMountedCallback: PakFile 'C:/Program Files/Epic Games/UE_4.27/FeaturePacks/TP_Vehicle.upack' (chunk index -1, root 'root:/') mounted
[2025.10.24-06.46.46:890][  0]LogShaderLibrary: Display: ShaderCodeLibraryPakFileMountedCallback: pending pak file info (ChunkID:-1 Root:root:/ File:C:/Program Files/Epic Games/UE_4.27/FeaturePacks/TP_Vehicle.upack)
[2025.10.24-06.46.46:891][  0]LogPakFile: OnPakFileMounted2Time == 0.000031
[2025.10.24-06.46.46:897][  0]LogPakFile: PakFile PrimaryIndexSize=186
[2025.10.24-06.46.46:897][  0]LogPakFile: PakFile PathHashIndexSize=101
[2025.10.24-06.46.46:897][  0]LogPakFile: PakFile FullDirectoryIndexSize=146
[2025.10.24-06.46.46:897][  0]LogShaderLibrary: Display: ShaderCodeLibraryPakFileMountedCallback: PakFile 'C:/Program Files/Epic Games/UE_4.27/FeaturePacks/TP_VehicleAdv.upack' (chunk index -1, root 'root:/') mounted
[2025.10.24-06.46.46:897][  0]LogShaderLibrary: Display: ShaderCodeLibraryPakFileMountedCallback: pending pak file info (ChunkID:-1 Root:root:/ File:C:/Program Files/Epic Games/UE_4.27/FeaturePacks/TP_VehicleAdv.upack)
[2025.10.24-06.46.46:897][  0]LogPakFile: OnPakFileMounted2Time == 0.000035
[2025.10.24-06.46.46:903][  0]LogPakFile: PakFile PrimaryIndexSize=188
[2025.10.24-06.46.46:903][  0]LogPakFile: PakFile PathHashIndexSize=101
[2025.10.24-06.46.46:903][  0]LogPakFile: PakFile FullDirectoryIndexSize=150
[2025.10.24-06.46.46:903][  0]LogShaderLibrary: Display: ShaderCodeLibraryPakFileMountedCallback: PakFile 'C:/Program Files/Epic Games/UE_4.27/FeaturePacks/TP_VehicleAdvBP.upack' (chunk index -1, root 'root:/') mounted
[2025.10.24-06.46.46:903][  0]LogShaderLibrary: Display: ShaderCodeLibraryPakFileMountedCallback: pending pak file info (ChunkID:-1 Root:root:/ File:C:/Program Files/Epic Games/UE_4.27/FeaturePacks/TP_VehicleAdvBP.upack)
[2025.10.24-06.46.46:903][  0]LogPakFile: OnPakFileMounted2Time == 0.000051
[2025.10.24-06.46.46:909][  0]LogPakFile: PakFile PrimaryIndexSize=185
[2025.10.24-06.46.46:909][  0]LogPakFile: PakFile PathHashIndexSize=101
[2025.10.24-06.46.46:909][  0]LogPakFile: PakFile FullDirectoryIndexSize=144
[2025.10.24-06.46.46:909][  0]LogShaderLibrary: Display: ShaderCodeLibraryPakFileMountedCallback: PakFile 'C:/Program Files/Epic Games/UE_4.27/FeaturePacks/TP_VehicleBP.upack' (chunk index -1, root 'root:/') mounted
[2025.10.24-06.46.46:909][  0]LogShaderLibrary: Display: ShaderCodeLibraryPakFileMountedCallback: pending pak file info (ChunkID:-1 Root:root:/ File:C:/Program Files/Epic Games/UE_4.27/FeaturePacks/TP_VehicleBP.upack)
[2025.10.24-06.46.46:909][  0]LogPakFile: OnPakFileMounted2Time == 0.000033
[2025.10.24-06.46.46:916][  0]LogPakFile: PakFile PrimaryIndexSize=192
[2025.10.24-06.46.46:916][  0]LogPakFile: PakFile PathHashIndexSize=101
[2025.10.24-06.46.46:916][  0]LogPakFile: PakFile FullDirectoryIndexSize=158
[2025.10.24-06.46.46:916][  0]LogShaderLibrary: Display: ShaderCodeLibraryPakFileMountedCallback: PakFile 'C:/Program Files/Epic Games/UE_4.27/FeaturePacks/TP_VirtualRealityBP.upack' (chunk index -1, root 'root:/') mounted
[2025.10.24-06.46.46:916][  0]LogShaderLibrary: Display: ShaderCodeLibraryPakFileMountedCallback: pending pak file info (ChunkID:-1 Root:root:/ File:C:/Program Files/Epic Games/UE_4.27/FeaturePacks/TP_VirtualRealityBP.upack)
[2025.10.24-06.46.46:916][  0]LogPakFile: OnPakFileMounted2Time == 0.000033
[2025.10.24-06.46.47:105][  0]LogNativeClassHierarchy: Verbose: Native class hierarchy updated for 'AddContentDialog' in 0.0002 seconds. Added 0 classes and 0 folders.
[2025.10.24-06.46.47:113][  0]LogNativeClassHierarchy: Verbose: Native class hierarchy updated for 'SceneOutliner' in 0.0002 seconds. Added 2 classes and 0 folders.
[2025.10.24-06.46.47:169][  0]LogSlate: Took 0.006810 seconds to synchronously load lazily loaded font '../../../Engine/Content/Slate/Fonts/Roboto-Regular.ttf' (155K)
[2025.10.24-06.46.47:176][  0]LogSlate: Took 0.006472 seconds to synchronously load lazily loaded font '../../../Engine/Content/Editor/Slate/Fonts/FontAwesome.ttf' (139K)
[2025.10.24-06.46.47:184][  0]LogSlate: Took 0.005541 seconds to synchronously load lazily loaded font '../../../Engine/Content/Slate/Fonts/Roboto-Bold.ttf' (160K)
[2025.10.24-06.46.47:319][  0]LogRenderer: Reallocating scene render targets to support 1208x568 Format 10 NumSamples 1 (Frame:1).
[2025.10.24-06.46.47:373][  0]LogSlate: Took 0.006511 seconds to synchronously load lazily loaded font '../../../Engine/Content/Slate/Fonts/Roboto-Light.ttf' (167K)
[2025.10.24-06.46.47:422][  0]LogNativeClassHierarchy: Verbose: Native class hierarchy updated for 'HierarchicalLODOutliner' in 0.0002 seconds. Added 0 classes and 0 folders.
[2025.10.24-06.46.47:422][  0]LogInput: Warning: Action Jump uses invalid key OculusGo_Left_Trigger_Click.
[2025.10.24-06.46.47:422][  0]LogInput: Warning: Action ResetVR uses invalid key OculusGo_Left_Trackpad_Click.
[2025.10.24-06.46.47:422][  0]LogInput: Warning: Use -RemoveInvalidKeys to remove instances of these keys from the action mapping.
[2025.10.24-06.46.47:422][  0]LogLoad: (Engine Initialization) Total time: 19.17 seconds
[2025.10.24-06.46.47:422][  0]LogLoad: (Engine Initialization) Total Blueprint compile time: 0.00 seconds
[2025.10.24-06.46.47:463][  0]LogAssetRegistry: Asset discovery search completed in 8.4187 seconds
[2025.10.24-06.46.47:494][  0]LogCollectionManager: Fixed up redirectors for 0 collections in 0.000007 seconds (updated 0 objects)
[2025.10.24-06.46.47:499][  0]LogContentStreaming: Texture pool size now 1000 MB
