Log file open, 12/26/25 08:38:21
LogWindows: Failed to load 'aqProf.dll' (GetLastError=126)
LogWindows: File 'aqProf.dll' does not exist
LogWindows: Failed to load 'VtuneApi.dll' (GetLastError=126)
LogWindows: File 'VtuneApi.dll' does not exist
LogWindows: Failed to load 'VtuneApi32e.dll' (GetLastError=126)
LogWindows: File 'VtuneApi32e.dll' does not exist
LogConsoleResponse: Display: Failed to find resolution value strings in scalability ini. Falling back to default.
LogConsoleResponse: Display: Failed to find resolution value strings in scalability ini. Falling back to default.
LogInit: Display: Running engine for game: MyProject
LogPlatformFile: Not using cached read wrapper
LogTaskGraph: Started task graph with 5 named threads and 71 total threads with 3 sets of task threads.
LogStats: Stats thread started at 0.233341
LogICUInternationalization: ICU TimeZone Detection - Raw Offset: +9:00, Platform Override: ''
LogInit: Display: Loading text-based GConfig....
LogPluginManager: Mounting plugin MeshPainting
LogPluginManager: Mounting plugin XGEController
LogPluginManager: Mounting plugin Paper2D
LogPluginManager: Mounting plugin GameplayCameras
LogPluginManager: Mounting plugin AISupport
LogPluginManager: Mounting plugin EnvironmentQueryEditor
LogPluginManager: Mounting plugin LightPropagationVolume
LogPluginManager: Mounting plugin OodleData
LogPluginManager: Mounting plugin CameraShakePreviewer
LogPluginManager: Mounting plugin OodleNetwork
LogPluginManager: Mounting plugin Niagara
LogPluginManager: Mounting plugin LiveLink
LogPluginManager: Mounting plugin DatasmithContent
LogPluginManager: Mounting plugin AnimationSharing
LogPluginManager: Mounting plugin CLionSourceCodeAccess
LogPluginManager: Mounting plugin PerforceSourceControl
LogPluginManager: Mounting plugin GitSourceControl
LogPluginManager: Mounting plugin CodeLiteSourceCodeAccess
LogPluginManager: Mounting plugin VariantManagerContent
LogPluginManager: Mounting plugin KDevelopSourceCodeAccess
LogPluginManager: Mounting plugin NullSourceCodeAccess
LogPluginManager: Mounting plugin PixWinPlugin
LogPluginManager: Mounting plugin PluginUtils
LogPluginManager: Mounting plugin PlasticSourceControl
LogPluginManager: Mounting plugin SubversionSourceControl
LogPluginManager: Mounting plugin PropertyAccessNode
LogPluginManager: Mounting plugin VisualStudioCodeSourceCodeAccess
LogPluginManager: Mounting plugin VisualStudioSourceCodeAccess
LogPluginManager: Mounting plugin AssetManagerEditor
LogPluginManager: Mounting plugin UObjectPlugin
LogPluginManager: Mounting plugin RiderSourceCodeAccess
LogPluginManager: Mounting plugin XCodeSourceCodeAccess
LogPluginManager: Mounting plugin TextureFormatOodle
LogPluginManager: Mounting plugin LauncherChunkInstaller
LogPluginManager: Mounting plugin DataValidation
LogPluginManager: Mounting plugin CurveEditorTools
LogPluginManager: Mounting plugin GameplayTagsEditor
LogPluginManager: Mounting plugin CryptoKeys
LogPluginManager: Mounting plugin MaterialAnalyzer
LogPluginManager: Mounting plugin LuminPlatformFeatures
LogPluginManager: Mounting plugin FacialAnimation
LogPluginManager: Mounting plugin PluginBrowser
LogPluginManager: Mounting plugin MacGraphicsSwitching
LogPluginManager: Mounting plugin MobileLauncherProfileWizard
LogPluginManager: Mounting plugin GeometryMode
LogPluginManager: Mounting plugin MagicLeap
LogPluginManager: Mounting plugin MagicLeapMedia
LogPluginManager: Mounting plugin SpeedTreeImporter
LogPluginManager: Mounting plugin MagicLeapLightEstimation
LogPluginManager: Mounting plugin MagicLeapPassableWorld
LogPluginManager: Mounting plugin MLSDK
LogPluginManager: Mounting plugin OnlineSubsystem
LogPluginManager: Mounting plugin OnlineSubsystemUtils
LogPluginManager: Mounting plugin OnlineSubsystemNull
LogPluginManager: Mounting plugin AndroidMedia
LogPluginManager: Mounting plugin AvfMedia
LogPluginManager: Mounting plugin ImgMedia
LogPluginManager: Mounting plugin MediaCompositing
LogPluginManager: Mounting plugin MediaPlayerEditor
LogPluginManager: Mounting plugin WmfMedia
LogPluginManager: Mounting plugin LevelSequenceEditor
LogPluginManager: Mounting plugin MatineeToLevelSequence
LogPluginManager: Mounting plugin ActorSequence
LogPluginManager: Mounting plugin TemplateSequence
LogPluginManager: Mounting plugin WebMMedia
LogPluginManager: Mounting plugin TcpMessaging
LogPluginManager: Mounting plugin UdpMessaging
LogPluginManager: Mounting plugin ScreenshotTools
LogPluginManager: Mounting plugin Takes
LogPluginManager: Mounting plugin AppleImageUtils
LogPluginManager: Mounting plugin AndroidPermission
LogPluginManager: Mounting plugin ActorLayerUtilities
LogPluginManager: Mounting plugin AndroidMoviePlayer
LogPluginManager: Mounting plugin AndroidDeviceProfileSelector
LogPluginManager: Mounting plugin ChunkDownloader
LogPluginManager: Mounting plugin AssetTags
LogPluginManager: Mounting plugin EditableMesh
LogPluginManager: Mounting plugin AppleMoviePlayer
LogPluginManager: Mounting plugin ArchVisCharacter
LogPluginManager: Mounting plugin AudioCapture
LogPluginManager: Mounting plugin CustomMeshComponent
LogPluginManager: Mounting plugin CableComponent
LogPluginManager: Mounting plugin ExampleDeviceProfileSelector
LogPluginManager: Mounting plugin AudioSynesthesia
LogPluginManager: Mounting plugin GooglePAD
LogPluginManager: Mounting plugin GoogleCloudMessaging
LogPluginManager: Mounting plugin BackChannel
LogPluginManager: Mounting plugin AutomationUtils
LogPluginManager: Mounting plugin AlembicImporter
LogPluginManager: Mounting plugin ChaosEditor
LogPluginManager: Mounting plugin ChaosCloth
LogPluginManager: Mounting plugin ChaosNiagara
LogPluginManager: Mounting plugin CharacterAI
LogPluginManager: Mounting plugin ChaosClothEditor
LogPluginManager: Mounting plugin ChaosSolverPlugin
LogPluginManager: Mounting plugin GeometryCache
LogPluginManager: Mounting plugin IOSDeviceProfileSelector
LogPluginManager: Mounting plugin GeometryCollectionPlugin
LogPluginManager: Mounting plugin LinuxDeviceProfileSelector
LogPluginManager: Mounting plugin LocationServicesBPLibrary
LogPluginManager: Mounting plugin GeometryProcessing
LogPluginManager: Mounting plugin MobilePatchingUtils
LogPluginManager: Mounting plugin OpenXR
LogPluginManager: Mounting plugin OpenImageDenoise
LogPluginManager: Mounting plugin PlatformCrypto
LogPluginManager: Mounting plugin ProxyLODPlugin
LogPluginManager: Mounting plugin PlanarCut
LogPluginManager: Mounting plugin OpenXREyeTracker
LogPluginManager: Mounting plugin PostSplashScreen
LogPluginManager: Mounting plugin MotoSynth
LogPluginManager: Mounting plugin OpenXRHandTracking
LogPluginManager: Mounting plugin PythonScriptPlugin
LogPluginManager: Mounting plugin PhysXVehicles
LogPluginManager: Mounting plugin ProceduralMeshComponent
LogPluginManager: Mounting plugin SkeletalReduction
LogPluginManager: Mounting plugin PropertyAccessEditor
LogPluginManager: Mounting plugin RuntimePhysXCooking
LogPluginManager: Mounting plugin SoundFields
LogPluginManager: Mounting plugin SignificanceManager
LogPluginManager: Mounting plugin Synthesis
LogPluginManager: Mounting plugin WindowsMoviePlayer
LogPluginManager: Mounting plugin WebMMoviePlayer
LogPluginManager: Mounting plugin RiderLink
LogPluginManager: Mounting plugin ContentBrowserFileDataSource
LogPluginManager: Mounting plugin ContentBrowserClassDataSource
LogPluginManager: Mounting plugin ContentBrowserAssetDataSource
LogPluginManager: Mounting plugin OnlineSubsystemGooglePlay
LogPluginManager: Mounting plugin OnlineSubsystemIOS
LogPluginManager: Mounting plugin OculusVR
LogPluginManager: Mounting plugin SteamVR
PixWinPlugin: PIX capture plugin failed to initialize! Check that the process is launched from PIX.
LogInit: Using libcurl 7.55.1-DEV
LogInit:  - built for x86_64-pc-win32
LogInit:  - supports SSL with OpenSSL/1.1.1
LogInit:  - supports HTTP deflate (compression) using libz 1.2.8
LogInit:  - other features:
LogInit:      CURL_VERSION_SSL
LogInit:      CURL_VERSION_LIBZ
LogInit:      CURL_VERSION_IPV6
LogInit:      CURL_VERSION_ASYNCHDNS
LogInit:      CURL_VERSION_LARGEFILE
LogInit:      CURL_VERSION_IDN
LogInit:  CurlRequestOptions (configurable via config and command line):
LogInit:  - bVerifyPeer = true  - Libcurl will verify peer certificate
LogInit:  - bUseHttpProxy = false  - Libcurl will NOT use HTTP proxy
LogInit:  - bDontReuseConnections = false  - Libcurl will reuse connections
LogInit:  - MaxHostConnections = 16  - Libcurl will limit the number of connections to a host
LogInit:  - LocalHostAddr = Default
LogInit:  - BufferSize = 65536
LogOnline: OSS: Creating online subsystem instance for: NULL
LogInit: WinSock: version 1.1 (2.2), MaxSocks=32767, MaxUdp=65467
LogOnline: OSS: TryLoadSubsystemAndSetDefault: Loaded subsystem for module [NULL]
LogOculusPluginWrapper: OculusPlugin initialized successfully
LogHMD: Failed initializing OVRPlugin 1.59.0
LogInit: Build: ++UE4+Release-4.27-CL-18319896
LogInit: Engine Version: 4.27.2-18319896+++UE4+Release-4.27
LogInit: Compatible Engine Version: 4.27.0-17155196+++UE4+Release-4.27
LogInit: Net CL: 17155196
LogInit: OS: Windows 10 (Release 2009) (), CPU: 13th Gen Intel(R) Core(TM) i7-13700, GPU: NVIDIA GeForce RTX 4070
LogInit: Compiled (64-bit): Nov 30 2021 07:12:08
LogInit: Compiled with Visual C++: 19.24.28315.00
LogInit: Build Configuration: Development
LogInit: Branch Name: ++UE4+Release-4.27
LogInit: Command Line: 
LogInit: Base Directory: C:/Program Files/Epic Games/UE_4.27/Engine/Binaries/Win64/
LogInit: Allocator: TBB
LogInit: Installed Engine Build: 1
LogDevObjectVersion: Number of dev versions registered: 29
LogDevObjectVersion:   Dev-Blueprints (B0D832E4-1F89-4F0D-ACCF-7EB736FD4AA2): 10
LogDevObjectVersion:   Dev-Build (E1C64328-A22C-4D53-A36C-8E866417BD8C): 0
LogDevObjectVersion:   Dev-Core (375EC13C-06E4-48FB-B500-84F0262A717E): 4
LogDevObjectVersion:   Dev-Editor (E4B068ED-F494-42E9-A231-DA0B2E46BB41): 40
LogDevObjectVersion:   Dev-Framework (CFFC743F-43B0-4480-9391-14DF171D2073): 37
LogDevObjectVersion:   Dev-Mobile (B02B49B5-BB20-44E9-A304-32B752E40360): 3
LogDevObjectVersion:   Dev-Networking (A4E4105C-59A1-49B5-A7C5-40C4547EDFEE): 0
LogDevObjectVersion:   Dev-Online (39C831C9-5AE6-47DC-9A44-9C173E1C8E7C): 0
LogDevObjectVersion:   Dev-Physics (78F01B33-EBEA-4F98-B9B4-84EACCB95AA2): 14
LogDevObjectVersion:   Dev-Platform (6631380F-2D4D-43E0-8009-CF276956A95A): 0
LogDevObjectVersion:   Dev-Rendering (12F88B9F-8875-4AFC-A67C-D90C383ABD29): 45
LogDevObjectVersion:   Dev-Sequencer (7B5AE74C-D270-4C10-A958-57980B212A5A): 13
LogDevObjectVersion:   Dev-VR (D7296918-1DD6-4BDD-9DE2-64A83CC13884): 3
LogDevObjectVersion:   Dev-LoadTimes (C2A15278-BFE7-4AFE-6C17-90FF531DF755): 1
LogDevObjectVersion:   Private-Geometry (6EACA3D4-40EC-4CC1-B786-8BED09428FC5): 3
LogDevObjectVersion:   Dev-AnimPhys (29E575DD-E0A3-4627-9D10-D276232CDCEA): 17
LogDevObjectVersion:   Dev-Anim (AF43A65D-7FD3-4947-9873-3E8ED9C1BB05): 15
LogDevObjectVersion:   Dev-ReflectionCapture (6B266CEC-1EC7-4B8F-A30B-E4D90942FC07): 1
LogDevObjectVersion:   Dev-Automation (0DF73D61-A23F-47EA-B727-89E90C41499A): 1
LogDevObjectVersion:   FortniteMain (601D1886-AC64-4F84-AA16-D3DE0DEAC7D6): 47
LogDevObjectVersion:   FortniteRelease (E7086368-6B23-4C58-8439-1B7016265E91): 1
LogDevObjectVersion:   Dev-Enterprise (9DFFBCD6-494F-0158-E221-12823C92A888): 10
LogDevObjectVersion:   Dev-Niagara (F2AED0AC-9AFE-416F-8664-AA7FFA26D6FC): 1
LogDevObjectVersion:   Dev-Destruction (174F1F0B-B4C6-45A5-B13F-2EE8D0FB917D): 10
LogDevObjectVersion:   Dev-Physics-Ext (35F94A83-E258-406C-A318-09F59610247C): 41
LogDevObjectVersion:   Dev-PhysicsMaterial-Chaos (B68FC16E-8B1B-42E2-B453-215C058844FE): 1
LogDevObjectVersion:   Dev-CineCamera (B2E18506-4273-CFC2-A54E-F4BB758BBA07): 1
LogDevObjectVersion:   Dev-VirtualProduction (64F58936-FD1B-42BA-BA96-7289D5D0FA4E): 1
LogDevObjectVersion:   Dev-MediaFramework (6F0ED827-A609-4895-9C91-998D90180EA4): 2
LogInit: Presizing for max 25165824 objects, including 0 objects not considered by GC, pre-allocating 0 bytes for permanent pool.
LogConfig: Applying CVar settings from Section [/Script/Engine.StreamingSettings] File [C:/UEProject/UnrealLearn/MyProject/Saved/Config/Windows/Engine.ini]
LogConfig: Setting CVar [[s.MinBulkDataSizeForAsyncLoading:131072]]
LogConfig: Setting CVar [[s.AsyncLoadingThreadEnabled:0]]
LogConfig: Setting CVar [[s.EventDrivenLoaderEnabled:1]]
LogConfig: Setting CVar [[s.WarnIfTimeLimitExceeded:0]]
LogConfig: Setting CVar [[s.TimeLimitExceededMultiplier:1.5]]
LogConfig: Setting CVar [[s.TimeLimitExceededMinTime:0.005]]
LogConfig: Setting CVar [[s.UseBackgroundLevelStreaming:1]]
LogConfig: Setting CVar [[s.PriorityAsyncLoadingExtraTime:15.0]]
LogConfig: Setting CVar [[s.LevelStreamingActorsUpdateTimeLimit:5.0]]
LogConfig: Setting CVar [[s.PriorityLevelStreamingActorsUpdateExtraTime:5.0]]
LogConfig: Setting CVar [[s.LevelStreamingComponentsRegistrationGranularity:10]]
LogConfig: Setting CVar [[s.UnregisterComponentsTimeLimit:1.0]]
LogConfig: Setting CVar [[s.LevelStreamingComponentsUnregistrationGranularity:5]]
LogConfig: Setting CVar [[s.FlushStreamingOnExit:1]]
LogInit: Object subsystem initialized
LogConfig: Setting CVar [[con.DebugEarlyDefault:1]]
LogConfig: Setting CVar [[r.setres:1280x720]]
[2025.12.25-23.38.23:285][  0]LogConfig: Setting CVar [[r.VSync:0]]
[2025.12.25-23.38.23:285][  0]LogConfig: Setting CVar [[r.RHICmdBypass:0]]
[2025.12.25-23.38.23:285][  0]LogConfig: Applying CVar settings from Section [/Script/Engine.RendererSettings] File [C:/UEProject/UnrealLearn/MyProject/Saved/Config/Windows/Engine.ini]
[2025.12.25-23.38.23:285][  0]LogConfig: Setting CVar [[r.GPUCrashDebugging:0]]
[2025.12.25-23.38.23:285][  0]LogConfig: Applying CVar settings from Section [/Script/Engine.RendererOverrideSettings] File [C:/UEProject/UnrealLearn/MyProject/Saved/Config/Windows/Engine.ini]
[2025.12.25-23.38.23:285][  0]LogConfig: Applying CVar settings from Section [/Script/Engine.StreamingSettings] File [C:/UEProject/UnrealLearn/MyProject/Saved/Config/Windows/Engine.ini]
[2025.12.25-23.38.23:286][  0]LogConfig: Setting CVar [[s.MinBulkDataSizeForAsyncLoading:131072]]
[2025.12.25-23.38.23:286][  0]LogConfig: Setting CVar [[s.AsyncLoadingThreadEnabled:0]]
[2025.12.25-23.38.23:286][  0]LogConfig: Setting CVar [[s.EventDrivenLoaderEnabled:1]]
[2025.12.25-23.38.23:286][  0]LogConfig: Setting CVar [[s.WarnIfTimeLimitExceeded:0]]
[2025.12.25-23.38.23:286][  0]LogConfig: Setting CVar [[s.TimeLimitExceededMultiplier:1.5]]
[2025.12.25-23.38.23:286][  0]LogConfig: Setting CVar [[s.TimeLimitExceededMinTime:0.005]]
[2025.12.25-23.38.23:286][  0]LogConfig: Setting CVar [[s.UseBackgroundLevelStreaming:1]]
[2025.12.25-23.38.23:286][  0]LogConfig: Setting CVar [[s.PriorityAsyncLoadingExtraTime:15.0]]
[2025.12.25-23.38.23:286][  0]LogConfig: Setting CVar [[s.LevelStreamingActorsUpdateTimeLimit:5.0]]
[2025.12.25-23.38.23:286][  0]LogConfig: Setting CVar [[s.PriorityLevelStreamingActorsUpdateExtraTime:5.0]]
[2025.12.25-23.38.23:286][  0]LogConfig: Setting CVar [[s.LevelStreamingComponentsRegistrationGranularity:10]]
[2025.12.25-23.38.23:286][  0]LogConfig: Setting CVar [[s.UnregisterComponentsTimeLimit:1.0]]
[2025.12.25-23.38.23:286][  0]LogConfig: Setting CVar [[s.LevelStreamingComponentsUnregistrationGranularity:5]]
[2025.12.25-23.38.23:286][  0]LogConfig: Setting CVar [[s.FlushStreamingOnExit:1]]
[2025.12.25-23.38.23:286][  0]LogConfig: Applying CVar settings from Section [/Script/Engine.GarbageCollectionSettings] File [C:/UEProject/UnrealLearn/MyProject/Saved/Config/Windows/Engine.ini]
[2025.12.25-23.38.23:286][  0]LogConfig: Setting CVar [[gc.MaxObjectsNotConsideredByGC:1]]
[2025.12.25-23.38.23:286][  0]LogConfig: Setting CVar [[gc.SizeOfPermanentObjectPool:0]]
[2025.12.25-23.38.23:286][  0]LogConfig: Setting CVar [[gc.FlushStreamingOnGC:0]]
[2025.12.25-23.38.23:286][  0]LogConfig: Setting CVar [[gc.NumRetriesBeforeForcingGC:10]]
[2025.12.25-23.38.23:286][  0]LogConfig: Setting CVar [[gc.AllowParallelGC:1]]
[2025.12.25-23.38.23:286][  0]LogConfig: Setting CVar [[gc.TimeBetweenPurgingPendingKillObjects:61.1]]
[2025.12.25-23.38.23:286][  0]LogConfig: Setting CVar [[gc.MaxObjectsInEditor:25165824]]
[2025.12.25-23.38.23:286][  0]LogConfig: Setting CVar [[gc.IncrementalBeginDestroyEnabled:1]]
[2025.12.25-23.38.23:286][  0]LogConfig: Setting CVar [[gc.CreateGCClusters:1]]
[2025.12.25-23.38.23:286][  0]LogConfig: Setting CVar [[gc.MinGCClusterSize:5]]
[2025.12.25-23.38.23:286][  0]LogConfig: Setting CVar [[gc.ActorClusteringEnabled:0]]
[2025.12.25-23.38.23:286][  0]LogConfig: Setting CVar [[gc.BlueprintClusteringEnabled:0]]
[2025.12.25-23.38.23:286][  0]LogConfig: Setting CVar [[gc.UseDisregardForGCOnDedicatedServers:0]]
[2025.12.25-23.38.23:286][  0]LogConfig: Setting CVar [[gc.MultithreadedDestructionEnabled:1]]
[2025.12.25-23.38.23:286][  0]LogConfig: Applying CVar settings from Section [/Script/Engine.NetworkSettings] File [C:/UEProject/UnrealLearn/MyProject/Saved/Config/Windows/Engine.ini]
[2025.12.25-23.38.23:286][  0]LogConfig: Applying CVar settings from Section [/Script/UnrealEd.CookerSettings] File [C:/UEProject/UnrealLearn/MyProject/Saved/Config/Windows/Engine.ini]
[2025.12.25-23.38.23:325][  0]LogConfig: Applying CVar settings from Section [ViewDistanceQuality@3] File [C:/UEProject/UnrealLearn/MyProject/Saved/Config/Windows/Scalability.ini]
[2025.12.25-23.38.23:325][  0]LogConfig: Setting CVar [[r.SkeletalMeshLODBias:0]]
[2025.12.25-23.38.23:325][  0]LogConfig: Setting CVar [[r.ViewDistanceScale:1.0]]
[2025.12.25-23.38.23:325][  0]LogConfig: Applying CVar settings from Section [AntiAliasingQuality@3] File [C:/UEProject/UnrealLearn/MyProject/Saved/Config/Windows/Scalability.ini]
[2025.12.25-23.38.23:325][  0]LogConfig: Setting CVar [[r.PostProcessAAQuality:4]]
[2025.12.25-23.38.23:325][  0]LogConfig: Applying CVar settings from Section [ShadowQuality@3] File [C:/UEProject/UnrealLearn/MyProject/Saved/Config/Windows/Scalability.ini]
[2025.12.25-23.38.23:325][  0]LogConfig: Setting CVar [[r.LightFunctionQuality:1]]
[2025.12.25-23.38.23:325][  0]LogConfig: Setting CVar [[r.ShadowQuality:5]]
[2025.12.25-23.38.23:325][  0]LogConfig: Setting CVar [[r.Shadow.CSM.MaxCascades:10]]
[2025.12.25-23.38.23:325][  0]LogConfig: Setting CVar [[r.Shadow.MaxResolution:2048]]
[2025.12.25-23.38.23:325][  0]LogConfig: Setting CVar [[r.Shadow.MaxCSMResolution:2048]]
[2025.12.25-23.38.23:325][  0]LogConfig: Setting CVar [[r.Shadow.RadiusThreshold:0.01]]
[2025.12.25-23.38.23:325][  0]LogConfig: Setting CVar [[r.Shadow.DistanceScale:1.0]]
[2025.12.25-23.38.23:325][  0]LogConfig: Setting CVar [[r.Shadow.CSM.TransitionScale:1.0]]
[2025.12.25-23.38.23:325][  0]LogConfig: Setting CVar [[r.Shadow.PreShadowResolutionFactor:1.0]]
[2025.12.25-23.38.23:325][  0]LogConfig: Setting CVar [[r.DistanceFieldShadowing:1]]
[2025.12.25-23.38.23:325][  0]LogConfig: Setting CVar [[r.DistanceFieldAO:1]]
[2025.12.25-23.38.23:325][  0]LogConfig: Setting CVar [[r.AOQuality:2]]
[2025.12.25-23.38.23:325][  0]LogConfig: Setting CVar [[r.VolumetricFog:1]]
[2025.12.25-23.38.23:325][  0]LogConfig: Setting CVar [[r.VolumetricFog.GridPixelSize:8]]
[2025.12.25-23.38.23:325][  0]LogConfig: Setting CVar [[r.VolumetricFog.GridSizeZ:128]]
[2025.12.25-23.38.23:325][  0]LogConfig: Setting CVar [[r.VolumetricFog.HistoryMissSupersampleCount:4]]
[2025.12.25-23.38.23:325][  0]LogConfig: Setting CVar [[r.LightMaxDrawDistanceScale:1]]
[2025.12.25-23.38.23:325][  0]LogConfig: Setting CVar [[r.CapsuleShadows:1]]
[2025.12.25-23.38.23:325][  0]LogConfig: Applying CVar settings from Section [PostProcessQuality@3] File [C:/UEProject/UnrealLearn/MyProject/Saved/Config/Windows/Scalability.ini]
[2025.12.25-23.38.23:325][  0]LogConfig: Setting CVar [[r.MotionBlurQuality:4]]
[2025.12.25-23.38.23:325][  0]LogConfig: Setting CVar [[r.AmbientOcclusionMipLevelFactor:0.4]]
[2025.12.25-23.38.23:325][  0]LogConfig: Setting CVar [[r.AmbientOcclusionMaxQuality:100]]
[2025.12.25-23.38.23:325][  0]LogConfig: Setting CVar [[r.AmbientOcclusionLevels:-1]]
[2025.12.25-23.38.23:325][  0]LogConfig: Setting CVar [[r.AmbientOcclusionRadiusScale:1.0]]
[2025.12.25-23.38.23:325][  0]LogConfig: Setting CVar [[r.DepthOfFieldQuality:2]]
[2025.12.25-23.38.23:325][  0]LogConfig: Setting CVar [[r.RenderTargetPoolMin:400]]
[2025.12.25-23.38.23:325][  0]LogConfig: Setting CVar [[r.LensFlareQuality:2]]
[2025.12.25-23.38.23:325][  0]LogConfig: Setting CVar [[r.SceneColorFringeQuality:1]]
[2025.12.25-23.38.23:325][  0]LogConfig: Setting CVar [[r.EyeAdaptationQuality:2]]
[2025.12.25-23.38.23:325][  0]LogConfig: Setting CVar [[r.BloomQuality:5]]
[2025.12.25-23.38.23:325][  0]LogConfig: Setting CVar [[r.FastBlurThreshold:100]]
[2025.12.25-23.38.23:325][  0]LogConfig: Setting CVar [[r.Upscale.Quality:3]]
[2025.12.25-23.38.23:325][  0]LogConfig: Setting CVar [[r.Tonemapper.GrainQuantization:1]]
[2025.12.25-23.38.23:325][  0]LogConfig: Setting CVar [[r.LightShaftQuality:1]]
[2025.12.25-23.38.23:325][  0]LogConfig: Setting CVar [[r.Filter.SizeScale:1]]
[2025.12.25-23.38.23:325][  0]LogConfig: Setting CVar [[r.Tonemapper.Quality:5]]
[2025.12.25-23.38.23:325][  0]LogConfig: Setting CVar [[r.DOF.Gather.AccumulatorQuality:1        ; higher gathering accumulator quality]]
[2025.12.25-23.38.23:325][  0]LogConfig: Setting CVar [[r.DOF.Gather.PostfilterMethod:1          ; Median3x3 postfilering method]]
[2025.12.25-23.38.23:325][  0]LogConfig: Setting CVar [[r.DOF.Gather.EnableBokehSettings:0       ; no bokeh simulation when gathering]]
[2025.12.25-23.38.23:325][  0]LogConfig: Setting CVar [[r.DOF.Gather.RingCount:4                 ; medium number of samples when gathering]]
[2025.12.25-23.38.23:325][  0]LogConfig: Setting CVar [[r.DOF.Scatter.ForegroundCompositing:1    ; additive foreground scattering]]
[2025.12.25-23.38.23:325][  0]LogConfig: Setting CVar [[r.DOF.Scatter.BackgroundCompositing:2    ; additive background scattering]]
[2025.12.25-23.38.23:325][  0]LogConfig: Setting CVar [[r.DOF.Scatter.EnableBokehSettings:1      ; bokeh simulation when scattering]]
[2025.12.25-23.38.23:325][  0]LogConfig: Setting CVar [[r.DOF.Scatter.MaxSpriteRatio:0.1         ; only a maximum of 10% of scattered bokeh]]
[2025.12.25-23.38.23:325][  0]LogConfig: Setting CVar [[r.DOF.Recombine.Quality:1                ; cheap slight out of focus]]
[2025.12.25-23.38.23:325][  0]LogConfig: Setting CVar [[r.DOF.Recombine.EnableBokehSettings:0    ; no bokeh simulation on slight out of focus]]
[2025.12.25-23.38.23:325][  0]LogConfig: Setting CVar [[r.DOF.TemporalAAQuality:1                ; more stable temporal accumulation]]
[2025.12.25-23.38.23:325][  0]LogConfig: Setting CVar [[r.DOF.Kernel.MaxForegroundRadius:0.025]]
[2025.12.25-23.38.23:325][  0]LogConfig: Setting CVar [[r.DOF.Kernel.MaxBackgroundRadius:0.025]]
[2025.12.25-23.38.23:325][  0]LogConfig: Applying CVar settings from Section [TextureQuality@3] File [C:/UEProject/UnrealLearn/MyProject/Saved/Config/Windows/Scalability.ini]
[2025.12.25-23.38.23:325][  0]LogConfig: Setting CVar [[r.Streaming.MipBias:0]]
[2025.12.25-23.38.23:325][  0]LogConfig: Setting CVar [[r.Streaming.AmortizeCPUToGPUCopy:0]]
[2025.12.25-23.38.23:325][  0]LogConfig: Setting CVar [[r.Streaming.MaxNumTexturesToStreamPerFrame:0]]
[2025.12.25-23.38.23:325][  0]LogConfig: Setting CVar [[r.Streaming.Boost:1]]
[2025.12.25-23.38.23:325][  0]LogConfig: Setting CVar [[r.MaxAnisotropy:8]]
[2025.12.25-23.38.23:325][  0]LogConfig: Setting CVar [[r.VT.MaxAnisotropy:8]]
[2025.12.25-23.38.23:325][  0]LogConfig: Setting CVar [[r.Streaming.LimitPoolSizeToVRAM:0]]
[2025.12.25-23.38.23:325][  0]LogConfig: Setting CVar [[r.Streaming.PoolSize:1000]]
[2025.12.25-23.38.23:325][  0]LogConfig: Setting CVar [[r.Streaming.MaxEffectiveScreenSize:0]]
[2025.12.25-23.38.23:325][  0]LogConfig: Applying CVar settings from Section [EffectsQuality@3] File [C:/UEProject/UnrealLearn/MyProject/Saved/Config/Windows/Scalability.ini]
[2025.12.25-23.38.23:325][  0]LogConfig: Setting CVar [[r.TranslucencyLightingVolumeDim:64]]
[2025.12.25-23.38.23:325][  0]LogConfig: Setting CVar [[r.RefractionQuality:2]]
[2025.12.25-23.38.23:325][  0]LogConfig: Setting CVar [[r.SSR.Quality:3]]
[2025.12.25-23.38.23:325][  0]LogConfig: Setting CVar [[r.SSR.HalfResSceneColor:0]]
[2025.12.25-23.38.23:325][  0]LogConfig: Setting CVar [[r.SceneColorFormat:4]]
[2025.12.25-23.38.23:325][  0]LogConfig: Setting CVar [[r.DetailMode:2]]
[2025.12.25-23.38.23:325][  0]LogConfig: Setting CVar [[r.TranslucencyVolumeBlur:1]]
[2025.12.25-23.38.23:325][  0]LogConfig: Setting CVar [[r.MaterialQualityLevel:1 ; High quality]]
[2025.12.25-23.38.23:325][  0]LogConfig: Setting CVar [[r.AnisotropicMaterials:1]]
[2025.12.25-23.38.23:325][  0]LogConfig: Setting CVar [[r.SSS.Scale:1]]
[2025.12.25-23.38.23:325][  0]LogConfig: Setting CVar [[r.SSS.SampleSet:2]]
[2025.12.25-23.38.23:325][  0]LogConfig: Setting CVar [[r.SSS.Quality:1]]
[2025.12.25-23.38.23:325][  0]LogConfig: Setting CVar [[r.SSS.HalfRes:0]]
[2025.12.25-23.38.23:325][  0]LogConfig: Setting CVar [[r.SSGI.Quality:3]]
[2025.12.25-23.38.23:325][  0]LogConfig: Setting CVar [[r.EmitterSpawnRateScale:1.0]]
[2025.12.25-23.38.23:325][  0]LogConfig: Setting CVar [[r.ParticleLightQuality:2]]
[2025.12.25-23.38.23:325][  0]LogConfig: Setting CVar [[r.SkyAtmosphere.AerialPerspectiveLUT.FastApplyOnOpaque:1 ; Always have FastSkyLUT 1 in this case to avoid wrong sky]]
[2025.12.25-23.38.23:325][  0]LogConfig: Setting CVar [[r.SkyAtmosphere.AerialPerspectiveLUT.SampleCountMaxPerSlice:4]]
[2025.12.25-23.38.23:325][  0]LogConfig: Setting CVar [[r.SkyAtmosphere.AerialPerspectiveLUT.DepthResolution:16.0]]
[2025.12.25-23.38.23:325][  0]LogConfig: Setting CVar [[r.SkyAtmosphere.FastSkyLUT:1]]
[2025.12.25-23.38.23:325][  0]LogConfig: Setting CVar [[r.SkyAtmosphere.FastSkyLUT.SampleCountMin:4.0]]
[2025.12.25-23.38.23:325][  0]LogConfig: Setting CVar [[r.SkyAtmosphere.FastSkyLUT.SampleCountMax:128.0]]
[2025.12.25-23.38.23:325][  0]LogConfig: Setting CVar [[r.SkyAtmosphere.SampleCountMin:4.0]]
[2025.12.25-23.38.23:325][  0]LogConfig: Setting CVar [[r.SkyAtmosphere.SampleCountMax:128.0]]
[2025.12.25-23.38.23:325][  0]LogConfig: Setting CVar [[r.SkyAtmosphere.TransmittanceLUT.UseSmallFormat:0]]
[2025.12.25-23.38.23:325][  0]LogConfig: Setting CVar [[r.SkyAtmosphere.TransmittanceLUT.SampleCount:10.0]]
[2025.12.25-23.38.23:325][  0]LogConfig: Setting CVar [[r.SkyAtmosphere.MultiScatteringLUT.SampleCount:15.0]]
[2025.12.25-23.38.23:325][  0]LogConfig: Setting CVar [[r.SkyLight.RealTimeReflectionCapture:1]]
[2025.12.25-23.38.23:325][  0]LogConfig: Applying CVar settings from Section [FoliageQuality@3] File [C:/UEProject/UnrealLearn/MyProject/Saved/Config/Windows/Scalability.ini]
[2025.12.25-23.38.23:325][  0]LogConfig: Setting CVar [[foliage.DensityScale:1.0]]
[2025.12.25-23.38.23:325][  0]LogConfig: Setting CVar [[grass.DensityScale:1.0]]
[2025.12.25-23.38.23:325][  0]LogConfig: Applying CVar settings from Section [ShadingQuality@3] File [C:/UEProject/UnrealLearn/MyProject/Saved/Config/Windows/Scalability.ini]
[2025.12.25-23.38.23:325][  0]LogConfig: Setting CVar [[r.HairStrands.SkyLighting.IntegrationType:2]]
[2025.12.25-23.38.23:325][  0]LogConfig: Setting CVar [[r.HairStrands.SkyAO.SampleCount:4]]
[2025.12.25-23.38.23:325][  0]LogConfig: Setting CVar [[r.HairStrands.Visibility.MSAA.SamplePerPixel:4]]
[2025.12.25-23.38.23:326][  0]LogInit: Selected Device Profile: [Windows]
[2025.12.25-23.38.23:326][  0]LogInit: Applying CVar settings loaded from the selected device profile: [Windows]
[2025.12.25-23.38.23:327][  0]LogHAL: Display: Platform has ~ 14 GB [14665842688 / 17179869184 / 14], which maps to Larger [LargestMinGB=32, LargerMinGB=12, DefaultMinGB=8, SmallerMinGB=6, SmallestMinGB=0)
[2025.12.25-23.38.23:327][  0]LogInit: Going up to parent DeviceProfile []
[2025.12.25-23.38.23:327][  0]LogConfig: Applying CVar settings from Section [ViewDistanceQuality@3] File [C:/UEProject/UnrealLearn/MyProject/Saved/Config/Windows/Scalability.ini]
[2025.12.25-23.38.23:327][  0]LogConfig: Setting CVar [[r.SkeletalMeshLODBias:0]]
[2025.12.25-23.38.23:327][  0]LogConfig: Setting CVar [[r.ViewDistanceScale:1.0]]
[2025.12.25-23.38.23:327][  0]LogConfig: Applying CVar settings from Section [AntiAliasingQuality@3] File [C:/UEProject/UnrealLearn/MyProject/Saved/Config/Windows/Scalability.ini]
[2025.12.25-23.38.23:327][  0]LogConfig: Setting CVar [[r.PostProcessAAQuality:4]]
[2025.12.25-23.38.23:327][  0]LogConfig: Applying CVar settings from Section [ShadowQuality@3] File [C:/UEProject/UnrealLearn/MyProject/Saved/Config/Windows/Scalability.ini]
[2025.12.25-23.38.23:327][  0]LogConfig: Setting CVar [[r.LightFunctionQuality:1]]
[2025.12.25-23.38.23:327][  0]LogConfig: Setting CVar [[r.ShadowQuality:5]]
[2025.12.25-23.38.23:327][  0]LogConfig: Setting CVar [[r.Shadow.CSM.MaxCascades:10]]
[2025.12.25-23.38.23:327][  0]LogConfig: Setting CVar [[r.Shadow.MaxResolution:2048]]
[2025.12.25-23.38.23:327][  0]LogConfig: Setting CVar [[r.Shadow.MaxCSMResolution:2048]]
[2025.12.25-23.38.23:327][  0]LogConfig: Setting CVar [[r.Shadow.RadiusThreshold:0.01]]
[2025.12.25-23.38.23:327][  0]LogConfig: Setting CVar [[r.Shadow.DistanceScale:1.0]]
[2025.12.25-23.38.23:327][  0]LogConfig: Setting CVar [[r.Shadow.CSM.TransitionScale:1.0]]
[2025.12.25-23.38.23:327][  0]LogConfig: Setting CVar [[r.Shadow.PreShadowResolutionFactor:1.0]]
[2025.12.25-23.38.23:327][  0]LogConfig: Setting CVar [[r.DistanceFieldShadowing:1]]
[2025.12.25-23.38.23:327][  0]LogConfig: Setting CVar [[r.DistanceFieldAO:1]]
[2025.12.25-23.38.23:327][  0]LogConfig: Setting CVar [[r.AOQuality:2]]
[2025.12.25-23.38.23:327][  0]LogConfig: Setting CVar [[r.VolumetricFog:1]]
[2025.12.25-23.38.23:327][  0]LogConfig: Setting CVar [[r.VolumetricFog.GridPixelSize:8]]
[2025.12.25-23.38.23:327][  0]LogConfig: Setting CVar [[r.VolumetricFog.GridSizeZ:128]]
[2025.12.25-23.38.23:327][  0]LogConfig: Setting CVar [[r.VolumetricFog.HistoryMissSupersampleCount:4]]
[2025.12.25-23.38.23:327][  0]LogConfig: Setting CVar [[r.LightMaxDrawDistanceScale:1]]
[2025.12.25-23.38.23:327][  0]LogConfig: Setting CVar [[r.CapsuleShadows:1]]
[2025.12.25-23.38.23:327][  0]LogConfig: Applying CVar settings from Section [PostProcessQuality@3] File [C:/UEProject/UnrealLearn/MyProject/Saved/Config/Windows/Scalability.ini]
[2025.12.25-23.38.23:327][  0]LogConfig: Setting CVar [[r.MotionBlurQuality:4]]
[2025.12.25-23.38.23:327][  0]LogConfig: Setting CVar [[r.AmbientOcclusionMipLevelFactor:0.4]]
[2025.12.25-23.38.23:327][  0]LogConfig: Setting CVar [[r.AmbientOcclusionMaxQuality:100]]
[2025.12.25-23.38.23:327][  0]LogConfig: Setting CVar [[r.AmbientOcclusionLevels:-1]]
[2025.12.25-23.38.23:327][  0]LogConfig: Setting CVar [[r.AmbientOcclusionRadiusScale:1.0]]
[2025.12.25-23.38.23:327][  0]LogConfig: Setting CVar [[r.DepthOfFieldQuality:2]]
[2025.12.25-23.38.23:327][  0]LogConfig: Setting CVar [[r.RenderTargetPoolMin:400]]
[2025.12.25-23.38.23:327][  0]LogConfig: Setting CVar [[r.LensFlareQuality:2]]
[2025.12.25-23.38.23:327][  0]LogConfig: Setting CVar [[r.SceneColorFringeQuality:1]]
[2025.12.25-23.38.23:328][  0]LogConfig: Setting CVar [[r.EyeAdaptationQuality:2]]
[2025.12.25-23.38.23:328][  0]LogConfig: Setting CVar [[r.BloomQuality:5]]
[2025.12.25-23.38.23:328][  0]LogConfig: Setting CVar [[r.FastBlurThreshold:100]]
[2025.12.25-23.38.23:328][  0]LogConfig: Setting CVar [[r.Upscale.Quality:3]]
[2025.12.25-23.38.23:328][  0]LogConfig: Setting CVar [[r.Tonemapper.GrainQuantization:1]]
[2025.12.25-23.38.23:328][  0]LogConfig: Setting CVar [[r.LightShaftQuality:1]]
[2025.12.25-23.38.23:328][  0]LogConfig: Setting CVar [[r.Filter.SizeScale:1]]
[2025.12.25-23.38.23:328][  0]LogConfig: Setting CVar [[r.Tonemapper.Quality:5]]
[2025.12.25-23.38.23:328][  0]LogConfig: Setting CVar [[r.DOF.Gather.AccumulatorQuality:1        ; higher gathering accumulator quality]]
[2025.12.25-23.38.23:328][  0]LogConfig: Setting CVar [[r.DOF.Gather.PostfilterMethod:1          ; Median3x3 postfilering method]]
[2025.12.25-23.38.23:328][  0]LogConfig: Setting CVar [[r.DOF.Gather.EnableBokehSettings:0       ; no bokeh simulation when gathering]]
[2025.12.25-23.38.23:328][  0]LogConfig: Setting CVar [[r.DOF.Gather.RingCount:4                 ; medium number of samples when gathering]]
[2025.12.25-23.38.23:328][  0]LogConfig: Setting CVar [[r.DOF.Scatter.ForegroundCompositing:1    ; additive foreground scattering]]
[2025.12.25-23.38.23:328][  0]LogConfig: Setting CVar [[r.DOF.Scatter.BackgroundCompositing:2    ; additive background scattering]]
[2025.12.25-23.38.23:328][  0]LogConfig: Setting CVar [[r.DOF.Scatter.EnableBokehSettings:1      ; bokeh simulation when scattering]]
[2025.12.25-23.38.23:328][  0]LogConfig: Setting CVar [[r.DOF.Scatter.MaxSpriteRatio:0.1         ; only a maximum of 10% of scattered bokeh]]
[2025.12.25-23.38.23:328][  0]LogConfig: Setting CVar [[r.DOF.Recombine.Quality:1                ; cheap slight out of focus]]
[2025.12.25-23.38.23:328][  0]LogConfig: Setting CVar [[r.DOF.Recombine.EnableBokehSettings:0    ; no bokeh simulation on slight out of focus]]
[2025.12.25-23.38.23:328][  0]LogConfig: Setting CVar [[r.DOF.TemporalAAQuality:1                ; more stable temporal accumulation]]
[2025.12.25-23.38.23:328][  0]LogConfig: Setting CVar [[r.DOF.Kernel.MaxForegroundRadius:0.025]]
[2025.12.25-23.38.23:328][  0]LogConfig: Setting CVar [[r.DOF.Kernel.MaxBackgroundRadius:0.025]]
[2025.12.25-23.38.23:328][  0]LogConfig: Applying CVar settings from Section [TextureQuality@3] File [C:/UEProject/UnrealLearn/MyProject/Saved/Config/Windows/Scalability.ini]
[2025.12.25-23.38.23:328][  0]LogConfig: Setting CVar [[r.Streaming.MipBias:0]]
[2025.12.25-23.38.23:328][  0]LogConfig: Setting CVar [[r.Streaming.AmortizeCPUToGPUCopy:0]]
[2025.12.25-23.38.23:328][  0]LogConfig: Setting CVar [[r.Streaming.MaxNumTexturesToStreamPerFrame:0]]
[2025.12.25-23.38.23:328][  0]LogConfig: Setting CVar [[r.Streaming.Boost:1]]
[2025.12.25-23.38.23:328][  0]LogConfig: Setting CVar [[r.MaxAnisotropy:8]]
[2025.12.25-23.38.23:328][  0]LogConfig: Setting CVar [[r.VT.MaxAnisotropy:8]]
[2025.12.25-23.38.23:328][  0]LogConfig: Setting CVar [[r.Streaming.LimitPoolSizeToVRAM:0]]
[2025.12.25-23.38.23:328][  0]LogConfig: Setting CVar [[r.Streaming.PoolSize:1000]]
[2025.12.25-23.38.23:328][  0]LogConfig: Setting CVar [[r.Streaming.MaxEffectiveScreenSize:0]]
[2025.12.25-23.38.23:328][  0]LogConfig: Applying CVar settings from Section [EffectsQuality@3] File [C:/UEProject/UnrealLearn/MyProject/Saved/Config/Windows/Scalability.ini]
[2025.12.25-23.38.23:328][  0]LogConfig: Setting CVar [[r.TranslucencyLightingVolumeDim:64]]
[2025.12.25-23.38.23:328][  0]LogConfig: Setting CVar [[r.RefractionQuality:2]]
[2025.12.25-23.38.23:328][  0]LogConfig: Setting CVar [[r.SSR.Quality:3]]
[2025.12.25-23.38.23:328][  0]LogConfig: Setting CVar [[r.SSR.HalfResSceneColor:0]]
[2025.12.25-23.38.23:328][  0]LogConfig: Setting CVar [[r.SceneColorFormat:4]]
[2025.12.25-23.38.23:328][  0]LogConfig: Setting CVar [[r.DetailMode:2]]
[2025.12.25-23.38.23:328][  0]LogConfig: Setting CVar [[r.TranslucencyVolumeBlur:1]]
[2025.12.25-23.38.23:328][  0]LogConfig: Setting CVar [[r.MaterialQualityLevel:1 ; High quality]]
[2025.12.25-23.38.23:328][  0]LogConfig: Setting CVar [[r.AnisotropicMaterials:1]]
[2025.12.25-23.38.23:328][  0]LogConfig: Setting CVar [[r.SSS.Scale:1]]
[2025.12.25-23.38.23:328][  0]LogConfig: Setting CVar [[r.SSS.SampleSet:2]]
[2025.12.25-23.38.23:328][  0]LogConfig: Setting CVar [[r.SSS.Quality:1]]
[2025.12.25-23.38.23:328][  0]LogConfig: Setting CVar [[r.SSS.HalfRes:0]]
[2025.12.25-23.38.23:328][  0]LogConfig: Setting CVar [[r.SSGI.Quality:3]]
[2025.12.25-23.38.23:328][  0]LogConfig: Setting CVar [[r.EmitterSpawnRateScale:1.0]]
[2025.12.25-23.38.23:328][  0]LogConfig: Setting CVar [[r.ParticleLightQuality:2]]
[2025.12.25-23.38.23:328][  0]LogConfig: Setting CVar [[r.SkyAtmosphere.AerialPerspectiveLUT.FastApplyOnOpaque:1 ; Always have FastSkyLUT 1 in this case to avoid wrong sky]]
[2025.12.25-23.38.23:328][  0]LogConfig: Setting CVar [[r.SkyAtmosphere.AerialPerspectiveLUT.SampleCountMaxPerSlice:4]]
[2025.12.25-23.38.23:328][  0]LogConfig: Setting CVar [[r.SkyAtmosphere.AerialPerspectiveLUT.DepthResolution:16.0]]
[2025.12.25-23.38.23:328][  0]LogConfig: Setting CVar [[r.SkyAtmosphere.FastSkyLUT:1]]
[2025.12.25-23.38.23:328][  0]LogConfig: Setting CVar [[r.SkyAtmosphere.FastSkyLUT.SampleCountMin:4.0]]
[2025.12.25-23.38.23:328][  0]LogConfig: Setting CVar [[r.SkyAtmosphere.FastSkyLUT.SampleCountMax:128.0]]
[2025.12.25-23.38.23:328][  0]LogConfig: Setting CVar [[r.SkyAtmosphere.SampleCountMin:4.0]]
[2025.12.25-23.38.23:328][  0]LogConfig: Setting CVar [[r.SkyAtmosphere.SampleCountMax:128.0]]
[2025.12.25-23.38.23:328][  0]LogConfig: Setting CVar [[r.SkyAtmosphere.TransmittanceLUT.UseSmallFormat:0]]
[2025.12.25-23.38.23:328][  0]LogConfig: Setting CVar [[r.SkyAtmosphere.TransmittanceLUT.SampleCount:10.0]]
[2025.12.25-23.38.23:328][  0]LogConfig: Setting CVar [[r.SkyAtmosphere.MultiScatteringLUT.SampleCount:15.0]]
[2025.12.25-23.38.23:328][  0]LogConfig: Setting CVar [[r.SkyLight.RealTimeReflectionCapture:1]]
[2025.12.25-23.38.23:328][  0]LogConfig: Applying CVar settings from Section [FoliageQuality@3] File [C:/UEProject/UnrealLearn/MyProject/Saved/Config/Windows/Scalability.ini]
[2025.12.25-23.38.23:328][  0]LogConfig: Setting CVar [[foliage.DensityScale:1.0]]
[2025.12.25-23.38.23:328][  0]LogConfig: Setting CVar [[grass.DensityScale:1.0]]
[2025.12.25-23.38.23:328][  0]LogConfig: Applying CVar settings from Section [ShadingQuality@3] File [C:/UEProject/UnrealLearn/MyProject/Saved/Config/Windows/Scalability.ini]
[2025.12.25-23.38.23:328][  0]LogConfig: Setting CVar [[r.HairStrands.SkyLighting.IntegrationType:2]]
[2025.12.25-23.38.23:328][  0]LogConfig: Setting CVar [[r.HairStrands.SkyAO.SampleCount:4]]
[2025.12.25-23.38.23:328][  0]LogConfig: Setting CVar [[r.HairStrands.Visibility.MSAA.SamplePerPixel:4]]
[2025.12.25-23.38.23:328][  0]LogConfig: Applying CVar settings from Section [Startup] File [../../../Engine/Config/ConsoleVariables.ini]
[2025.12.25-23.38.23:336][  0]LogConfig: Setting CVar [[net.UseAdaptiveNetUpdateFrequency:0]]
[2025.12.25-23.38.23:336][  0]LogConfig: Setting CVar [[p.chaos.AllowCreatePhysxBodies:1]]
[2025.12.25-23.38.23:336][  0]LogConfig: Setting CVar [[fx.SkipVectorVMBackendOptimizations:1]]
[2025.12.25-23.38.23:336][  0]LogConfig: Applying CVar settings from Section [ConsoleVariables] File [C:/UEProject/UnrealLearn/MyProject/Saved/Config/Windows/Engine.ini]
[2025.12.25-23.38.23:336][  0]LogConfig: Applying CVar settings from Section [ConsoleVariables] File [C:/UEProject/UnrealLearn/MyProject/Saved/Config/Windows/Editor.ini]
[2025.12.25-23.38.23:336][  0]LogInit: Computer: MANKA-D-D-6017
[2025.12.25-23.38.23:336][  0]LogInit: User: LiamChen
[2025.12.25-23.38.23:336][  0]LogInit: CPU Page size=4096, Cores=16
[2025.12.25-23.38.23:336][  0]LogInit: High frequency timer resolution =10.000000 MHz
[2025.12.25-23.38.23:336][  0]LogMemory: Memory total: Physical=13.7GB (14GB approx)
[2025.12.25-23.38.23:337][  0]LogMemory: Platform Memory Stats for Windows
[2025.12.25-23.38.23:337][  0]LogMemory: Process Physical Memory: 159.41 MB used, 159.41 MB peak
[2025.12.25-23.38.23:337][  0]LogMemory: Process Virtual Memory: 136.57 MB used, 136.57 MB peak
[2025.12.25-23.38.23:337][  0]LogMemory: Physical Memory: 9211.93 MB used,  4774.51 MB free, 13986.44 MB total
[2025.12.25-23.38.23:337][  0]LogMemory: Virtual Memory: 134201880.00 MB used,  15850.68 MB free, 134217728.00 MB total
[2025.12.25-23.38.23:342][  0]LogWindows: WindowsPlatformFeatures enabled
[2025.12.25-23.38.23:394][  0]LogInit: Physics initialised using underlying interface: PhysX
[2025.12.25-23.38.23:396][  0]LogInit: Overriding language with editor language configuration option (en).
[2025.12.25-23.38.23:396][  0]LogInit: Overriding language with editor locale configuration option (en).
[2025.12.25-23.38.23:658][  0]LogInit: Setting process to per monitor DPI aware
[2025.12.25-23.38.23:742][  0]LogWindowsTextInputMethodSystem: Display: IME system deactivated.
[2025.12.25-23.38.23:782][  0]LogSlate: New Slate User Created.  User Index 0, Is Virtual User: 0
[2025.12.25-23.38.23:782][  0]LogSlate: Slate User Registered.  User Index 0, Is Virtual User: 0
[2025.12.25-23.38.26:487][  0]LogD3D11RHI: Loaded GFSDK_Aftermath_Lib.x64.dll
[2025.12.25-23.38.26:506][  0]LogHMD: Failed to initialize OpenVR with code 110
[2025.12.25-23.38.26:506][  0]LogD3D11RHI: D3D11 min allowed feature level: 11_0
[2025.12.25-23.38.26:506][  0]LogD3D11RHI: D3D11 max allowed feature level: 11_0
[2025.12.25-23.38.26:506][  0]LogD3D11RHI: D3D11 adapters:
[2025.12.25-23.38.26:698][  0]LogD3D11RHI:    0. 'NVIDIA GeForce RTX 4070' (Feature Level 11_0)
[2025.12.25-23.38.26:698][  0]LogD3D11RHI:       12012/0/6993 MB DedicatedVideo/DedicatedSystem/SharedSystem, Outputs:1, VendorId:0x10de
[2025.12.25-23.38.26:734][  0]LogD3D11RHI:    1. 'Intel(R) UHD Graphics 770' (Feature Level 11_0)
[2025.12.25-23.38.26:734][  0]LogD3D11RHI:       2048/0/6993 MB DedicatedVideo/DedicatedSystem/SharedSystem, Outputs:1, VendorId:0x8086
[2025.12.25-23.38.26:736][  0]LogD3D11RHI:    2. 'Microsoft Basic Render Driver' (Feature Level 11_0)
[2025.12.25-23.38.26:736][  0]LogD3D11RHI:       0/0/6993 MB DedicatedVideo/DedicatedSystem/SharedSystem, Outputs:0, VendorId:0x1414
[2025.12.25-23.38.26:736][  0]LogD3D11RHI: Chosen D3D11 Adapter:
[2025.12.25-23.38.26:736][  0]LogD3D11RHI:     Description : NVIDIA GeForce RTX 4070
[2025.12.25-23.38.26:736][  0]LogD3D11RHI:     VendorId    : 10de
[2025.12.25-23.38.26:736][  0]LogD3D11RHI:     DeviceId    : 2786
[2025.12.25-23.38.26:736][  0]LogD3D11RHI:     SubSysId    : 513a1028
[2025.12.25-23.38.26:736][  0]LogD3D11RHI:     Revision    : 00a1
[2025.12.25-23.38.26:736][  0]LogD3D11RHI:     DedicatedVideoMemory : 12595494912 bytes
[2025.12.25-23.38.26:736][  0]LogD3D11RHI:     DedicatedSystemMemory : 0 bytes
[2025.12.25-23.38.26:736][  0]LogD3D11RHI:     SharedSystemMemory : 7332921344 bytes
[2025.12.25-23.38.26:736][  0]LogD3D11RHI:     AdapterLuid : 0 56115
[2025.12.25-23.38.26:744][  0]LogD3D11RHI: Creating new Direct3DDevice
[2025.12.25-23.38.26:744][  0]LogD3D11RHI:     GPU DeviceId: 0x2786 (for the marketing name, search the web for "GPU Device Id")
[2025.12.25-23.38.26:744][  0]LogWindows: EnumDisplayDevices:
[2025.12.25-23.38.26:744][  0]LogWindows:    0. 'NVIDIA GeForce RTX 4070' (P:1 D:1)
[2025.12.25-23.38.26:745][  0]LogWindows:    1. 'NVIDIA GeForce RTX 4070' (P:0 D:0)
[2025.12.25-23.38.26:745][  0]LogWindows:    2. 'NVIDIA GeForce RTX 4070' (P:0 D:0)
[2025.12.25-23.38.26:745][  0]LogWindows:    3. 'NVIDIA GeForce RTX 4070' (P:0 D:0)
[2025.12.25-23.38.26:745][  0]LogWindows:    4. 'Intel(R) UHD Graphics 770' (P:0 D:1)
[2025.12.25-23.38.26:745][  0]LogWindows:    5. 'Intel(R) UHD Graphics 770' (P:0 D:0)
[2025.12.25-23.38.26:745][  0]LogWindows:    6. 'Intel(R) UHD Graphics 770' (P:0 D:0)
[2025.12.25-23.38.26:745][  0]LogWindows:    7. 'Intel(R) UHD Graphics 770' (P:0 D:0)
[2025.12.25-23.38.26:745][  0]LogWindows: DebugString: PrimaryIsNotTheChoosenAdapter PrimaryIsNotTheChoosenAdapter PrimaryIsNotTheChoosenAdapter PrimaryIsNotTheChoosenAdapter FoundDriverCount:4 
[2025.12.25-23.38.26:745][  0]LogD3D11RHI:     Adapter Name: NVIDIA GeForce RTX 4070
[2025.12.25-23.38.26:745][  0]LogD3D11RHI:   Driver Version: 581.04 (internal:32.0.15.8104, unified:581.04)
[2025.12.25-23.38.26:745][  0]LogD3D11RHI:      Driver Date: 8-14-2025
[2025.12.25-23.38.26:746][  0]LogRHI: Texture pool is 8408 MB (70% of 12012 MB)
[2025.12.25-23.38.26:746][  0]LogD3D11RHI: Creating D3DDevice using adapter:
[2025.12.25-23.38.26:746][  0]LogD3D11RHI:     Description : NVIDIA GeForce RTX 4070
[2025.12.25-23.38.26:746][  0]LogD3D11RHI:     VendorId    : 10de
[2025.12.25-23.38.26:746][  0]LogD3D11RHI:     DeviceId    : 2786
[2025.12.25-23.38.26:746][  0]LogD3D11RHI:     SubSysId    : 513a1028
[2025.12.25-23.38.26:746][  0]LogD3D11RHI:     Revision    : 00a1
[2025.12.25-23.38.26:746][  0]LogD3D11RHI:     DedicatedVideoMemory : 12595494912 bytes
[2025.12.25-23.38.26:746][  0]LogD3D11RHI:     DedicatedSystemMemory : 0 bytes
[2025.12.25-23.38.26:746][  0]LogD3D11RHI:     SharedSystemMemory : 7332921344 bytes
[2025.12.25-23.38.26:746][  0]LogD3D11RHI:     AdapterLuid : 0 56115
[2025.12.25-23.38.26:851][  0]LogD3D11RHI: RHI has support for 64 bit atomics
[2025.12.25-23.38.26:851][  0]LogD3D11RHI: Async texture creation enabled
[2025.12.25-23.38.26:851][  0]LogD3D11RHI: Array index from any shader is supported
[2025.12.25-23.38.26:852][  0]LogD3D11RHI: HDR output is supported on display 0 (NvId: 0x80061083).
[2025.12.25-23.38.26:892][  0]LogD3D11RHI: GPU Timing Frequency: 1000.000000 (Debug: 2 1)
[2025.12.25-23.38.26:939][  0]LogRHI: GeForceNow SDK initialized: 1
[2025.12.25-23.38.27:307][  0]LogTargetPlatformManager: Display: Loaded TargetPlatform 'AllDesktop'
[2025.12.25-23.38.27:323][  0]LogTargetPlatformManager: Display: Loaded TargetPlatform 'Android'
[2025.12.25-23.38.27:323][  0]LogTargetPlatformManager: Display: Loaded TargetPlatform 'Android_ASTC'
[2025.12.25-23.38.27:323][  0]LogTargetPlatformManager: Display: Loaded TargetPlatform 'Android_DXT'
[2025.12.25-23.38.27:323][  0]LogTargetPlatformManager: Display: Loaded TargetPlatform 'Android_ETC2'
[2025.12.25-23.38.27:323][  0]LogTargetPlatformManager: Display: Loaded TargetPlatform 'AndroidClient'
[2025.12.25-23.38.27:323][  0]LogTargetPlatformManager: Display: Loaded TargetPlatform 'Android_ASTCClient'
[2025.12.25-23.38.27:323][  0]LogTargetPlatformManager: Display: Loaded TargetPlatform 'Android_DXTClient'
[2025.12.25-23.38.27:323][  0]LogTargetPlatformManager: Display: Loaded TargetPlatform 'Android_ETC2Client'
[2025.12.25-23.38.27:323][  0]LogTargetPlatformManager: Display: Loaded TargetPlatform 'Android_Multi'
[2025.12.25-23.38.27:323][  0]LogTargetPlatformManager: Display: Loaded TargetPlatform 'Android_MultiClient'
[2025.12.25-23.38.27:341][  0]LogTargetPlatformManager: Display: Loaded TargetPlatform 'IOSClient'
[2025.12.25-23.38.27:341][  0]LogTargetPlatformManager: Display: Loaded TargetPlatform 'IOS'
[2025.12.25-23.38.27:363][  0]LogTargetPlatformManager: Display: Loaded TargetPlatform 'Linux'
[2025.12.25-23.38.27:367][  0]LogTargetPlatformManager: Display: Loaded TargetPlatform 'LinuxNoEditor'
[2025.12.25-23.38.27:371][  0]LogTargetPlatformManager: Display: Loaded TargetPlatform 'LinuxClient'
[2025.12.25-23.38.27:375][  0]LogTargetPlatformManager: Display: Loaded TargetPlatform 'LinuxServer'
[2025.12.25-23.38.27:389][  0]LogTargetPlatformManager: Display: Loaded TargetPlatform 'LinuxAArch64NoEditor'
[2025.12.25-23.38.27:394][  0]LogTargetPlatformManager: Display: Loaded TargetPlatform 'LinuxAArch64Client'
[2025.12.25-23.38.27:398][  0]LogTargetPlatformManager: Display: Loaded TargetPlatform 'LinuxAArch64Server'
[2025.12.25-23.38.27:419][  0]LogTargetPlatformManager: Display: Loaded TargetPlatform 'Lumin'
[2025.12.25-23.38.27:419][  0]LogTargetPlatformManager: Display: Loaded TargetPlatform 'LuminClient'
[2025.12.25-23.38.27:437][  0]LogTargetPlatformManager: Display: Loaded TargetPlatform 'MacNoEditor'
[2025.12.25-23.38.27:441][  0]LogTargetPlatformManager: Display: Loaded TargetPlatform 'Mac'
[2025.12.25-23.38.27:445][  0]LogTargetPlatformManager: Display: Loaded TargetPlatform 'MacClient'
[2025.12.25-23.38.27:449][  0]LogTargetPlatformManager: Display: Loaded TargetPlatform 'MacServer'
[2025.12.25-23.38.27:455][  0]LogTargetPlatformManager: Display: Loaded TargetPlatform 'TVOSClient'
[2025.12.25-23.38.27:455][  0]LogTargetPlatformManager: Display: Loaded TargetPlatform 'TVOS'
[2025.12.25-23.38.27:462][  0]LogTargetPlatformManager: Display: Loaded TargetPlatform 'WindowsNoEditor'
[2025.12.25-23.38.27:466][  0]LogTargetPlatformManager: Display: Loaded TargetPlatform 'Windows'
[2025.12.25-23.38.27:471][  0]LogTargetPlatformManager: Display: Loaded TargetPlatform 'WindowsClient'
[2025.12.25-23.38.27:474][  0]LogTargetPlatformManager: Display: Loaded TargetPlatform 'WindowsServer'
[2025.12.25-23.38.27:474][  0]LogTargetPlatformManager: Display: Building Assets For Windows
[2025.12.25-23.38.27:482][  0]LogAudioDebug: Display: Lib vorbis DLL was dynamically loaded.
[2025.12.25-23.38.27:519][  0]LogTextureFormatOodle: Display: Oodle Texture 2.9.0 init RDO Off
[2025.12.25-23.38.27:577][  0]LogRendererCore: Ray tracing is disabled. Reason: r.RayTracing=0.
[2025.12.25-23.38.27:577][  0]LogShaderCompilers: Guid format shader working directory is -1 characters bigger than the processId version (../../../../../../UEProject/UnrealLearn/MyProject/Intermediate/Shaders/WorkingDirectory/26828/).
[2025.12.25-23.38.27:578][  0]LogShaderCompilers: Cleaned the shader compiler working directory 'C:/Users/LiamChen/AppData/Local/Temp/UnrealShaderWorkingDir/AC86B9F8430BF4C49870848AB03607C0/'.
[2025.12.25-23.38.27:578][  0]LogXGEController: Cannot use XGE Controller as Incredibuild is not installed on this machine.
[2025.12.25-23.38.27:578][  0]LogShaderCompilers: Cannot use XGE Shader Compiler as Incredibuild is not installed on this machine.
[2025.12.25-23.38.27:578][  0]LogShaderCompilers: Display: Using Local Shader Compiler.
[2025.12.25-23.38.31:516][  0]LogDerivedDataCache: Display: Max Cache Size: 512 MB
[2025.12.25-23.38.31:602][  0]LogDerivedDataCache: Loaded boot cache 0.09s 94MB C:/Users/LiamChen/AppData/Local/UnrealEngine/4.27/DerivedDataCache/Boot.ddc.
[2025.12.25-23.38.31:602][  0]LogDerivedDataCache: Display: Loaded Boot cache: C:/Users/LiamChen/AppData/Local/UnrealEngine/4.27/DerivedDataCache/Boot.ddc
[2025.12.25-23.38.31:602][  0]LogDerivedDataCache: FDerivedDataBackendGraph:  Pak pak cache file ../../../../../../UEProject/UnrealLearn/MyProject/DerivedDataCache/DDC.ddp not found, will not use a pak cache.
[2025.12.25-23.38.31:602][  0]LogDerivedDataCache: Unable to find inner node Pak for hierarchical cache Hierarchy.
[2025.12.25-23.38.31:602][  0]LogDerivedDataCache: FDerivedDataBackendGraph:  CompressedPak pak cache file ../../../../../../UEProject/UnrealLearn/MyProject/DerivedDataCache/Compressed.ddp not found, will not use a pak cache.
[2025.12.25-23.38.31:602][  0]LogDerivedDataCache: Unable to find inner node CompressedPak for hierarchical cache Hierarchy.
[2025.12.25-23.38.31:628][  0]LogDerivedDataCache: Display: Pak cache opened for reading ../../../Engine/DerivedDataCache/Compressed.ddp.
[2025.12.25-23.38.31:628][  0]LogDerivedDataCache: FDerivedDataBackendGraph:  EnterprisePak pak cache file ../../../Enterprise/DerivedDataCache/Compressed.ddp not found, will not use a pak cache.
[2025.12.25-23.38.31:628][  0]LogDerivedDataCache: Unable to find inner node EnterprisePak for hierarchical cache Hierarchy.
[2025.12.25-23.38.31:684][  0]LogDerivedDataCache: Speed tests for C:/Users/LiamChen/AppData/Local/UnrealEngine/Common/DerivedDataCache took 0.06 seconds
[2025.12.25-23.38.31:684][  0]LogDerivedDataCache: Display: Performance to C:/Users/LiamChen/AppData/Local/UnrealEngine/Common/DerivedDataCache: Latency=0.07ms. RandomReadSpeed=18.61MBs, RandomWriteSpeed=195.72MBs. Assigned SpeedClass 'Local'
[2025.12.25-23.38.31:686][  0]LogDerivedDataCache: Using Local data cache path C:/Users/LiamChen/AppData/Local/UnrealEngine/Common/DerivedDataCache: Writable
[2025.12.25-23.38.31:686][  0]LogDerivedDataCache: Shared data cache path not found in *engine.ini, will not use an Shared cache.
[2025.12.25-23.38.31:686][  0]LogDerivedDataCache: Unable to find inner node Shared for hierarchical cache Hierarchy.
[2025.12.25-23.38.31:744][  0]LogSlate: Using FreeType 2.10.0
[2025.12.25-23.38.31:762][  0]LogSlate: SlateFontServices - WITH_FREETYPE: 1, WITH_HARFBUZZ: 1
[2025.12.25-23.38.31:809][  0]LogAssetRegistry: FAssetRegistry took 0.0084 seconds to start up
[2025.12.25-23.38.32:120][  0]LogInit: Selected Device Profile: [Windows]
[2025.12.25-23.38.32:120][  0]LogInit: Active device profile: [000001ED99DA8D00][000001ED93EAFB40 49] Windows
[2025.12.25-23.38.32:120][  0]LogInit: Profiles: [000001ED99DA8D00][000001ED93EAFB40 49] Windows, [000001ED99D76300][000001ED93EB6140 49] WindowsNoEditor, [000001ED99DA9C00][000001ED915AA2C0 49] WindowsServer, [000001ED99D77100][000001ED915BA440 49] WindowsClient, [000001ED99DAA900][000001ED93EB2580 49] IOS, [000001ED99D75A00][000001ED915DE6C0 49] iPadAir, [000001ED99DABE00][000001ED97E72800 49] iPadAir2, [000001ED99C55100][000001ED97E86A80 49] IPadPro, [000001ED99C55200][000001ED97E7EAC0 49] iPadAir3, [000001ED99D74C00][000001ED93AA2C40 49] iPadAir4, [000001ED99C55E00][000001ED93AA6DC0 49] iPadMini2, [000001ED99D77300][000001ED93AAAF40 49] iPadMini3, [000001ED99C57900][000001ED93AAF0C0 49] iPadMini4, [000001ED99D75000][000001ED93AB3240 49] iPadMini5, [000001ED99C84900][000001ED93ABB500 49] iPhone6, [000001ED99C84A00][000001ED93AB7540 49] iPodTouch6, [000001ED99DAAE00][000001ED93AC3800 49] iPhone7, [000001ED99DAAF00][000001ED93ABF840 49] iPodTouch7, [000001ED99C57E00][000001ED93AC79C0 49] iPhone5S, [000001ED99DA8F00][000001ED93ACBB40 49] iPhone6Plus, [000001ED99C84100][000001ED93ACE140 49] iPhone6S, [000001ED99C54300][000001ED93AD22C0 49] iPhone6SPlus, [000001ED99C86800][000001ED93AD6440 49] iPhone7Plus, [000001ED99C56400][000001ED93ADA5C0 49] iPhoneSE, [000001ED99C86600][000001ED93ADE740 49] iPhone8, [000001ED99C54400][000001ED97E82880 49] iPhone8Plus, [000001ED99C87100][000001ED93AE29C0 49] iPhoneX, [000001ED99DA9400][000001ED93AE6B00 49] iPhoneXS, [000001ED99C86B00][000001ED93AEEC80 49] iPhoneXSMax, [000001ED99DA8700][000001ED93AF2E00 49] iPhoneXR, [000001ED99C84800][000001ED93AF6F80 49] iPhone11, [000001ED99DA9100][000001ED93AFB100 49] iPhone11Pro, [000001ED99C85A00][000001ED98ACB280 49] iPhone11ProMax, [000001ED99DAB700][000001ED98ACF400 49] iPhoneSE2, [000001ED99C87800][000001ED98AD3580 49] iPhone12Mini, [000001ED99DAA300][000001ED98AD7700 49] iPhone12, [000001ED99C87200][000001ED98ADB880 49] iPhone12Pro, [000001ED99DA9300][000001ED93B07A00 49] iPhone12ProMax, [000001ED99C85500][000001ED93B0FB80 49] iPadPro105, [000001ED99DA8A00][000001ED93B12180 49] iPadPro129, [000001ED99C87D00][000001ED93B22300 49] iPadPro97, [000001ED99DAAA00][000001ED93B26480 49] iPadPro2_129, [000001ED99C86900][000001ED93B2E600 49] iPad5, [000001ED99DA9E00][000001ED97B60780 49] iPad6, [000001ED99C85300][000001ED97B64900 49] iPad7, [000001ED99DA8200][000001ED93AEAA40 49] iPad8, [000001ED99C84400][000001ED97B68B80 49] iPadPro11, [000001ED99DA9A00][000001ED97B6CCC0 49] iPadPro2_11, [000001ED99C85600][000001ED97B78E40 49] iPadPro3_129, [000001ED99DAA700][000001ED97BA8FC0 49] iPadPro4_129, [000001ED99C84200][000001ED98851140 49] AppleTV, [000001ED99DA8900][000001ED9885F2C0 49] AppleTV4K, [000001ED99C85D00][000001ED8C213440 49] TVOS, [000001ED99DAAD00][000001ED8C2175C0 49] Mac, [000001ED99C87600][000001ED8C28B740 49] MacClient, [000001ED99DAB900][000001ED93B518C0 49] MacNoEditor, [000001ED99C87500][000001ED93BC3A40 49] MacServer, [000001ED99DA9200][000001ED93BC7BC0 49] Linux, [000001ED99C85C00][000001ED93BCA1C0 49] LinuxAArch64, [000001ED99DABC00][000001ED93D06340 49] LinuxNoEditor, [000001ED99C86300][000001ED93BCE4C0 49] LinuxAArch64NoEditor, [000001ED99DA9B00][000001ED93BD2640 49] LinuxClient, [000001ED99C86500][000001ED93BD67C0 49] LinuxAArch64Client, [000001ED99DA8E00][000001ED93BDA940 49] LinuxServer, [000001ED99C87900][000001ED93BDEAC0 49] LinuxAArch64Server, [000001ED99DAB500][000001ED97B74C00 49] Android, [000001ED99C85E00][000001ED93BE2D40 49] Android_Low, [000001ED99DA9F00][000001ED93BE6E80 49] Android_Mid, [000001ED99C86200][000001ED98AC0FC0 49] Android_High, [000001ED99DABF00][000001ED9866D140 49] Android_Default, [000001ED99C86000][000001ED9867D2C0 49] Android_Adreno4xx, [000001ED99DABD00][000001ED98681440 49] Android_Adreno5xx_Low, [000001ED99C86A00][000001ED986855C0 49] Android_Adreno5xx, [000001ED99DAB800][000001ED98689740 49] Android_Adreno6xx, [000001ED99D74500][000001ED9868D8C0 49] Android_Adreno6xx_Vulkan, [000001ED99C55400][000001ED98691A40 49] Android_Mali_T6xx, [000001ED99D75100][000001ED98695BC0 49] Android_Mali_T7xx, [000001ED99C56D00][000001ED986981C0 49] Android_Mali_T8xx, [000001ED99D76F00][000001ED9869C340 49] Android_Mali_G71, [000001ED99C57400][000001ED986A04C0 49] Android_Mali_G72, [000001ED99D75700][000001ED986A4640 49] Android_Mali_G72_Vulkan, [000001ED99C55300][000001ED986A87C0 49] Android_Mali_G76, [000001ED99D77D00][000001ED986AC940 49] Android_Mali_G76_Vulkan, [000001ED99C56C00][000001ED9850AAC0 49] Android_Mali_G77, [000001ED99D75500][000001ED986C6C40 49] Android_Mali_G77_Vulkan, [000001ED99C55800][000001ED98668D80 49] Android_Mali_G78, [000001ED99D76200][000001ED986CAEC0 49] Android_Mali_G78_Vulkan, [000001ED99C57D00][000001ED8C243000 49] Android_Mali_G710, [000001ED99D74300][000001ED8C247140 49] Android_Mali_G710_Vulkan, [000001ED99C54200][000001ED8C24F2C0 49] Android_Vulkan_SM5, [000001ED99D74800][000001ED8C253440 49] Android_PowerVR_G6xxx, [000001ED99C56500][000001ED8C2575C0 49] Android_PowerVR_GT7xxx, [000001ED99D74E00][000001ED8C25B740 49] Android_PowerVR_GE8xxx, [000001ED99C55500][000001ED8C25F8C0 49] Android_PowerVR_GM9xxx, [000001ED99D74D00][000001ED8C267A40 49] Android_PowerVR_GM9xxx_Vulkan, [000001ED99C55900][000001ED98293BC0 49] Android_TegraK1, [000001ED99D74600][000001ED982961C0 49] Android_Unknown_Vulkan, [000001ED99C57800][000001ED9829A340 49] Lumin, [000001ED99D76600][000001ED9829E4C0 49] Lumin_Desktop, [000001ED99C57B00][000001ED982A2640 49] HoloLens, 
[2025.12.25-23.38.32:351][  0]LogMeshReduction: Using QuadricMeshReduction for automatic static mesh reduction
[2025.12.25-23.38.32:351][  0]LogMeshReduction: Using SimplygonMeshReduction for automatic skeletal mesh reduction
[2025.12.25-23.38.32:351][  0]LogMeshReduction: Using ProxyLODMeshReduction for automatic mesh merging
[2025.12.25-23.38.32:351][  0]LogMeshReduction: No distributed automatic mesh merging module available
[2025.12.25-23.38.32:351][  0]LogMeshMerging: No distributed automatic mesh merging module available
[2025.12.25-23.38.32:415][  0]LogNetVersion: MyProject 1.0.0, NetCL: 17155196, EngineNetVer: 17, GameNetVer: 0 (Checksum: 3629800737)
[2025.12.25-23.38.33:556][  0]LogTexture: Default maximum texture size for cubemaps generated from long-lat sources has been changed from 512 to unlimited. In order to preserve old behaiour for '/Engine/MapTemplates/Sky/DaylightAmbientCubemap.DaylightAmbientCubemap', its maximum texture size has been explicitly set to 512.
[2025.12.25-23.38.33:688][  0]LogHMD: PokeAHoleMaterial loaded successfully
[2025.12.25-23.38.33:693][  0]LogUObjectArray: 17178 objects as part of root set at end of initial load.
[2025.12.25-23.38.33:693][  0]LogUObjectAllocator: 4302048 out of 0 bytes used by permanent object pool.
[2025.12.25-23.38.33:693][  0]LogUObjectArray: CloseDisregardForGC: 0/0 objects in disregard for GC pool
[2025.12.25-23.38.34:005][  0]LogNiagaraDebuggerClient: Niagara Debugger Client Initialized | Session: 0645286A4DA850B28B54ED9BB3076954 | Instance: 006417DE44D4126B1907DA838FF2F1AE (MANKA-D-D-6017-26828).
[2025.12.25-23.38.34:500][  0]LogTcpMessaging: Initializing TcpMessaging bridge
[2025.12.25-23.38.34:506][  0]LogUdpMessaging: Initializing bridge on interface 0.0.0.0:0 to multicast group 230.0.0.1:6666.
[2025.12.25-23.38.34:534][  0]LogPython: Using Python 3.7.7
[2025.12.25-23.38.35:477][  0]SourceControl: Source control is disabled
[2025.12.25-23.38.35:477][  0]SourceControl: Source control is disabled
[2025.12.25-23.38.35:482][  0]SourceControl: Source control is disabled
[2025.12.25-23.38.35:496][  0]SourceControl: Source control is disabled
[2025.12.25-23.38.35:501][  0]SourceControl: Source control is disabled
[2025.12.25-23.38.35:503][  0]LogUProjectInfo: Found projects:
[2025.12.25-23.38.35:736][  0]LogAndroidPermission: UAndroidPermissionCallbackProxy::GetInstance
[2025.12.25-23.38.35:825][  0]LogAudioCaptureCore: Display: No Audio Capture implementations found. Audio input will be silent.
[2025.12.25-23.38.35:825][  0]LogAudioCaptureCore: Display: No Audio Capture implementations found. Audio input will be silent.
[2025.12.25-23.38.36:236][  0]LogOpenImageDenoise: OIDN starting up
[2025.12.25-23.38.36:320][  0]LogCollectionManager: Loaded 0 collections in 0.001797 seconds
[2025.12.25-23.38.36:372][  0]LogFileCache: Scanning file cache for directory 'C:/UEProject/UnrealLearn/MyProject/Saved/Collections/' took 0.00s
[2025.12.25-23.38.36:372][  0]LogFileCache: Scanning file cache for directory 'C:/UEProject/UnrealLearn/MyProject/Content/Developers/LiamChen/Collections/' took 0.00s
[2025.12.25-23.38.36:372][  0]LogFileCache: Scanning file cache for directory 'C:/UEProject/UnrealLearn/MyProject/Content/Collections/' took 0.00s
[2025.12.25-23.38.36:372][  0]LogOcInput: OculusInput pre-init called
[2025.12.25-23.38.36:732][  0]LogEngine: Initializing Engine...
[2025.12.25-23.38.36:786][  0]LogHMD: Failed to enumerate extensions. Please check that you have a valid OpenXR runtime installed.
[2025.12.25-23.38.36:786][  0]LogHMD: Failed to initialize OpenVR with code 110
[2025.12.25-23.38.36:786][  0]LogMagicLeap: Warning: VR disabled because ZI is not enabled.  To enable, in the editor, Edit -> Project Settings -> Plugins -> Magic Leap Plugin -> Enable Zero Iteration
[2025.12.25-23.38.36:789][  0]LogStats: UGameplayTagsManager::InitializeManager -  0.001 s
[2025.12.25-23.38.37:094][  0]LogInit: Initializing FReadOnlyCVARCache
[2025.12.25-23.38.37:127][  0]LogAIModule: Creating AISystem for world Untitled
[2025.12.25-23.38.37:134][  0]LogAudio: Display: Initializing Audio Device Manager...
[2025.12.25-23.38.37:138][  0]LogAudio: Display: Loading Default Audio Settings Objects...
[2025.12.25-23.38.37:145][  0]LogAudio: Display: No default SoundConcurrencyObject specified (or failed to load).
[2025.12.25-23.38.37:146][  0]LogAudio: Display: Audio Device Manager Initialized
[2025.12.25-23.38.37:146][  0]LogAudio: Display: Creating Audio Device:                 Id: 1, Scope: Shared, Realtime: True
[2025.12.25-23.38.37:148][  0]LogAudioMixer: Display: Audio Mixer Platform Settings:
[2025.12.25-23.38.37:148][  0]LogAudioMixer: Display: 	Sample Rate:						  48000
[2025.12.25-23.38.37:148][  0]LogAudioMixer: Display: 	Callback Buffer Frame Size Requested: 1024
[2025.12.25-23.38.37:148][  0]LogAudioMixer: Display: 	Callback Buffer Frame Size To Use:	  1024
[2025.12.25-23.38.37:148][  0]LogAudioMixer: Display: 	Number of buffers to queue:			  2
[2025.12.25-23.38.37:148][  0]LogAudioMixer: Display: 	Max Channels (voices):				  32
[2025.12.25-23.38.37:148][  0]LogAudioMixer: Display: 	Number of Async Source Workers:		  0
[2025.12.25-23.38.37:148][  0]LogAudio: Display: AudioDevice MaxSources: 32
[2025.12.25-23.38.37:149][  0]LogAudio: Display: Audio Spatialization Plugin: None (built-in).
[2025.12.25-23.38.37:149][  0]LogAudio: Display: Audio Reverb Plugin: None (built-in).
[2025.12.25-23.38.37:149][  0]LogAudio: Display: Audio Occlusion Plugin: None (built-in).
[2025.12.25-23.38.37:149][  0]LogAudioMixer: Display: Initializing audio mixer.
[2025.12.25-23.38.37:161][  0]LogAudioMixer: Display: 0: FrontLeft
[2025.12.25-23.38.37:161][  0]LogAudioMixer: Display: 1: FrontRight
[2025.12.25-23.38.37:184][  0]LogAudioMixer: Display: Using Audio Device G274F (HD Audio Driver for Display Audio)
[2025.12.25-23.38.37:186][  0]LogAudioMixer: Display: Initializing Sound Submixes...
[2025.12.25-23.38.37:209][  0]LogAudioMixer: Display: Creating Master Submix 'MasterSubmixDefault'
[2025.12.25-23.38.37:209][  0]LogAudioMixer: Display: Creating Master Submix 'MasterReverbSubmixDefault'
[2025.12.25-23.38.37:210][  0]LogAudioMixer: Display: Creating Master Submix 'MasterEQSubmixDefault'
[2025.12.25-23.38.37:211][  0]LogAudioMixer: FMixerPlatformXAudio2::StartAudioStream() called
[2025.12.25-23.38.37:211][  0]LogAudioMixer: Display: Output buffers initialized: Frames=1024, Channels=2, Samples=2048
[2025.12.25-23.38.37:212][  0]LogAudioMixer: Display: Starting AudioMixerPlatformInterface::RunInternal()
[2025.12.25-23.38.37:212][  0]LogAudioMixer: Display: FMixerPlatformXAudio2::SubmitBuffer() called for the first time
[2025.12.25-23.38.37:212][  0]LogInit: FAudioDevice initialized.
[2025.12.25-23.38.37:213][  0]LogAudio: Display: Audio Device (ID: 1) registered with world 'Untitled'.
[2025.12.25-23.38.37:213][  0]LogNetVersion: Set ProjectVersion to 1.0.0.0. Version Checksum will be recalculated on next use.
[2025.12.25-23.38.37:252][  0]LogDerivedDataCache: Saved boot cache 0.04s 94MB C:/Users/LiamChen/AppData/Local/UnrealEngine/4.27/DerivedDataCache/Boot.ddc.
[2025.12.25-23.38.37:252][  0]LogInit: Texture streaming: Enabled
[2025.12.25-23.38.37:271][  0]LogAnalytics: Display: [UEEditor.Rocket.Release] APIServer = https://datarouter.ol.epicgames.com/. AppVersion = 4.27.2-18319896+++UE4+Release-4.27
[2025.12.25-23.38.37:275][  0]LogEngineSessionManager: EngineSessionManager initialized
[2025.12.25-23.38.37:276][  0]LogEditorSessionSummary: Verbose: Initializing EditorSessionSummaryWriter for editor session tracking
[2025.12.25-23.38.37:277][  0]LogEditorSessionSummary: EditorSessionSummaryWriter initialized
[2025.12.25-23.38.37:305][  0]LogInit: Transaction tracking system initialized
[2025.12.25-23.38.37:335][  0]BlueprintLog: New page: Editor Load
[2025.12.25-23.38.37:426][  0]LocalizationService: Localization service is disabled
[2025.12.25-23.38.37:466][  0]TimingProfiler: Initialize
[2025.12.25-23.38.37:467][  0]TimingProfiler: OnSessionChanged
[2025.12.25-23.38.37:468][  0]LoadingProfiler: Initialize
[2025.12.25-23.38.37:468][  0]LoadingProfiler: OnSessionChanged
[2025.12.25-23.38.37:468][  0]NetworkingProfiler: Initialize
[2025.12.25-23.38.37:468][  0]NetworkingProfiler: OnSessionChanged
[2025.12.25-23.38.37:468][  0]MemoryProfiler: Initialize
[2025.12.25-23.38.37:468][  0]MemoryProfiler: OnSessionChanged
[2025.12.25-23.38.37:889][  0]LogCook: Display: CookSettings for Memory: MemoryMaxUsedVirtual 0MiB, MemoryMaxUsedPhysical 16384MiB, MemoryMinFreeVirtual 0MiB, MemoryMinFreePhysical 1024MiB
[2025.12.25-23.38.37:889][  0]LogCook: Display: Mobile HDR setting 1
[2025.12.25-23.38.38:191][  0]LogFileCache: Scanning file cache for directory 'C:/UEProject/UnrealLearn/MyProject/Content/' took 0.01s
[2025.12.25-23.38.38:314][  0]LogInit: Display: Engine is initialized. Leaving FEngineLoop::Init()
[2025.12.25-23.38.38:320][  0]SourceControl: Source control is disabled
[2025.12.25-23.38.38:321][  0]LogUnrealEdMisc: Loading editor; pre map load, took 17.328
[2025.12.25-23.38.38:323][  0]Cmd: MAP LOAD FILE="../../../../../../UEProject/UnrealLearn/MyProject/Content/ThirdPersonBP/Maps/ThirdPersonExampleMap.umap" TEMPLATE=0 SHOWPROGRESS=1 FEATURELEVEL=3
[2025.12.25-23.38.38:324][  0]LightingResults: New page: Lighting Build
[2025.12.25-23.38.38:329][  0]LogWorld: UWorld::CleanupWorld for Untitled, bSessionEnded=true, bCleanupResources=true
[2025.12.25-23.38.38:331][  0]LogSlate: InvalidateAllWidgets triggered.  All widgets were invalidated
[2025.12.25-23.38.38:334][  0]MapCheck: New page: Map Check
[2025.12.25-23.38.38:334][  0]LightingResults: New page: Lighting Build
[2025.12.25-23.38.38:344][  0]LogAudio: Display: Audio Device unregistered from world 'None'.
[2025.12.25-23.38.38:354][  0]LogUObjectHash: Compacting FUObjectHashTables data took   0.64ms
[2025.12.25-23.38.38:518][  0]LogAudio: Display: Audio Device (ID: 1) registered with world 'ThirdPersonExampleMap'.
[2025.12.25-23.38.38:519][  0]LogAIModule: Creating AISystem for world ThirdPersonExampleMap
[2025.12.25-23.38.38:545][  0]LogEditorServer: Finished looking for orphan Actors (0.000 secs)
[2025.12.25-23.38.38:555][  0]LogUObjectHash: Compacting FUObjectHashTables data took   0.45ms
[2025.12.25-23.38.38:556][  0]Cmd: MAP CHECKDEP NOCLEARLOG
[2025.12.25-23.38.38:556][  0]MapCheck: Map check complete: 0 Error(s), 0 Warning(s), took 0.257ms to complete.
[2025.12.25-23.38.38:557][  0]LogFileHelpers: Loading map 'ThirdPersonExampleMap' took 0.235
[2025.12.25-23.38.38:578][  0]LogUnrealEdMisc: Total Editor Startup Time, took 17.585
[2025.12.25-23.38.38:703][  0]LogSlate: Updating window title bar state: overlay mode, drag disabled, window buttons hidden, title bar hidden
[2025.12.25-23.38.38:708][  0]LogSlate: Updating window title bar state: overlay mode, drag disabled, window buttons hidden, title bar hidden
[2025.12.25-23.38.38:711][  0]LogSlate: Updating window title bar state: overlay mode, drag disabled, window buttons hidden, title bar hidden
[2025.12.25-23.38.38:715][  0]LogSlate: Updating window title bar state: overlay mode, drag disabled, window buttons hidden, title bar hidden
[2025.12.25-23.38.38:743][  0]LogNativeClassHierarchy: Verbose: Native class hierarchy populated in 0.0061 seconds. Added 3822 classes and 928 folders.
[2025.12.25-23.38.38:748][  0]LogNativeClassHierarchy: Verbose: Native class hierarchy updated for 'WidgetCarousel' in 0.0001 seconds. Added 0 classes and 0 folders.
[2025.12.25-23.38.38:760][  0]LogPakFile: PakFile PrimaryIndexSize=187
[2025.12.25-23.38.38:760][  0]LogPakFile: PakFile PathHashIndexSize=101
[2025.12.25-23.38.38:760][  0]LogPakFile: PakFile FullDirectoryIndexSize=148
[2025.12.25-23.38.38:761][  0]LogShaderLibrary: Display: ShaderCodeLibraryPakFileMountedCallback: PakFile 'C:/Program Files/Epic Games/UE_4.27/FeaturePacks/FP_FirstPerson.upack' (chunk index -1, root 'root:/') mounted
[2025.12.25-23.38.38:761][  0]LogShaderLibrary: Display: ShaderCodeLibraryPakFileMountedCallback: pending pak file info (ChunkID:-1 Root:root:/ File:C:/Program Files/Epic Games/UE_4.27/FeaturePacks/FP_FirstPerson.upack)
[2025.12.25-23.38.38:761][  0]LogPakFile: OnPakFileMounted2Time == 0.000625
[2025.12.25-23.38.38:770][  0]LogPakFile: PakFile PrimaryIndexSize=189
[2025.12.25-23.38.38:770][  0]LogPakFile: PakFile PathHashIndexSize=101
[2025.12.25-23.38.38:770][  0]LogPakFile: PakFile FullDirectoryIndexSize=152
[2025.12.25-23.38.38:770][  0]LogShaderLibrary: Display: ShaderCodeLibraryPakFileMountedCallback: PakFile 'C:/Program Files/Epic Games/UE_4.27/FeaturePacks/FP_FirstPersonBP.upack' (chunk index -1, root 'root:/') mounted
[2025.12.25-23.38.38:770][  0]LogShaderLibrary: Display: ShaderCodeLibraryPakFileMountedCallback: pending pak file info (ChunkID:-1 Root:root:/ File:C:/Program Files/Epic Games/UE_4.27/FeaturePacks/FP_FirstPersonBP.upack)
[2025.12.25-23.38.38:770][  0]LogPakFile: OnPakFileMounted2Time == 0.000039
[2025.12.25-23.38.38:776][  0]LogPakFile: PakFile PrimaryIndexSize=191
[2025.12.25-23.38.38:776][  0]LogPakFile: PakFile PathHashIndexSize=101
[2025.12.25-23.38.38:776][  0]LogPakFile: PakFile FullDirectoryIndexSize=160
[2025.12.25-23.38.38:776][  0]LogShaderLibrary: Display: ShaderCodeLibraryPakFileMountedCallback: PakFile 'C:/Program Files/Epic Games/UE_4.27/FeaturePacks/MobileStarterContent.upack' (chunk index -1, root 'root:/') mounted
[2025.12.25-23.38.38:776][  0]LogShaderLibrary: Display: ShaderCodeLibraryPakFileMountedCallback: pending pak file info (ChunkID:-1 Root:root:/ File:C:/Program Files/Epic Games/UE_4.27/FeaturePacks/MobileStarterContent.upack)
[2025.12.25-23.38.38:776][  0]LogPakFile: OnPakFileMounted2Time == 0.000033
[2025.12.25-23.38.38:781][  0]LogPakFile: PakFile PrimaryIndexSize=185
[2025.12.25-23.38.38:781][  0]LogPakFile: PakFile PathHashIndexSize=101
[2025.12.25-23.38.38:781][  0]LogPakFile: PakFile FullDirectoryIndexSize=148
[2025.12.25-23.38.38:781][  0]LogShaderLibrary: Display: ShaderCodeLibraryPakFileMountedCallback: PakFile 'C:/Program Files/Epic Games/UE_4.27/FeaturePacks/StarterContent.upack' (chunk index -1, root 'root:/') mounted
[2025.12.25-23.38.38:781][  0]LogShaderLibrary: Display: ShaderCodeLibraryPakFileMountedCallback: pending pak file info (ChunkID:-1 Root:root:/ File:C:/Program Files/Epic Games/UE_4.27/FeaturePacks/StarterContent.upack)
[2025.12.25-23.38.38:781][  0]LogPakFile: OnPakFileMounted2Time == 0.000031
[2025.12.25-23.38.38:786][  0]LogPakFile: PakFile PrimaryIndexSize=190
[2025.12.25-23.38.38:786][  0]LogPakFile: PakFile PathHashIndexSize=101
[2025.12.25-23.38.38:786][  0]LogPakFile: PakFile FullDirectoryIndexSize=154
[2025.12.25-23.38.38:786][  0]LogShaderLibrary: Display: ShaderCodeLibraryPakFileMountedCallback: PakFile 'C:/Program Files/Epic Games/UE_4.27/FeaturePacks/TP_2DSideScroller.upack' (chunk index -1, root 'root:/') mounted
[2025.12.25-23.38.38:786][  0]LogShaderLibrary: Display: ShaderCodeLibraryPakFileMountedCallback: pending pak file info (ChunkID:-1 Root:root:/ File:C:/Program Files/Epic Games/UE_4.27/FeaturePacks/TP_2DSideScroller.upack)
[2025.12.25-23.38.38:787][  0]LogPakFile: OnPakFileMounted2Time == 0.000031
[2025.12.25-23.38.38:791][  0]LogPakFile: PakFile PrimaryIndexSize=192
[2025.12.25-23.38.38:791][  0]LogPakFile: PakFile PathHashIndexSize=101
[2025.12.25-23.38.38:791][  0]LogPakFile: PakFile FullDirectoryIndexSize=158
[2025.12.25-23.38.38:791][  0]LogShaderLibrary: Display: ShaderCodeLibraryPakFileMountedCallback: PakFile 'C:/Program Files/Epic Games/UE_4.27/FeaturePacks/TP_2DSideScrollerBP.upack' (chunk index -1, root 'root:/') mounted
[2025.12.25-23.38.38:791][  0]LogShaderLibrary: Display: ShaderCodeLibraryPakFileMountedCallback: pending pak file info (ChunkID:-1 Root:root:/ File:C:/Program Files/Epic Games/UE_4.27/FeaturePacks/TP_2DSideScrollerBP.upack)
[2025.12.25-23.38.38:791][  0]LogPakFile: OnPakFileMounted2Time == 0.000029
[2025.12.25-23.38.38:797][  0]LogPakFile: PakFile PrimaryIndexSize=182
[2025.12.25-23.38.38:797][  0]LogPakFile: PakFile PathHashIndexSize=101
[2025.12.25-23.38.38:797][  0]LogPakFile: PakFile FullDirectoryIndexSize=138
[2025.12.25-23.38.38:797][  0]LogShaderLibrary: Display: ShaderCodeLibraryPakFileMountedCallback: PakFile 'C:/Program Files/Epic Games/UE_4.27/FeaturePacks/TP_Flying.upack' (chunk index -1, root 'root:/') mounted
[2025.12.25-23.38.38:797][  0]LogShaderLibrary: Display: ShaderCodeLibraryPakFileMountedCallback: pending pak file info (ChunkID:-1 Root:root:/ File:C:/Program Files/Epic Games/UE_4.27/FeaturePacks/TP_Flying.upack)
[2025.12.25-23.38.38:797][  0]LogPakFile: OnPakFileMounted2Time == 0.000029
[2025.12.25-23.38.38:803][  0]LogPakFile: PakFile PrimaryIndexSize=184
[2025.12.25-23.38.38:803][  0]LogPakFile: PakFile PathHashIndexSize=101
[2025.12.25-23.38.38:803][  0]LogPakFile: PakFile FullDirectoryIndexSize=142
[2025.12.25-23.38.38:803][  0]LogShaderLibrary: Display: ShaderCodeLibraryPakFileMountedCallback: PakFile 'C:/Program Files/Epic Games/UE_4.27/FeaturePacks/TP_FlyingBP.upack' (chunk index -1, root 'root:/') mounted
[2025.12.25-23.38.38:803][  0]LogShaderLibrary: Display: ShaderCodeLibraryPakFileMountedCallback: pending pak file info (ChunkID:-1 Root:root:/ File:C:/Program Files/Epic Games/UE_4.27/FeaturePacks/TP_FlyingBP.upack)
[2025.12.25-23.38.38:803][  0]LogPakFile: OnPakFileMounted2Time == 0.000028
[2025.12.25-23.38.38:809][  0]LogPakFile: PakFile PrimaryIndexSize=188
[2025.12.25-23.38.38:809][  0]LogPakFile: PakFile PathHashIndexSize=101
[2025.12.25-23.38.38:809][  0]LogPakFile: PakFile FullDirectoryIndexSize=150
[2025.12.25-23.38.38:809][  0]LogShaderLibrary: Display: ShaderCodeLibraryPakFileMountedCallback: PakFile 'C:/Program Files/Epic Games/UE_4.27/FeaturePacks/TP_HandheldARBP.upack' (chunk index -1, root 'root:/') mounted
[2025.12.25-23.38.38:809][  0]LogShaderLibrary: Display: ShaderCodeLibraryPakFileMountedCallback: pending pak file info (ChunkID:-1 Root:root:/ File:C:/Program Files/Epic Games/UE_4.27/FeaturePacks/TP_HandheldARBP.upack)
[2025.12.25-23.38.38:809][  0]LogPakFile: OnPakFileMounted2Time == 0.000030
[2025.12.25-23.38.38:816][  0]LogPakFile: PakFile PrimaryIndexSize=182
[2025.12.25-23.38.38:816][  0]LogPakFile: PakFile PathHashIndexSize=101
[2025.12.25-23.38.38:816][  0]LogPakFile: PakFile FullDirectoryIndexSize=138
[2025.12.25-23.38.38:816][  0]LogShaderLibrary: Display: ShaderCodeLibraryPakFileMountedCallback: PakFile 'C:/Program Files/Epic Games/UE_4.27/FeaturePacks/TP_Puzzle.upack' (chunk index -1, root 'root:/') mounted
[2025.12.25-23.38.38:816][  0]LogShaderLibrary: Display: ShaderCodeLibraryPakFileMountedCallback: pending pak file info (ChunkID:-1 Root:root:/ File:C:/Program Files/Epic Games/UE_4.27/FeaturePacks/TP_Puzzle.upack)
[2025.12.25-23.38.38:816][  0]LogPakFile: OnPakFileMounted2Time == 0.000029
[2025.12.25-23.38.38:821][  0]LogPakFile: PakFile PrimaryIndexSize=184
[2025.12.25-23.38.38:821][  0]LogPakFile: PakFile PathHashIndexSize=101
[2025.12.25-23.38.38:821][  0]LogPakFile: PakFile FullDirectoryIndexSize=142
[2025.12.25-23.38.38:821][  0]LogShaderLibrary: Display: ShaderCodeLibraryPakFileMountedCallback: PakFile 'C:/Program Files/Epic Games/UE_4.27/FeaturePacks/TP_PuzzleBP.upack' (chunk index -1, root 'root:/') mounted
[2025.12.25-23.38.38:821][  0]LogShaderLibrary: Display: ShaderCodeLibraryPakFileMountedCallback: pending pak file info (ChunkID:-1 Root:root:/ File:C:/Program Files/Epic Games/UE_4.27/FeaturePacks/TP_PuzzleBP.upack)
[2025.12.25-23.38.38:821][  0]LogPakFile: OnPakFileMounted2Time == 0.000030
[2025.12.25-23.38.38:826][  0]LogPakFile: PakFile PrimaryIndexSize=183
[2025.12.25-23.38.38:826][  0]LogPakFile: PakFile PathHashIndexSize=101
[2025.12.25-23.38.38:826][  0]LogPakFile: PakFile FullDirectoryIndexSize=140
[2025.12.25-23.38.38:826][  0]LogShaderLibrary: Display: ShaderCodeLibraryPakFileMountedCallback: PakFile 'C:/Program Files/Epic Games/UE_4.27/FeaturePacks/TP_Rolling.upack' (chunk index -1, root 'root:/') mounted
[2025.12.25-23.38.38:826][  0]LogShaderLibrary: Display: ShaderCodeLibraryPakFileMountedCallback: pending pak file info (ChunkID:-1 Root:root:/ File:C:/Program Files/Epic Games/UE_4.27/FeaturePacks/TP_Rolling.upack)
[2025.12.25-23.38.38:826][  0]LogPakFile: OnPakFileMounted2Time == 0.000032
[2025.12.25-23.38.38:831][  0]LogPakFile: PakFile PrimaryIndexSize=185
[2025.12.25-23.38.38:832][  0]LogPakFile: PakFile PathHashIndexSize=101
[2025.12.25-23.38.38:832][  0]LogPakFile: PakFile FullDirectoryIndexSize=144
[2025.12.25-23.38.38:832][  0]LogShaderLibrary: Display: ShaderCodeLibraryPakFileMountedCallback: PakFile 'C:/Program Files/Epic Games/UE_4.27/FeaturePacks/TP_RollingBP.upack' (chunk index -1, root 'root:/') mounted
[2025.12.25-23.38.38:832][  0]LogShaderLibrary: Display: ShaderCodeLibraryPakFileMountedCallback: pending pak file info (ChunkID:-1 Root:root:/ File:C:/Program Files/Epic Games/UE_4.27/FeaturePacks/TP_RollingBP.upack)
[2025.12.25-23.38.38:832][  0]LogPakFile: OnPakFileMounted2Time == 0.000062
[2025.12.25-23.38.38:837][  0]LogPakFile: PakFile PrimaryIndexSize=188
[2025.12.25-23.38.38:837][  0]LogPakFile: PakFile PathHashIndexSize=101
[2025.12.25-23.38.38:837][  0]LogPakFile: PakFile FullDirectoryIndexSize=150
[2025.12.25-23.38.38:837][  0]LogShaderLibrary: Display: ShaderCodeLibraryPakFileMountedCallback: PakFile 'C:/Program Files/Epic Games/UE_4.27/FeaturePacks/TP_SideScroller.upack' (chunk index -1, root 'root:/') mounted
[2025.12.25-23.38.38:837][  0]LogShaderLibrary: Display: ShaderCodeLibraryPakFileMountedCallback: pending pak file info (ChunkID:-1 Root:root:/ File:C:/Program Files/Epic Games/UE_4.27/FeaturePacks/TP_SideScroller.upack)
[2025.12.25-23.38.38:837][  0]LogPakFile: OnPakFileMounted2Time == 0.000029
[2025.12.25-23.38.38:841][  0]LogPakFile: PakFile PrimaryIndexSize=190
[2025.12.25-23.38.38:841][  0]LogPakFile: PakFile PathHashIndexSize=101
[2025.12.25-23.38.38:841][  0]LogPakFile: PakFile FullDirectoryIndexSize=154
[2025.12.25-23.38.38:841][  0]LogShaderLibrary: Display: ShaderCodeLibraryPakFileMountedCallback: PakFile 'C:/Program Files/Epic Games/UE_4.27/FeaturePacks/TP_SideScrollerBP.upack' (chunk index -1, root 'root:/') mounted
[2025.12.25-23.38.38:841][  0]LogShaderLibrary: Display: ShaderCodeLibraryPakFileMountedCallback: pending pak file info (ChunkID:-1 Root:root:/ File:C:/Program Files/Epic Games/UE_4.27/FeaturePacks/TP_SideScrollerBP.upack)
[2025.12.25-23.38.38:841][  0]LogPakFile: OnPakFileMounted2Time == 0.000033
[2025.12.25-23.38.38:848][  0]LogPakFile: PakFile PrimaryIndexSize=187
[2025.12.25-23.38.38:848][  0]LogPakFile: PakFile PathHashIndexSize=101
[2025.12.25-23.38.38:848][  0]LogPakFile: PakFile FullDirectoryIndexSize=148
[2025.12.25-23.38.38:848][  0]LogShaderLibrary: Display: ShaderCodeLibraryPakFileMountedCallback: PakFile 'C:/Program Files/Epic Games/UE_4.27/FeaturePacks/TP_ThirdPerson.upack' (chunk index -1, root 'root:/') mounted
[2025.12.25-23.38.38:848][  0]LogShaderLibrary: Display: ShaderCodeLibraryPakFileMountedCallback: pending pak file info (ChunkID:-1 Root:root:/ File:C:/Program Files/Epic Games/UE_4.27/FeaturePacks/TP_ThirdPerson.upack)
[2025.12.25-23.38.38:848][  0]LogPakFile: OnPakFileMounted2Time == 0.000029
[2025.12.25-23.38.38:853][  0]LogPakFile: PakFile PrimaryIndexSize=189
[2025.12.25-23.38.38:853][  0]LogPakFile: PakFile PathHashIndexSize=101
[2025.12.25-23.38.38:853][  0]LogPakFile: PakFile FullDirectoryIndexSize=152
[2025.12.25-23.38.38:853][  0]LogShaderLibrary: Display: ShaderCodeLibraryPakFileMountedCallback: PakFile 'C:/Program Files/Epic Games/UE_4.27/FeaturePacks/TP_ThirdPersonBP.upack' (chunk index -1, root 'root:/') mounted
[2025.12.25-23.38.38:853][  0]LogShaderLibrary: Display: ShaderCodeLibraryPakFileMountedCallback: pending pak file info (ChunkID:-1 Root:root:/ File:C:/Program Files/Epic Games/UE_4.27/FeaturePacks/TP_ThirdPersonBP.upack)
[2025.12.25-23.38.38:853][  0]LogPakFile: OnPakFileMounted2Time == 0.000027
[2025.12.25-23.38.38:858][  0]LogPakFile: PakFile PrimaryIndexSize=183
[2025.12.25-23.38.38:858][  0]LogPakFile: PakFile PathHashIndexSize=101
[2025.12.25-23.38.38:858][  0]LogPakFile: PakFile FullDirectoryIndexSize=140
[2025.12.25-23.38.38:858][  0]LogShaderLibrary: Display: ShaderCodeLibraryPakFileMountedCallback: PakFile 'C:/Program Files/Epic Games/UE_4.27/FeaturePacks/TP_TopDown.upack' (chunk index -1, root 'root:/') mounted
[2025.12.25-23.38.38:858][  0]LogShaderLibrary: Display: ShaderCodeLibraryPakFileMountedCallback: pending pak file info (ChunkID:-1 Root:root:/ File:C:/Program Files/Epic Games/UE_4.27/FeaturePacks/TP_TopDown.upack)
[2025.12.25-23.38.38:858][  0]LogPakFile: OnPakFileMounted2Time == 0.000083
[2025.12.25-23.38.38:864][  0]LogPakFile: PakFile PrimaryIndexSize=185
[2025.12.25-23.38.38:864][  0]LogPakFile: PakFile PathHashIndexSize=101
[2025.12.25-23.38.38:864][  0]LogPakFile: PakFile FullDirectoryIndexSize=144
[2025.12.25-23.38.38:864][  0]LogShaderLibrary: Display: ShaderCodeLibraryPakFileMountedCallback: PakFile 'C:/Program Files/Epic Games/UE_4.27/FeaturePacks/TP_TopDownBP.upack' (chunk index -1, root 'root:/') mounted
[2025.12.25-23.38.38:864][  0]LogShaderLibrary: Display: ShaderCodeLibraryPakFileMountedCallback: pending pak file info (ChunkID:-1 Root:root:/ File:C:/Program Files/Epic Games/UE_4.27/FeaturePacks/TP_TopDownBP.upack)
[2025.12.25-23.38.38:864][  0]LogPakFile: OnPakFileMounted2Time == 0.000026
[2025.12.25-23.38.38:871][  0]LogPakFile: PakFile PrimaryIndexSize=185
[2025.12.25-23.38.38:872][  0]LogPakFile: PakFile PathHashIndexSize=101
[2025.12.25-23.38.38:872][  0]LogPakFile: PakFile FullDirectoryIndexSize=144
[2025.12.25-23.38.38:872][  0]LogShaderLibrary: Display: ShaderCodeLibraryPakFileMountedCallback: PakFile 'C:/Program Files/Epic Games/UE_4.27/FeaturePacks/TP_TwinStick.upack' (chunk index -1, root 'root:/') mounted
[2025.12.25-23.38.38:872][  0]LogShaderLibrary: Display: ShaderCodeLibraryPakFileMountedCallback: pending pak file info (ChunkID:-1 Root:root:/ File:C:/Program Files/Epic Games/UE_4.27/FeaturePacks/TP_TwinStick.upack)
[2025.12.25-23.38.38:872][  0]LogPakFile: OnPakFileMounted2Time == 0.000040
[2025.12.25-23.38.38:877][  0]LogPakFile: PakFile PrimaryIndexSize=187
[2025.12.25-23.38.38:877][  0]LogPakFile: PakFile PathHashIndexSize=101
[2025.12.25-23.38.38:877][  0]LogPakFile: PakFile FullDirectoryIndexSize=148
[2025.12.25-23.38.38:877][  0]LogShaderLibrary: Display: ShaderCodeLibraryPakFileMountedCallback: PakFile 'C:/Program Files/Epic Games/UE_4.27/FeaturePacks/TP_TwinStickBP.upack' (chunk index -1, root 'root:/') mounted
[2025.12.25-23.38.38:877][  0]LogShaderLibrary: Display: ShaderCodeLibraryPakFileMountedCallback: pending pak file info (ChunkID:-1 Root:root:/ File:C:/Program Files/Epic Games/UE_4.27/FeaturePacks/TP_TwinStickBP.upack)
[2025.12.25-23.38.38:877][  0]LogPakFile: OnPakFileMounted2Time == 0.000034
[2025.12.25-23.38.38:882][  0]LogPakFile: PakFile PrimaryIndexSize=183
[2025.12.25-23.38.38:882][  0]LogPakFile: PakFile PathHashIndexSize=101
[2025.12.25-23.38.38:882][  0]LogPakFile: PakFile FullDirectoryIndexSize=140
[2025.12.25-23.38.38:882][  0]LogShaderLibrary: Display: ShaderCodeLibraryPakFileMountedCallback: PakFile 'C:/Program Files/Epic Games/UE_4.27/FeaturePacks/TP_Vehicle.upack' (chunk index -1, root 'root:/') mounted
[2025.12.25-23.38.38:882][  0]LogShaderLibrary: Display: ShaderCodeLibraryPakFileMountedCallback: pending pak file info (ChunkID:-1 Root:root:/ File:C:/Program Files/Epic Games/UE_4.27/FeaturePacks/TP_Vehicle.upack)
[2025.12.25-23.38.38:882][  0]LogPakFile: OnPakFileMounted2Time == 0.000029
[2025.12.25-23.38.38:887][  0]LogPakFile: PakFile PrimaryIndexSize=186
[2025.12.25-23.38.38:887][  0]LogPakFile: PakFile PathHashIndexSize=101
[2025.12.25-23.38.38:887][  0]LogPakFile: PakFile FullDirectoryIndexSize=146
[2025.12.25-23.38.38:887][  0]LogShaderLibrary: Display: ShaderCodeLibraryPakFileMountedCallback: PakFile 'C:/Program Files/Epic Games/UE_4.27/FeaturePacks/TP_VehicleAdv.upack' (chunk index -1, root 'root:/') mounted
[2025.12.25-23.38.38:887][  0]LogShaderLibrary: Display: ShaderCodeLibraryPakFileMountedCallback: pending pak file info (ChunkID:-1 Root:root:/ File:C:/Program Files/Epic Games/UE_4.27/FeaturePacks/TP_VehicleAdv.upack)
[2025.12.25-23.38.38:887][  0]LogPakFile: OnPakFileMounted2Time == 0.000034
[2025.12.25-23.38.38:891][  0]LogPakFile: PakFile PrimaryIndexSize=188
[2025.12.25-23.38.38:891][  0]LogPakFile: PakFile PathHashIndexSize=101
[2025.12.25-23.38.38:891][  0]LogPakFile: PakFile FullDirectoryIndexSize=150
[2025.12.25-23.38.38:891][  0]LogShaderLibrary: Display: ShaderCodeLibraryPakFileMountedCallback: PakFile 'C:/Program Files/Epic Games/UE_4.27/FeaturePacks/TP_VehicleAdvBP.upack' (chunk index -1, root 'root:/') mounted
[2025.12.25-23.38.38:891][  0]LogShaderLibrary: Display: ShaderCodeLibraryPakFileMountedCallback: pending pak file info (ChunkID:-1 Root:root:/ File:C:/Program Files/Epic Games/UE_4.27/FeaturePacks/TP_VehicleAdvBP.upack)
[2025.12.25-23.38.38:891][  0]LogPakFile: OnPakFileMounted2Time == 0.000036
[2025.12.25-23.38.38:897][  0]LogPakFile: PakFile PrimaryIndexSize=185
[2025.12.25-23.38.38:897][  0]LogPakFile: PakFile PathHashIndexSize=101
[2025.12.25-23.38.38:897][  0]LogPakFile: PakFile FullDirectoryIndexSize=144
[2025.12.25-23.38.38:897][  0]LogShaderLibrary: Display: ShaderCodeLibraryPakFileMountedCallback: PakFile 'C:/Program Files/Epic Games/UE_4.27/FeaturePacks/TP_VehicleBP.upack' (chunk index -1, root 'root:/') mounted
[2025.12.25-23.38.38:897][  0]LogShaderLibrary: Display: ShaderCodeLibraryPakFileMountedCallback: pending pak file info (ChunkID:-1 Root:root:/ File:C:/Program Files/Epic Games/UE_4.27/FeaturePacks/TP_VehicleBP.upack)
[2025.12.25-23.38.38:897][  0]LogPakFile: OnPakFileMounted2Time == 0.000033
[2025.12.25-23.38.38:902][  0]LogPakFile: PakFile PrimaryIndexSize=192
[2025.12.25-23.38.38:902][  0]LogPakFile: PakFile PathHashIndexSize=101
[2025.12.25-23.38.38:902][  0]LogPakFile: PakFile FullDirectoryIndexSize=158
[2025.12.25-23.38.38:902][  0]LogShaderLibrary: Display: ShaderCodeLibraryPakFileMountedCallback: PakFile 'C:/Program Files/Epic Games/UE_4.27/FeaturePacks/TP_VirtualRealityBP.upack' (chunk index -1, root 'root:/') mounted
[2025.12.25-23.38.38:902][  0]LogShaderLibrary: Display: ShaderCodeLibraryPakFileMountedCallback: pending pak file info (ChunkID:-1 Root:root:/ File:C:/Program Files/Epic Games/UE_4.27/FeaturePacks/TP_VirtualRealityBP.upack)
[2025.12.25-23.38.38:902][  0]LogPakFile: OnPakFileMounted2Time == 0.000027
[2025.12.25-23.38.39:057][  0]LogNativeClassHierarchy: Verbose: Native class hierarchy updated for 'AddContentDialog' in 0.0002 seconds. Added 0 classes and 0 folders.
[2025.12.25-23.38.39:060][  0]LogNativeClassHierarchy: Verbose: Native class hierarchy updated for 'SceneOutliner' in 0.0002 seconds. Added 2 classes and 0 folders.
[2025.12.25-23.38.39:170][  0]LogSlate: Took 0.006524 seconds to synchronously load lazily loaded font '../../../Engine/Content/Slate/Fonts/Roboto-Regular.ttf' (155K)
[2025.12.25-23.38.39:176][  0]LogSlate: Took 0.005641 seconds to synchronously load lazily loaded font '../../../Engine/Content/Editor/Slate/Fonts/FontAwesome.ttf' (139K)
[2025.12.25-23.38.39:181][  0]LogSlate: Took 0.004780 seconds to synchronously load lazily loaded font '../../../Engine/Content/Slate/Fonts/Roboto-Bold.ttf' (160K)
[2025.12.25-23.38.39:315][  0]LogRenderer: Reallocating scene render targets to support 1208x568 Format 10 NumSamples 1 (Frame:1).
[2025.12.25-23.38.39:406][  0]LogNativeClassHierarchy: Verbose: Native class hierarchy updated for 'HierarchicalLODOutliner' in 0.0002 seconds. Added 0 classes and 0 folders.
[2025.12.25-23.38.39:406][  0]LogInput: Warning: Action Jump uses invalid key OculusGo_Left_Trigger_Click.
[2025.12.25-23.38.39:406][  0]LogInput: Warning: Action ResetVR uses invalid key OculusGo_Left_Trackpad_Click.
[2025.12.25-23.38.39:406][  0]LogInput: Warning: Use -RemoveInvalidKeys to remove instances of these keys from the action mapping.
[2025.12.25-23.38.39:406][  0]LogLoad: (Engine Initialization) Total time: 18.41 seconds
[2025.12.25-23.38.39:406][  0]LogLoad: (Engine Initialization) Total Blueprint compile time: 0.00 seconds
[2025.12.25-23.38.39:454][  0]LogAssetRegistry: Asset discovery search completed in 7.6473 seconds
[2025.12.25-23.38.39:490][  0]LogCollectionManager: Fixed up redirectors for 0 collections in 0.000111 seconds (updated 0 objects)
[2025.12.25-23.38.39:498][  0]LogContentStreaming: Texture pool size now 1000 MB
[2025.12.25-23.38.40:116][  2]LogSlate: Took 0.006793 seconds to synchronously load lazily loaded font '../../../Engine/Content/Slate/Fonts/Roboto-Light.ttf' (167K)
[2025.12.25-23.38.40:780][  4]LogSlate: Took 0.000190 seconds to synchronously load lazily loaded font '../../../Engine/Content/Slate/Fonts/Roboto-Light.ttf' (167K)
[2025.12.25-23.41.29:419][629]LogUObjectHash: Compacting FUObjectHashTables data took   0.44ms
[2025.12.25-23.41.29:439][629]LogSavePackage: Moving '../../../../../../UEProject/UnrealLearn/MyProject/Saved/ThirdPersonExampleMapFBD0B7144705B7FD8CD9D995346BDFC8.tmp' to '../../../../../../UEProject/UnrealLearn/MyProject/Content/ThirdPersonBP/Maps/ThirdPersonExampleMap.umap'
[2025.12.25-23.41.29:502][629]LogSavePackage: Moving '../../../../../../UEProject/UnrealLearn/MyProject/Saved/ThirdPersonExampleMap_BuiltDataCC6BC8914CF65E00B082EF8A545BED93.tmp' to '../../../../../../UEProject/UnrealLearn/MyProject/Content/ThirdPersonBP/Maps/ThirdPersonExampleMap_BuiltData.uasset'
[2025.12.25-23.41.29:511][629]AssetCheck: New page: Asset Save: multiple assets
[2025.12.25-23.41.29:511][629]LogContentValidation: Display: Validating MapBuildDataRegistry /Game/ThirdPersonBP/Maps/ThirdPersonExampleMap_BuiltData.ThirdPersonExampleMap_BuiltData
[2025.12.25-23.41.29:511][629]LogContentValidation: Display: Validating World /Game/ThirdPersonBP/Maps/ThirdPersonExampleMap.ThirdPersonExampleMap
[2025.12.25-23.49.43:190][586]LogUObjectHash: Compacting FUObjectHashTables data took   0.47ms
[2025.12.25-23.49.43:199][586]LogSavePackage: Moving '../../../../../../UEProject/UnrealLearn/MyProject/Saved/ThirdPersonExampleMapB7A1D6B8420CFCA28B9FADB9E0F26DB1.tmp' to '../../../../../../UEProject/UnrealLearn/MyProject/Content/ThirdPersonBP/Maps/ThirdPersonExampleMap.umap'
[2025.12.25-23.49.43:228][586]LogSavePackage: Moving '../../../../../../UEProject/UnrealLearn/MyProject/Saved/ThirdPersonExampleMap_BuiltData4751D60F458888446AE0568886447CDD.tmp' to '../../../../../../UEProject/UnrealLearn/MyProject/Content/ThirdPersonBP/Maps/ThirdPersonExampleMap_BuiltData.uasset'
[2025.12.25-23.49.43:237][586]AssetCheck: New page: Asset Save: multiple assets
[2025.12.25-23.49.43:237][586]LogContentValidation: Display: Validating MapBuildDataRegistry /Game/ThirdPersonBP/Maps/ThirdPersonExampleMap_BuiltData.ThirdPersonExampleMap_BuiltData
[2025.12.25-23.49.43:237][586]LogContentValidation: Display: Validating World /Game/ThirdPersonBP/Maps/ThirdPersonExampleMap.ThirdPersonExampleMap
[2025.12.26-00.05.07:479][183]LogUdpMessaging: Warning: UDP messaging encountered an error. Auto repair routine started for reinitialization
[2025.12.26-00.05.09:293][189]FUdpSocketBuilder: Failed to subscribe UdpMessageMulticastSocket to multicast group 230.0.0.1 on interface 0.0.0.0
[2025.12.26-00.05.09:294][189]FUdpSocketBuilder: Failed to create and initialize socket UdpMessageMulticastSocket (last error: 0)
[2025.12.26-00.05.09:294][189]LogUdpMessaging: Warning: StartTransport failed to create multicast socket on 0.0.0.0:0, joined to 230.0.0.1:6666 with TTL 1
[2025.12.26-00.05.09:497][189]LogUdpMessaging: Warning: UDP messaging encountered an error. Auto repair routine started for reinitialization
[2025.12.26-01.22.19:991][970]LogAudioMixer: Warning: Changing default audio render device to new device: {0.0.0.00000000}.{5e2b3661-3924-40f5-8413-c9ad5b89d2bc}.
[2025.12.26-01.22.19:991][970]LogAudioMixer: Resetting audio stream to device id 
[2025.12.26-01.22.19:998][970]LogAudioMixer: Display: 0: FrontLeft
[2025.12.26-01.22.19:998][970]LogAudioMixer: Display: 1: FrontRight
[2025.12.26-01.44.54:103][ 13]LogAudioMixer: Warning: Changing default audio render device to new device: {0.0.0.00000000}.{77824054-850c-4d16-9c55-f0b3a534b379}.
[2025.12.26-01.44.54:103][ 13]LogAudioMixer: Resetting audio stream to device id 
[2025.12.26-01.44.54:108][ 13]LogAudioMixer: Display: 0: FrontLeft
[2025.12.26-01.44.54:108][ 13]LogAudioMixer: Display: 1: FrontRight
[2025.12.26-01.47.43:175][774]LogUObjectHash: Compacting FUObjectHashTables data took   2.13ms
[2025.12.26-01.47.43:194][774]LogSavePackage: Moving '../../../../../../UEProject/UnrealLearn/MyProject/Saved/ThirdPersonExampleMap7536E5C241A6E300EBE4D08732A8F6EE.tmp' to '../../../../../../UEProject/UnrealLearn/MyProject/Content/ThirdPersonBP/Maps/ThirdPersonExampleMap.umap'
[2025.12.26-01.47.43:241][774]LogSavePackage: Moving '../../../../../../UEProject/UnrealLearn/MyProject/Saved/ThirdPersonExampleMap_BuiltDataB0F196E642120C86BC44D2B4CFC32515.tmp' to '../../../../../../UEProject/UnrealLearn/MyProject/Content/ThirdPersonBP/Maps/ThirdPersonExampleMap_BuiltData.uasset'
[2025.12.26-01.47.43:252][774]AssetCheck: New page: Asset Save: multiple assets
[2025.12.26-01.47.43:252][774]LogContentValidation: Display: Validating MapBuildDataRegistry /Game/ThirdPersonBP/Maps/ThirdPersonExampleMap_BuiltData.ThirdPersonExampleMap_BuiltData
[2025.12.26-01.47.43:252][774]LogContentValidation: Display: Validating World /Game/ThirdPersonBP/Maps/ThirdPersonExampleMap.ThirdPersonExampleMap
[2025.12.26-01.53.00:838][615]LogUdpMessaging: Warning: UDP messaging encountered an error. Auto repair routine started for reinitialization
[2025.12.26-01.53.02:721][621]FUdpSocketBuilder: Failed to subscribe UdpMessageMulticastSocket to multicast group 230.0.0.1 on interface 0.0.0.0
[2025.12.26-01.53.02:721][621]FUdpSocketBuilder: Failed to create and initialize socket UdpMessageMulticastSocket (last error: 0)
[2025.12.26-01.53.02:721][621]LogUdpMessaging: Warning: StartTransport failed to create multicast socket on 0.0.0.0:0, joined to 230.0.0.1:6666 with TTL 1
[2025.12.26-01.53.02:856][621]LogUdpMessaging: Warning: UDP messaging encountered an error. Auto repair routine started for reinitialization
[2025.12.26-03.54.29:592][384]LogUdpMessaging: Warning: UDP messaging encountered an error. Auto repair routine started for reinitialization
[2025.12.26-03.54.31:403][390]FUdpSocketBuilder: Failed to subscribe UdpMessageMulticastSocket to multicast group 230.0.0.1 on interface 0.0.0.0
[2025.12.26-03.54.31:403][390]FUdpSocketBuilder: Failed to create and initialize socket UdpMessageMulticastSocket (last error: 0)
[2025.12.26-03.54.31:404][390]LogUdpMessaging: Warning: StartTransport failed to create multicast socket on 0.0.0.0:0, joined to 230.0.0.1:6666 with TTL 1
[2025.12.26-03.54.31:611][390]LogUdpMessaging: Warning: UDP messaging encountered an error. Auto repair routine started for reinitialization
[2025.12.26-03.54.33:419][396]FUdpSocketBuilder: Failed to subscribe UdpMessageMulticastSocket to multicast group 230.0.0.1 on interface 0.0.0.0
[2025.12.26-03.54.33:420][396]FUdpSocketBuilder: Failed to create and initialize socket UdpMessageMulticastSocket (last error: 0)
[2025.12.26-03.54.33:420][396]LogUdpMessaging: Warning: StartTransport failed to create multicast socket on 0.0.0.0:0, joined to 230.0.0.1:6666 with TTL 1
[2025.12.26-03.54.33:622][396]LogUdpMessaging: Warning: UDP messaging encountered an error. Auto repair routine started for reinitialization
[2025.12.26-06.22.23:837][ 67]LogEditorViewport: Clicking on Actor (context menu): StaticMeshActor (Wall9)
[2025.12.26-07.00.16:525][237]LogUdpMessaging: Warning: UDP messaging encountered an error. Auto repair routine started for reinitialization
[2025.12.26-07.00.18:393][243]FUdpSocketBuilder: Failed to subscribe UdpMessageMulticastSocket to multicast group 230.0.0.1 on interface 0.0.0.0
[2025.12.26-07.00.18:393][243]FUdpSocketBuilder: Failed to create and initialize socket UdpMessageMulticastSocket (last error: 0)
[2025.12.26-07.00.18:393][243]LogUdpMessaging: Warning: StartTransport failed to create multicast socket on 0.0.0.0:0, joined to 230.0.0.1:6666 with TTL 1
[2025.12.26-07.00.18:538][243]LogUdpMessaging: Warning: UDP messaging encountered an error. Auto repair routine started for reinitialization
[2025.12.26-07.00.20:410][249]FUdpSocketBuilder: Failed to subscribe UdpMessageMulticastSocket to multicast group 230.0.0.1 on interface 0.0.0.0
[2025.12.26-07.00.20:410][249]FUdpSocketBuilder: Failed to create and initialize socket UdpMessageMulticastSocket (last error: 0)
[2025.12.26-07.00.20:411][249]LogUdpMessaging: Warning: StartTransport failed to create multicast socket on 0.0.0.0:0, joined to 230.0.0.1:6666 with TTL 1
[2025.12.26-07.00.20:556][249]LogUdpMessaging: Warning: UDP messaging encountered an error. Auto repair routine started for reinitialization
